Component: ARM Compiler 5.06 update 7 (build 960) Tool: armlink [4d3601]

==============================================================================

Image Symbol Table

    Local Symbols

    Symbol Name                              Value     Ov Type        Size  Object(Section)

    ../clib/microlib/division.c              0x00000000   Number         0  uidiv.o ABSOLUTE
    ../clib/microlib/division.c              0x00000000   Number         0  uldiv.o ABSOLUTE
    ../clib/microlib/init/entry.s            0x00000000   Number         0  entry12b.o ABSOLUTE
    ../clib/microlib/init/entry.s            0x00000000   Number         0  entry7a.o ABSOLUTE
    ../clib/microlib/init/entry.s            0x00000000   Number         0  entry10a.o ABSOLUTE
    ../clib/microlib/init/entry.s            0x00000000   Number         0  entry9b.o ABSOLUTE
    ../clib/microlib/init/entry.s            0x00000000   Number         0  entry7b.o ABSOLUTE
    ../clib/microlib/init/entry.s            0x00000000   Number         0  entry9a.o ABSOLUTE
    ../clib/microlib/init/entry.s            0x00000000   Number         0  entry.o ABSOLUTE
    ../clib/microlib/init/entry.s            0x00000000   Number         0  entry2.o ABSOLUTE
    ../clib/microlib/init/entry.s            0x00000000   Number         0  entry5.o ABSOLUTE
    ../clib/microlib/init/entry.s            0x00000000   Number         0  entry10b.o ABSOLUTE
    ../clib/microlib/init/entry.s            0x00000000   Number         0  entry12a.o ABSOLUTE
    ../clib/microlib/init/entry.s            0x00000000   Number         0  entry8a.o ABSOLUTE
    ../clib/microlib/init/entry.s            0x00000000   Number         0  entry11b.o ABSOLUTE
    ../clib/microlib/init/entry.s            0x00000000   Number         0  entry8b.o ABSOLUTE
    ../clib/microlib/init/entry.s            0x00000000   Number         0  entry11a.o ABSOLUTE
    ../clib/microlib/longlong.c              0x00000000   Number         0  llsshr.o ABSOLUTE
    ../clib/microlib/longlong.c              0x00000000   Number         0  llshl.o ABSOLUTE
    ../clib/microlib/longlong.c              0x00000000   Number         0  llushr.o ABSOLUTE
    ../clib/microlib/printf/printf.c         0x00000000   Number         0  printfb.o ABSOLUTE
    ../clib/microlib/printf/printf.c         0x00000000   Number         0  printf0.o ABSOLUTE
    ../clib/microlib/printf/printf.c         0x00000000   Number         0  printf1.o ABSOLUTE
    ../clib/microlib/printf/printf.c         0x00000000   Number         0  printf2.o ABSOLUTE
    ../clib/microlib/printf/printf.c         0x00000000   Number         0  printf3.o ABSOLUTE
    ../clib/microlib/printf/printf.c         0x00000000   Number         0  printf8.o ABSOLUTE
    ../clib/microlib/printf/printf.c         0x00000000   Number         0  printfa.o ABSOLUTE
    ../clib/microlib/printf/printf.c         0x00000000   Number         0  printf4.o ABSOLUTE
    ../clib/microlib/printf/printf.c         0x00000000   Number         0  printf5.o ABSOLUTE
    ../clib/microlib/printf/printf.c         0x00000000   Number         0  printf6.o ABSOLUTE
    ../clib/microlib/printf/printf.c         0x00000000   Number         0  printf7.o ABSOLUTE
    ../clib/microlib/printf/stubs.s          0x00000000   Number         0  stubs.o ABSOLUTE
    ../clib/microlib/stdio/streams.c         0x00000000   Number         0  stdout.o ABSOLUTE
    ../clib/microlib/string/memcpy.c         0x00000000   Number         0  memcpyb.o ABSOLUTE
    ../clib/microlib/string/memcpy.c         0x00000000   Number         0  memcpya.o ABSOLUTE
    ../clib/microlib/stubs.s                 0x00000000   Number         0  iusefp.o ABSOLUTE
    ../fplib/microlib/fpadd.c                0x00000000   Number         0  dadd.o ABSOLUTE
    ../fplib/microlib/fpdiv.c                0x00000000   Number         0  ddiv.o ABSOLUTE
    ../fplib/microlib/fpepilogue.c           0x00000000   Number         0  depilogue.o ABSOLUTE
    ../fplib/microlib/fpfix.c                0x00000000   Number         0  dfixui.o ABSOLUTE
    ../fplib/microlib/fpfix.c                0x00000000   Number         0  dfixul.o ABSOLUTE
    ../fplib/microlib/fpflt.c                0x00000000   Number         0  dfltul.o ABSOLUTE
    ../fplib/microlib/fpflt.c                0x00000000   Number         0  dfltui.o ABSOLUTE
    ../fplib/microlib/fpmul.c                0x00000000   Number         0  dmul.o ABSOLUTE
    ../mathlib/floor.c                       0x00000000   Number         0  floor.o ABSOLUTE
    ..\..\..\..\..\..\firmware\CMSIS\device\startup\startup_n32h47x_48x.s 0x00000000   Number         0  startup_n32h47x_48x.o ABSOLUTE
    ..\..\..\..\..\..\firmware\CMSIS\device\system_n32h47x_48x.c 0x00000000   Number         0  system_n32h47x_48x.o ABSOLUTE
    ..\..\..\..\..\..\firmware\n32h47x_48x_std_periph_driver\src\misc.c 0x00000000   Number         0  misc.o ABSOLUTE
    ..\..\..\..\..\..\firmware\n32h47x_48x_std_periph_driver\src\n32h47x_48x_exti.c 0x00000000   Number         0  n32h47x_48x_exti.o ABSOLUTE
    ..\..\..\..\..\..\firmware\n32h47x_48x_std_periph_driver\src\n32h47x_48x_fdcan.c 0x00000000   Number         0  n32h47x_48x_fdcan.o ABSOLUTE
    ..\..\..\..\..\..\firmware\n32h47x_48x_std_periph_driver\src\n32h47x_48x_gpio.c 0x00000000   Number         0  n32h47x_48x_gpio.o ABSOLUTE
    ..\..\..\..\..\..\firmware\n32h47x_48x_std_periph_driver\src\n32h47x_48x_rcc.c 0x00000000   Number         0  n32h47x_48x_rcc.o ABSOLUTE
    ..\..\..\..\..\..\firmware\n32h47x_48x_std_periph_driver\src\n32h47x_48x_usart.c 0x00000000   Number         0  n32h47x_48x_usart.o ABSOLUTE
    ..\..\..\..\bsp\src\log.c                0x00000000   Number         0  log.o ABSOLUTE
    ..\\..\\..\\..\\..\\..\\firmware\\CMSIS\\device\\system_n32h47x_48x.c 0x00000000   Number         0  system_n32h47x_48x.o ABSOLUTE
    ..\\..\\..\\..\\..\\..\\firmware\\n32h47x_48x_std_periph_driver\\src\\misc.c 0x00000000   Number         0  misc.o ABSOLUTE
    ..\\..\\..\\..\\..\\..\\firmware\\n32h47x_48x_std_periph_driver\\src\\n32h47x_48x_exti.c 0x00000000   Number         0  n32h47x_48x_exti.o ABSOLUTE
    ..\\..\\..\\..\\..\\..\\firmware\\n32h47x_48x_std_periph_driver\\src\\n32h47x_48x_fdcan.c 0x00000000   Number         0  n32h47x_48x_fdcan.o ABSOLUTE
    ..\\..\\..\\..\\..\\..\\firmware\\n32h47x_48x_std_periph_driver\\src\\n32h47x_48x_gpio.c 0x00000000   Number         0  n32h47x_48x_gpio.o ABSOLUTE
    ..\\..\\..\\..\\..\\..\\firmware\\n32h47x_48x_std_periph_driver\\src\\n32h47x_48x_rcc.c 0x00000000   Number         0  n32h47x_48x_rcc.o ABSOLUTE
    ..\\..\\..\\..\\..\\..\\firmware\\n32h47x_48x_std_periph_driver\\src\\n32h47x_48x_usart.c 0x00000000   Number         0  n32h47x_48x_usart.o ABSOLUTE
    ..\\..\\..\\..\\bsp\\src\\log.c          0x00000000   Number         0  log.o ABSOLUTE
    ..\\src\\main.c                          0x00000000   Number         0  main.o ABSOLUTE
    ..\\src\\n32h47x_48x_it.c                0x00000000   Number         0  n32h47x_48x_it.o ABSOLUTE
    ..\src\main.c                            0x00000000   Number         0  main.o ABSOLUTE
    ..\src\n32h47x_48x_it.c                  0x00000000   Number         0  n32h47x_48x_it.o ABSOLUTE
    cdrcmple.s                               0x00000000   Number         0  cdrcmple.o ABSOLUTE
    dc.s                                     0x00000000   Number         0  dc.o ABSOLUTE
    handlers.s                               0x00000000   Number         0  handlers.o ABSOLUTE
    init.s                                   0x00000000   Number         0  init.o ABSOLUTE
    RESET                                    0x08000000   Section      536  startup_n32h47x_48x.o(RESET)
    .ARM.Collect$$$$00000000                 0x08000218   Section        0  entry.o(.ARM.Collect$$$$00000000)
    .ARM.Collect$$$$00000001                 0x08000218   Section        4  entry2.o(.ARM.Collect$$$$00000001)
    .ARM.Collect$$$$00000004                 0x0800021c   Section        4  entry5.o(.ARM.Collect$$$$00000004)
    .ARM.Collect$$$$00000008                 0x08000220   Section        0  entry7b.o(.ARM.Collect$$$$00000008)
    .ARM.Collect$$$$0000000A                 0x08000220   Section        0  entry8b.o(.ARM.Collect$$$$0000000A)
    .ARM.Collect$$$$0000000B                 0x08000220   Section        8  entry9a.o(.ARM.Collect$$$$0000000B)
    .ARM.Collect$$$$0000000E                 0x08000228   Section        4  entry12b.o(.ARM.Collect$$$$0000000E)
    .ARM.Collect$$$$0000000F                 0x0800022c   Section        0  entry10a.o(.ARM.Collect$$$$0000000F)
    .ARM.Collect$$$$00000011                 0x0800022c   Section        0  entry11a.o(.ARM.Collect$$$$00000011)
    .ARM.Collect$$$$00002712                 0x0800022c   Section        4  entry2.o(.ARM.Collect$$$$00002712)
    __lit__00000000                          0x0800022c   Data           4  entry2.o(.ARM.Collect$$$$00002712)
    .text                                    0x08000230   Section       36  startup_n32h47x_48x.o(.text)
    $v0                                      0x08000230   Number         0  startup_n32h47x_48x.o(.text)
    .text                                    0x08000254   Section        0  uldiv.o(.text)
    .text                                    0x080002b6   Section        0  memcpya.o(.text)
    .text                                    0x080002da   Section        0  llshl.o(.text)
    .text                                    0x080002f8   Section        0  llushr.o(.text)
    .text                                    0x08000318   Section       36  init.o(.text)
    i.BusFault_Handler                       0x0800033c   Section        0  n32h47x_48x_it.o(i.BusFault_Handler)
    i.DebugMon_Handler                       0x08000340   Section        0  n32h47x_48x_it.o(i.DebugMon_Handler)
    i.Delay                                  0x08000342   Section        0  main.o(i.Delay)
    i.EXTI1_IRQHandler                       0x08000350   Section        0  n32h47x_48x_it.o(i.EXTI1_IRQHandler)
    i.EXTI_ClrITPendBit                      0x0800036c   Section        0  n32h47x_48x_exti.o(i.EXTI_ClrITPendBit)
    i.EXTI_GetITStatus                       0x08000378   Section        0  n32h47x_48x_exti.o(i.EXTI_GetITStatus)
    i.EXTI_InitPeripheral                    0x080003a0   Section        0  n32h47x_48x_exti.o(i.EXTI_InitPeripheral)
    i.FDCAN1_INT1_IRQHandler                 0x08000438   Section        0  n32h47x_48x_it.o(i.FDCAN1_INT1_IRQHandler)
    i.FDCAN2_INT1_IRQHandler                 0x08000460   Section        0  n32h47x_48x_it.o(i.FDCAN2_INT1_IRQHandler)
    i.FDCAN_ActivateInt                      0x08000484   Section        0  n32h47x_48x_fdcan.o(i.FDCAN_ActivateInt)
    i.FDCAN_AddMsgToTxBuffer                 0x080004ec   Section        0  n32h47x_48x_fdcan.o(i.FDCAN_AddMsgToTxBuffer)
    i.FDCAN_ClearFlag                        0x08000534   Section        0  n32h47x_48x_fdcan.o(i.FDCAN_ClearFlag)
    i.FDCAN_ConfigFifoWatermark              0x08000538   Section        0  n32h47x_48x_fdcan.o(i.FDCAN_ConfigFifoWatermark)
    i.FDCAN_ConfigFilter                     0x08000570   Section        0  n32h47x_48x_fdcan.o(i.FDCAN_ConfigFilter)
    i.FDCAN_ConfigGlobalFilter               0x080005f4   Section        0  n32h47x_48x_fdcan.o(i.FDCAN_ConfigGlobalFilter)
    i.FDCAN_ConfigIntLine                    0x08000606   Section        0  n32h47x_48x_fdcan.o(i.FDCAN_ConfigIntLine)
    i.FDCAN_ConfigTSPrescaler                0x0800061a   Section        0  n32h47x_48x_fdcan.o(i.FDCAN_ConfigTSPrescaler)
    i.FDCAN_Config_TS                        0x08000626   Section        0  n32h47x_48x_fdcan.o(i.FDCAN_Config_TS)
    i.FDCAN_CopyMsgToRAM                     0x08000634   Section        0  n32h47x_48x_fdcan.o(i.FDCAN_CopyMsgToRAM)
    FDCAN_CopyMsgToRAM                       0x08000635   Thumb Code   194  n32h47x_48x_fdcan.o(i.FDCAN_CopyMsgToRAM)
    i.FDCAN_EnableInt                        0x08000704   Section        0  n32h47x_48x_fdcan.o(i.FDCAN_EnableInt)
    i.FDCAN_EnableTxBufferRequest            0x0800070c   Section        0  n32h47x_48x_fdcan.o(i.FDCAN_EnableTxBufferRequest)
    i.FDCAN_GetIntFlag                       0x08000712   Section        0  n32h47x_48x_fdcan.o(i.FDCAN_GetIntFlag)
    i.FDCAN_GetRxFifoFillLevel               0x08000730   Section        0  n32h47x_48x_fdcan.o(i.FDCAN_GetRxFifoFillLevel)
    i.FDCAN_GetRxMsg                         0x0800074c   Section        0  n32h47x_48x_fdcan.o(i.FDCAN_GetRxMsg)
    i.FDCAN_Init                             0x08000900   Section        0  n32h47x_48x_fdcan.o(i.FDCAN_Init)
    i.FDCAN_InitMsgRam                       0x08000a88   Section        0  n32h47x_48x_fdcan.o(i.FDCAN_InitMsgRam)
    FDCAN_InitMsgRam                         0x08000a89   Thumb Code   358  n32h47x_48x_fdcan.o(i.FDCAN_InitMsgRam)
    i.FDCAN_Start                            0x08000c08   Section        0  n32h47x_48x_fdcan.o(i.FDCAN_Start)
    i.FDCAN_clock_src_config                 0x08000c12   Section        0  main.o(i.FDCAN_clock_src_config)
    i.GPIO_ConfigEXTILine                    0x08000c24   Section        0  n32h47x_48x_gpio.o(i.GPIO_ConfigEXTILine)
    i.GPIO_InitPeripheral                    0x08000c50   Section        0  n32h47x_48x_gpio.o(i.GPIO_InitPeripheral)
    i.GPIO_InitStruct                        0x08000cf0   Section        0  n32h47x_48x_gpio.o(i.GPIO_InitStruct)
    i.GPIO_ResetBits                         0x08000d02   Section        0  n32h47x_48x_gpio.o(i.GPIO_ResetBits)
    i.GPIO_SetBits                           0x08000d06   Section        0  n32h47x_48x_gpio.o(i.GPIO_SetBits)
    i.HardFault_Handler                      0x08000d0a   Section        0  n32h47x_48x_it.o(i.HardFault_Handler)
    i.Key_Int_Init                           0x08000d10   Section        0  main.o(i.Key_Int_Init)
    i.LED_Init                               0x08000d84   Section        0  main.o(i.LED_Init)
    i.LED_Off                                0x08000db6   Section        0  main.o(i.LED_Off)
    i.LED_On                                 0x08000dc6   Section        0  main.o(i.LED_On)
    i.MemManage_Handler                      0x08000dd6   Section        0  n32h47x_48x_it.o(i.MemManage_Handler)
    i.NMI_Handler                            0x08000dda   Section        0  n32h47x_48x_it.o(i.NMI_Handler)
    i.NVIC_Init                              0x08000ddc   Section        0  misc.o(i.NVIC_Init)
    i.Node1_Config                           0x08000e4c   Section        0  main.o(i.Node1_Config)
    i.Node1_port_config                      0x08000fec   Section        0  main.o(i.Node1_port_config)
    i.Node2_Config                           0x0800103c   Section        0  main.o(i.Node2_Config)
    i.Node2_port_config                      0x080011b0   Section        0  main.o(i.Node2_port_config)
    i.RCC_ConfigFDCANClksrc                  0x08001200   Section        0  n32h47x_48x_rcc.o(i.RCC_ConfigFDCANClksrc)
    i.RCC_ConfigFDCANPllClk                  0x08001214   Section        0  n32h47x_48x_rcc.o(i.RCC_ConfigFDCANPllClk)
    i.RCC_EnableAHB1PeriphClk                0x08001228   Section        0  n32h47x_48x_rcc.o(i.RCC_EnableAHB1PeriphClk)
    i.RCC_EnableAPB1PeriphClk                0x08001248   Section        0  n32h47x_48x_rcc.o(i.RCC_EnableAPB1PeriphClk)
    i.RCC_EnableAPB1PeriphReset              0x08001268   Section        0  n32h47x_48x_rcc.o(i.RCC_EnableAPB1PeriphReset)
    i.RCC_EnableAPB2PeriphClk                0x08001280   Section        0  n32h47x_48x_rcc.o(i.RCC_EnableAPB2PeriphClk)
    i.RCC_GetClocksFreqValue                 0x080012a0   Section        0  n32h47x_48x_rcc.o(i.RCC_GetClocksFreqValue)
    i.SVC_Handler                            0x080014bc   Section        0  n32h47x_48x_it.o(i.SVC_Handler)
    i.SetStartupVolt                         0x080014c0   Section        0  system_n32h47x_48x.o(i.SetStartupVolt)
    SetStartupVolt                           0x080014c1   Thumb Code   150  system_n32h47x_48x.o(i.SetStartupVolt)
    i.SetSysClock                            0x08001568   Section        0  system_n32h47x_48x.o(i.SetSysClock)
    SetSysClock                              0x08001569   Thumb Code   182  system_n32h47x_48x.o(i.SetSysClock)
    i.SysTick_Handler                        0x08001638   Section        0  n32h47x_48x_it.o(i.SysTick_Handler)
    i.SystemInit                             0x0800163c   Section        0  system_n32h47x_48x.o(i.SystemInit)
    i.USART_Enable                           0x08001708   Section        0  n32h47x_48x_usart.o(i.USART_Enable)
    i.USART_GetFlagStatus                    0x0800171e   Section        0  n32h47x_48x_usart.o(i.USART_GetFlagStatus)
    i.USART_Init                             0x08001730   Section        0  n32h47x_48x_usart.o(i.USART_Init)
    i.USART_SendData                         0x08001828   Section        0  n32h47x_48x_usart.o(i.USART_SendData)
    i.UsageFault_Handler                     0x08001830   Section        0  n32h47x_48x_it.o(i.UsageFault_Handler)
    i.__0printf$8                            0x08001834   Section        0  printf8.o(i.__0printf$8)
    i.__scatterload_copy                     0x08001854   Section       14  handlers.o(i.__scatterload_copy)
    i.__scatterload_null                     0x08001862   Section        2  handlers.o(i.__scatterload_null)
    i.__scatterload_zeroinit                 0x08001864   Section       14  handlers.o(i.__scatterload_zeroinit)
    i._printf_core                           0x08001874   Section        0  printf8.o(i._printf_core)
    _printf_core                             0x08001875   Thumb Code   984  printf8.o(i._printf_core)
    i._printf_post_padding                   0x08001c78   Section        0  printf8.o(i._printf_post_padding)
    _printf_post_padding                     0x08001c79   Thumb Code    36  printf8.o(i._printf_post_padding)
    i._printf_pre_padding                    0x08001c9c   Section        0  printf8.o(i._printf_pre_padding)
    _printf_pre_padding                      0x08001c9d   Thumb Code    46  printf8.o(i._printf_pre_padding)
    i.buf_clear                              0x08001cca   Section        0  main.o(i.buf_clear)
    i.fputc                                  0x08001cdc   Section        0  log.o(i.fputc)
    i.log_init                               0x08001d44   Section        0  log.o(i.log_init)
    i.main                                   0x08001dc0   Section        0  main.o(i.main)
    .constdata                               0x08001f90   Section       16  n32h47x_48x_rcc.o(.constdata)
    .constdata                               0x08001fa0   Section       16  n32h47x_48x_fdcan.o(.constdata)
    DLCtoBytes                               0x08001fa0   Data          16  n32h47x_48x_fdcan.o(.constdata)
    .conststring                             0x08001fb0   Section       66  main.o(.conststring)
    .data                                    0x20000000   Section        4  system_n32h47x_48x.o(.data)
    .data                                    0x20000004   Section       48  main.o(.data)
    data_cnt                                 0x20000024   Data           4  main.o(.data)
    .data                                    0x20000034   Section        4  log.o(.data)
    is_lr_sent                               0x20000034   Data           4  log.o(.data)
    .data                                    0x20000038   Section        4  stdout.o(.data)
    .bss                                     0x2000003c   Section       12  n32h47x_48x_fdcan.o(.bss)
    pMsgRam                                  0x2000003c   Data          12  n32h47x_48x_fdcan.o(.bss)
    .bss                                     0x20000048   Section     1308  main.o(.bss)
    STACK                                    0x20000568   Section     4096  startup_n32h47x_48x.o(STACK)

    Global Symbols

    Symbol Name                              Value     Ov Type        Size  Object(Section)

    BuildAttributes$$THM_ISAv4$E$P$D$K$B$S$7EM$VFPi3$EXTD16$VFPS$VFMA$PE$A:L22UL41UL21$X:L11$S22US41US21$IEEE1$IW$USESV6$~STKCKD$USESV7$~SHL$OTIME$ROPI$IEEEJ$EBA8$MICROLIB$REQ8$PRES8$EABIv2 0x00000000   Number         0  anon$$obj.o ABSOLUTE
    __ARM_use_no_argv                        0x00000000   Number         0  main.o ABSOLUTE
    _printf_a                                0x00000000   Number         0  stubs.o ABSOLUTE
    _printf_c                                0x00000000   Number         0  stubs.o ABSOLUTE
    _printf_charcount                        0x00000000   Number         0  stubs.o ABSOLUTE
    _printf_d                                0x00000000   Number         0  stubs.o ABSOLUTE
    _printf_e                                0x00000000   Number         0  stubs.o ABSOLUTE
    _printf_f                                0x00000000   Number         0  stubs.o ABSOLUTE
    _printf_flags                            0x00000000   Number         0  stubs.o ABSOLUTE
    _printf_fp_dec                           0x00000000   Number         0  stubs.o ABSOLUTE
    _printf_fp_hex                           0x00000000   Number         0  stubs.o ABSOLUTE
    _printf_g                                0x00000000   Number         0  stubs.o ABSOLUTE
    _printf_i                                0x00000000   Number         0  stubs.o ABSOLUTE
    _printf_int_dec                          0x00000000   Number         0  stubs.o ABSOLUTE
    _printf_l                                0x00000000   Number         0  stubs.o ABSOLUTE
    _printf_lc                               0x00000000   Number         0  stubs.o ABSOLUTE
    _printf_ll                               0x00000000   Number         0  stubs.o ABSOLUTE
    _printf_lld                              0x00000000   Number         0  stubs.o ABSOLUTE
    _printf_lli                              0x00000000   Number         0  stubs.o ABSOLUTE
    _printf_llo                              0x00000000   Number         0  stubs.o ABSOLUTE
    _printf_llu                              0x00000000   Number         0  stubs.o ABSOLUTE
    _printf_llx                              0x00000000   Number         0  stubs.o ABSOLUTE
    _printf_longlong_dec                     0x00000000   Number         0  stubs.o ABSOLUTE
    _printf_longlong_hex                     0x00000000   Number         0  stubs.o ABSOLUTE
    _printf_longlong_oct                     0x00000000   Number         0  stubs.o ABSOLUTE
    _printf_ls                               0x00000000   Number         0  stubs.o ABSOLUTE
    _printf_mbtowc                           0x00000000   Number         0  stubs.o ABSOLUTE
    _printf_n                                0x00000000   Number         0  stubs.o ABSOLUTE
    _printf_o                                0x00000000   Number         0  stubs.o ABSOLUTE
    _printf_p                                0x00000000   Number         0  stubs.o ABSOLUTE
    _printf_percent                          0x00000000   Number         0  stubs.o ABSOLUTE
    _printf_pre_padding                      0x00000000   Number         0  stubs.o ABSOLUTE
    _printf_return_value                     0x00000000   Number         0  stubs.o ABSOLUTE
    _printf_s                                0x00000000   Number         0  stubs.o ABSOLUTE
    _printf_sizespec                         0x00000000   Number         0  stubs.o ABSOLUTE
    _printf_str                              0x00000000   Number         0  stubs.o ABSOLUTE
    _printf_truncate_signed                  0x00000000   Number         0  stubs.o ABSOLUTE
    _printf_truncate_unsigned                0x00000000   Number         0  stubs.o ABSOLUTE
    _printf_u                                0x00000000   Number         0  stubs.o ABSOLUTE
    _printf_wc                               0x00000000   Number         0  stubs.o ABSOLUTE
    _printf_wctomb                           0x00000000   Number         0  stubs.o ABSOLUTE
    _printf_widthprec                        0x00000000   Number         0  stubs.o ABSOLUTE
    _printf_x                                0x00000000   Number         0  stubs.o ABSOLUTE
    __arm_fini_                               - Undefined Weak Reference
    __cpp_initialize__aeabi_                  - Undefined Weak Reference
    __cxa_finalize                            - Undefined Weak Reference
    __decompress                              - Undefined Weak Reference
    _clock_init                               - Undefined Weak Reference
    _microlib_exit                            - Undefined Weak Reference
    __Vectors_Size                           0x00000218   Number         0  startup_n32h47x_48x.o ABSOLUTE
    __Vectors                                0x08000000   Data           4  startup_n32h47x_48x.o(RESET)
    __Vectors_End                            0x08000218   Data           0  startup_n32h47x_48x.o(RESET)
    __main                                   0x08000219   Thumb Code     0  entry.o(.ARM.Collect$$$$00000000)
    _main_stk                                0x08000219   Thumb Code     0  entry2.o(.ARM.Collect$$$$00000001)
    _main_scatterload                        0x0800021d   Thumb Code     0  entry5.o(.ARM.Collect$$$$00000004)
    __main_after_scatterload                 0x08000221   Thumb Code     0  entry5.o(.ARM.Collect$$$$00000004)
    _main_clock                              0x08000221   Thumb Code     0  entry7b.o(.ARM.Collect$$$$00000008)
    _main_cpp_init                           0x08000221   Thumb Code     0  entry8b.o(.ARM.Collect$$$$0000000A)
    _main_init                               0x08000221   Thumb Code     0  entry9a.o(.ARM.Collect$$$$0000000B)
    __rt_lib_shutdown_fini                   0x08000229   Thumb Code     0  entry12b.o(.ARM.Collect$$$$0000000E)
    __rt_final_cpp                           0x0800022d   Thumb Code     0  entry10a.o(.ARM.Collect$$$$0000000F)
    __rt_final_exit                          0x0800022d   Thumb Code     0  entry11a.o(.ARM.Collect$$$$00000011)
    Reset_Handler                            0x08000231   Thumb Code     8  startup_n32h47x_48x.o(.text)
    PendSV_Handler                           0x08000247   Thumb Code     2  startup_n32h47x_48x.o(.text)
    ADC1_2_IRQHandler                        0x0800024b   Thumb Code     0  startup_n32h47x_48x.o(.text)
    ADC3_ADC4_IRQHandler                     0x0800024b   Thumb Code     0  startup_n32h47x_48x.o(.text)
    ATIM1_BRK_IRQHandler                     0x0800024b   Thumb Code     0  startup_n32h47x_48x.o(.text)
    ATIM1_CC_IRQHandler                      0x0800024b   Thumb Code     0  startup_n32h47x_48x.o(.text)
    ATIM1_TRG_COM_IRQHandler                 0x0800024b   Thumb Code     0  startup_n32h47x_48x.o(.text)
    ATIM1_UP_IRQHandler                      0x0800024b   Thumb Code     0  startup_n32h47x_48x.o(.text)
    ATIM2_BRK_IRQHandler                     0x0800024b   Thumb Code     0  startup_n32h47x_48x.o(.text)
    ATIM2_CC_IRQHandler                      0x0800024b   Thumb Code     0  startup_n32h47x_48x.o(.text)
    ATIM2_TRG_COM_IRQHandler                 0x0800024b   Thumb Code     0  startup_n32h47x_48x.o(.text)
    ATIM2_UP_IRQHandler                      0x0800024b   Thumb Code     0  startup_n32h47x_48x.o(.text)
    ATIM3_BRK_IRQHandler                     0x0800024b   Thumb Code     0  startup_n32h47x_48x.o(.text)
    ATIM3_CC_IRQHandler                      0x0800024b   Thumb Code     0  startup_n32h47x_48x.o(.text)
    ATIM3_TRG_COM_IRQHandler                 0x0800024b   Thumb Code     0  startup_n32h47x_48x.o(.text)
    ATIM3_UP_IRQHandler                      0x0800024b   Thumb Code     0  startup_n32h47x_48x.o(.text)
    BTIM1_IRQHandler                         0x0800024b   Thumb Code     0  startup_n32h47x_48x.o(.text)
    BTIM2_IRQHandler                         0x0800024b   Thumb Code     0  startup_n32h47x_48x.o(.text)
    COMP1_2_3_IRQHandler                     0x0800024b   Thumb Code     0  startup_n32h47x_48x.o(.text)
    COMP4_5_6_IRQHandler                     0x0800024b   Thumb Code     0  startup_n32h47x_48x.o(.text)
    COMP7_IRQHandler                         0x0800024b   Thumb Code     0  startup_n32h47x_48x.o(.text)
    Cordic_IRQ_IRQHandler                    0x0800024b   Thumb Code     0  startup_n32h47x_48x.o(.text)
    DAC1_2_3_4_Underflow_IRQHandler          0x0800024b   Thumb Code     0  startup_n32h47x_48x.o(.text)
    DAC5_6_7_8_Underflow_IRQHandler          0x0800024b   Thumb Code     0  startup_n32h47x_48x.o(.text)
    DMA1_Channel1_IRQHandler                 0x0800024b   Thumb Code     0  startup_n32h47x_48x.o(.text)
    DMA1_Channel2_IRQHandler                 0x0800024b   Thumb Code     0  startup_n32h47x_48x.o(.text)
    DMA1_Channel3_IRQHandler                 0x0800024b   Thumb Code     0  startup_n32h47x_48x.o(.text)
    DMA1_Channel4_IRQHandler                 0x0800024b   Thumb Code     0  startup_n32h47x_48x.o(.text)
    DMA1_Channel5_IRQHandler                 0x0800024b   Thumb Code     0  startup_n32h47x_48x.o(.text)
    DMA1_Channel6_IRQHandler                 0x0800024b   Thumb Code     0  startup_n32h47x_48x.o(.text)
    DMA1_Channel7_IRQHandler                 0x0800024b   Thumb Code     0  startup_n32h47x_48x.o(.text)
    DMA1_Channel8_IRQHandler                 0x0800024b   Thumb Code     0  startup_n32h47x_48x.o(.text)
    DMA2_Channel1_IRQHandler                 0x0800024b   Thumb Code     0  startup_n32h47x_48x.o(.text)
    DMA2_Channel2_IRQHandler                 0x0800024b   Thumb Code     0  startup_n32h47x_48x.o(.text)
    DMA2_Channel3_IRQHandler                 0x0800024b   Thumb Code     0  startup_n32h47x_48x.o(.text)
    DMA2_Channel4_IRQHandler                 0x0800024b   Thumb Code     0  startup_n32h47x_48x.o(.text)
    DMA2_Channel5_IRQHandler                 0x0800024b   Thumb Code     0  startup_n32h47x_48x.o(.text)
    DMA2_Channel6_IRQHandler                 0x0800024b   Thumb Code     0  startup_n32h47x_48x.o(.text)
    DMA2_Channel7_IRQHandler                 0x0800024b   Thumb Code     0  startup_n32h47x_48x.o(.text)
    DMA2_Channel8_IRQHandler                 0x0800024b   Thumb Code     0  startup_n32h47x_48x.o(.text)
    DVP_IRQHandler                           0x0800024b   Thumb Code     0  startup_n32h47x_48x.o(.text)
    ETH_IRQHandler                           0x0800024b   Thumb Code     0  startup_n32h47x_48x.o(.text)
    ETH_WKUP_IRQHandler                      0x0800024b   Thumb Code     0  startup_n32h47x_48x.o(.text)
    EXTI0_IRQHandler                         0x0800024b   Thumb Code     0  startup_n32h47x_48x.o(.text)
    EXTI15_10_IRQHandler                     0x0800024b   Thumb Code     0  startup_n32h47x_48x.o(.text)
    EXTI2_IRQHandler                         0x0800024b   Thumb Code     0  startup_n32h47x_48x.o(.text)
    EXTI3_IRQHandler                         0x0800024b   Thumb Code     0  startup_n32h47x_48x.o(.text)
    EXTI4_IRQHandler                         0x0800024b   Thumb Code     0  startup_n32h47x_48x.o(.text)
    EXTI9_5_IRQHandler                       0x0800024b   Thumb Code     0  startup_n32h47x_48x.o(.text)
    FDCAN1_INT0_IRQHandler                   0x0800024b   Thumb Code     0  startup_n32h47x_48x.o(.text)
    FDCAN2_INT0_IRQHandler                   0x0800024b   Thumb Code     0  startup_n32h47x_48x.o(.text)
    FDCAN3_INT0_IRQHandler                   0x0800024b   Thumb Code     0  startup_n32h47x_48x.o(.text)
    FDCAN3_INT1_IRQHandler                   0x0800024b   Thumb Code     0  startup_n32h47x_48x.o(.text)
    FEMC_IRQHandler                          0x0800024b   Thumb Code     0  startup_n32h47x_48x.o(.text)
    FLASH_IRQHandler                         0x0800024b   Thumb Code     0  startup_n32h47x_48x.o(.text)
    FMAC_IRQ_IRQHandler                      0x0800024b   Thumb Code     0  startup_n32h47x_48x.o(.text)
    GTIM10_IRQHandler                        0x0800024b   Thumb Code     0  startup_n32h47x_48x.o(.text)
    GTIM1_IRQHandler                         0x0800024b   Thumb Code     0  startup_n32h47x_48x.o(.text)
    GTIM2_IRQHandler                         0x0800024b   Thumb Code     0  startup_n32h47x_48x.o(.text)
    GTIM3_IRQHandler                         0x0800024b   Thumb Code     0  startup_n32h47x_48x.o(.text)
    GTIM4_IRQHandler                         0x0800024b   Thumb Code     0  startup_n32h47x_48x.o(.text)
    GTIM5_IRQHandler                         0x0800024b   Thumb Code     0  startup_n32h47x_48x.o(.text)
    GTIM6_IRQHandler                         0x0800024b   Thumb Code     0  startup_n32h47x_48x.o(.text)
    GTIM7_IRQHandler                         0x0800024b   Thumb Code     0  startup_n32h47x_48x.o(.text)
    GTIM8_IRQHandler                         0x0800024b   Thumb Code     0  startup_n32h47x_48x.o(.text)
    GTIM9_IRQHandler                         0x0800024b   Thumb Code     0  startup_n32h47x_48x.o(.text)
    I2C1_ER_IRQHandler                       0x0800024b   Thumb Code     0  startup_n32h47x_48x.o(.text)
    I2C1_EV_IRQHandler                       0x0800024b   Thumb Code     0  startup_n32h47x_48x.o(.text)
    I2C2_ER_IRQHandler                       0x0800024b   Thumb Code     0  startup_n32h47x_48x.o(.text)
    I2C2_EV_IRQHandler                       0x0800024b   Thumb Code     0  startup_n32h47x_48x.o(.text)
    I2C3_ER_IRQHandler                       0x0800024b   Thumb Code     0  startup_n32h47x_48x.o(.text)
    I2C3_EV_IRQHandler                       0x0800024b   Thumb Code     0  startup_n32h47x_48x.o(.text)
    I2C4_ER_IRQHandler                       0x0800024b   Thumb Code     0  startup_n32h47x_48x.o(.text)
    I2C4_EV_IRQHandler                       0x0800024b   Thumb Code     0  startup_n32h47x_48x.o(.text)
    LPTIM1_WKUP_IRQHandler                   0x0800024b   Thumb Code     0  startup_n32h47x_48x.o(.text)
    LPTIM2_WKUP_IRQHandler                   0x0800024b   Thumb Code     0  startup_n32h47x_48x.o(.text)
    PVD_IRQHandler                           0x0800024b   Thumb Code     0  startup_n32h47x_48x.o(.text)
    RCC_IRQHandler                           0x0800024b   Thumb Code     0  startup_n32h47x_48x.o(.text)
    RTCAlarm_IRQHandler                      0x0800024b   Thumb Code     0  startup_n32h47x_48x.o(.text)
    RTC_TAMPER_IRQHandler                    0x0800024b   Thumb Code     0  startup_n32h47x_48x.o(.text)
    RTC_WKUP_IRQHandler                      0x0800024b   Thumb Code     0  startup_n32h47x_48x.o(.text)
    SAC_IRQHandler                           0x0800024b   Thumb Code     0  startup_n32h47x_48x.o(.text)
    SDIO_IRQHandler                          0x0800024b   Thumb Code     0  startup_n32h47x_48x.o(.text)
    SHRT1_FLT_IRQHandler                     0x0800024b   Thumb Code     0  startup_n32h47x_48x.o(.text)
    SHRT1_MST_IRQHandler                     0x0800024b   Thumb Code     0  startup_n32h47x_48x.o(.text)
    SHRT1_TIMA_IRQHandler                    0x0800024b   Thumb Code     0  startup_n32h47x_48x.o(.text)
    SHRT1_TIMB_IRQHandler                    0x0800024b   Thumb Code     0  startup_n32h47x_48x.o(.text)
    SHRT1_TIMC_IRQHandler                    0x0800024b   Thumb Code     0  startup_n32h47x_48x.o(.text)
    SHRT1_TIMD_IRQHandler                    0x0800024b   Thumb Code     0  startup_n32h47x_48x.o(.text)
    SHRT1_TIME_IRQHandler                    0x0800024b   Thumb Code     0  startup_n32h47x_48x.o(.text)
    SHRT1_TIMF_IRQHandler                    0x0800024b   Thumb Code     0  startup_n32h47x_48x.o(.text)
    SMPU_IRQHandler                          0x0800024b   Thumb Code     0  startup_n32h47x_48x.o(.text)
    SPI1_IRQHandler                          0x0800024b   Thumb Code     0  startup_n32h47x_48x.o(.text)
    SPI2_I2S2_IRQHandler                     0x0800024b   Thumb Code     0  startup_n32h47x_48x.o(.text)
    SPI3_I2S3_IRQHandler                     0x0800024b   Thumb Code     0  startup_n32h47x_48x.o(.text)
    SPI4_IRQHandler                          0x0800024b   Thumb Code     0  startup_n32h47x_48x.o(.text)
    SPI5_IRQHandler                          0x0800024b   Thumb Code     0  startup_n32h47x_48x.o(.text)
    SPI6_IRQHandler                          0x0800024b   Thumb Code     0  startup_n32h47x_48x.o(.text)
    SRAM_ERR_IRQHandler                      0x0800024b   Thumb Code     0  startup_n32h47x_48x.o(.text)
    UART5_IRQHandler                         0x0800024b   Thumb Code     0  startup_n32h47x_48x.o(.text)
    UART6_IRQHandler                         0x0800024b   Thumb Code     0  startup_n32h47x_48x.o(.text)
    UART7_IRQHandler                         0x0800024b   Thumb Code     0  startup_n32h47x_48x.o(.text)
    UART8_IRQHandler                         0x0800024b   Thumb Code     0  startup_n32h47x_48x.o(.text)
    UCDR_IRQHandler                          0x0800024b   Thumb Code     0  startup_n32h47x_48x.o(.text)
    USART1_IRQHandler                        0x0800024b   Thumb Code     0  startup_n32h47x_48x.o(.text)
    USART2_IRQHandler                        0x0800024b   Thumb Code     0  startup_n32h47x_48x.o(.text)
    USART3_IRQHandler                        0x0800024b   Thumb Code     0  startup_n32h47x_48x.o(.text)
    USART4_IRQHandler                        0x0800024b   Thumb Code     0  startup_n32h47x_48x.o(.text)
    USB_FS_HP_IRQHandler                     0x0800024b   Thumb Code     0  startup_n32h47x_48x.o(.text)
    USB_FS_LP_IRQHandler                     0x0800024b   Thumb Code     0  startup_n32h47x_48x.o(.text)
    USB_FS_WKUP_IRQHandler                   0x0800024b   Thumb Code     0  startup_n32h47x_48x.o(.text)
    USB_HS_EPx_IN_IRQHandler                 0x0800024b   Thumb Code     0  startup_n32h47x_48x.o(.text)
    USB_HS_EPx_OUT_IRQHandler                0x0800024b   Thumb Code     0  startup_n32h47x_48x.o(.text)
    USB_HS_IRQHandler                        0x0800024b   Thumb Code     0  startup_n32h47x_48x.o(.text)
    USB_HS_WKUP_IRQHandler                   0x0800024b   Thumb Code     0  startup_n32h47x_48x.o(.text)
    WWDG_IRQHandler                          0x0800024b   Thumb Code     0  startup_n32h47x_48x.o(.text)
    XSPI_IRQHandler                          0x0800024b   Thumb Code     0  startup_n32h47x_48x.o(.text)
    __aeabi_uldivmod                         0x08000255   Thumb Code    98  uldiv.o(.text)
    __aeabi_memcpy                           0x080002b7   Thumb Code    36  memcpya.o(.text)
    __aeabi_memcpy4                          0x080002b7   Thumb Code     0  memcpya.o(.text)
    __aeabi_memcpy8                          0x080002b7   Thumb Code     0  memcpya.o(.text)
    __aeabi_llsl                             0x080002db   Thumb Code    30  llshl.o(.text)
    _ll_shift_l                              0x080002db   Thumb Code     0  llshl.o(.text)
    __aeabi_llsr                             0x080002f9   Thumb Code    32  llushr.o(.text)
    _ll_ushift_r                             0x080002f9   Thumb Code     0  llushr.o(.text)
    __scatterload                            0x08000319   Thumb Code    28  init.o(.text)
    __scatterload_rt2                        0x08000319   Thumb Code     0  init.o(.text)
    BusFault_Handler                         0x0800033d   Thumb Code     4  n32h47x_48x_it.o(i.BusFault_Handler)
    DebugMon_Handler                         0x08000341   Thumb Code     2  n32h47x_48x_it.o(i.DebugMon_Handler)
    Delay                                    0x08000343   Thumb Code    12  main.o(i.Delay)
    EXTI1_IRQHandler                         0x08000351   Thumb Code    24  n32h47x_48x_it.o(i.EXTI1_IRQHandler)
    EXTI_ClrITPendBit                        0x0800036d   Thumb Code     6  n32h47x_48x_exti.o(i.EXTI_ClrITPendBit)
    EXTI_GetITStatus                         0x08000379   Thumb Code    36  n32h47x_48x_exti.o(i.EXTI_GetITStatus)
    EXTI_InitPeripheral                      0x080003a1   Thumb Code   148  n32h47x_48x_exti.o(i.EXTI_InitPeripheral)
    FDCAN1_INT1_IRQHandler                   0x08000439   Thumb Code    30  n32h47x_48x_it.o(i.FDCAN1_INT1_IRQHandler)
    FDCAN2_INT1_IRQHandler                   0x08000461   Thumb Code    28  n32h47x_48x_it.o(i.FDCAN2_INT1_IRQHandler)
    FDCAN_ActivateInt                        0x08000485   Thumb Code   100  n32h47x_48x_fdcan.o(i.FDCAN_ActivateInt)
    FDCAN_AddMsgToTxBuffer                   0x080004ed   Thumb Code    72  n32h47x_48x_fdcan.o(i.FDCAN_AddMsgToTxBuffer)
    FDCAN_ClearFlag                          0x08000535   Thumb Code     4  n32h47x_48x_fdcan.o(i.FDCAN_ClearFlag)
    FDCAN_ConfigFifoWatermark                0x08000539   Thumb Code    56  n32h47x_48x_fdcan.o(i.FDCAN_ConfigFifoWatermark)
    FDCAN_ConfigFilter                       0x08000571   Thumb Code   124  n32h47x_48x_fdcan.o(i.FDCAN_ConfigFilter)
    FDCAN_ConfigGlobalFilter                 0x080005f5   Thumb Code    18  n32h47x_48x_fdcan.o(i.FDCAN_ConfigGlobalFilter)
    FDCAN_ConfigIntLine                      0x08000607   Thumb Code    20  n32h47x_48x_fdcan.o(i.FDCAN_ConfigIntLine)
    FDCAN_ConfigTSPrescaler                  0x0800061b   Thumb Code    12  n32h47x_48x_fdcan.o(i.FDCAN_ConfigTSPrescaler)
    FDCAN_Config_TS                          0x08000627   Thumb Code    12  n32h47x_48x_fdcan.o(i.FDCAN_Config_TS)
    FDCAN_EnableInt                          0x08000705   Thumb Code     8  n32h47x_48x_fdcan.o(i.FDCAN_EnableInt)
    FDCAN_EnableTxBufferRequest              0x0800070d   Thumb Code     6  n32h47x_48x_fdcan.o(i.FDCAN_EnableTxBufferRequest)
    FDCAN_GetIntFlag                         0x08000713   Thumb Code    30  n32h47x_48x_fdcan.o(i.FDCAN_GetIntFlag)
    FDCAN_GetRxFifoFillLevel                 0x08000731   Thumb Code    26  n32h47x_48x_fdcan.o(i.FDCAN_GetRxFifoFillLevel)
    FDCAN_GetRxMsg                           0x0800074d   Thumb Code   422  n32h47x_48x_fdcan.o(i.FDCAN_GetRxMsg)
    FDCAN_Init                               0x08000901   Thumb Code   368  n32h47x_48x_fdcan.o(i.FDCAN_Init)
    FDCAN_Start                              0x08000c09   Thumb Code    10  n32h47x_48x_fdcan.o(i.FDCAN_Start)
    FDCAN_clock_src_config                   0x08000c13   Thumb Code    18  main.o(i.FDCAN_clock_src_config)
    GPIO_ConfigEXTILine                      0x08000c25   Thumb Code    38  n32h47x_48x_gpio.o(i.GPIO_ConfigEXTILine)
    GPIO_InitPeripheral                      0x08000c51   Thumb Code   160  n32h47x_48x_gpio.o(i.GPIO_InitPeripheral)
    GPIO_InitStruct                          0x08000cf1   Thumb Code    18  n32h47x_48x_gpio.o(i.GPIO_InitStruct)
    GPIO_ResetBits                           0x08000d03   Thumb Code     4  n32h47x_48x_gpio.o(i.GPIO_ResetBits)
    GPIO_SetBits                             0x08000d07   Thumb Code     4  n32h47x_48x_gpio.o(i.GPIO_SetBits)
    HardFault_Handler                        0x08000d0b   Thumb Code     4  n32h47x_48x_it.o(i.HardFault_Handler)
    Key_Int_Init                             0x08000d11   Thumb Code   110  main.o(i.Key_Int_Init)
    LED_Init                                 0x08000d85   Thumb Code    50  main.o(i.LED_Init)
    LED_Off                                  0x08000db7   Thumb Code    16  main.o(i.LED_Off)
    LED_On                                   0x08000dc7   Thumb Code    16  main.o(i.LED_On)
    MemManage_Handler                        0x08000dd7   Thumb Code     4  n32h47x_48x_it.o(i.MemManage_Handler)
    NMI_Handler                              0x08000ddb   Thumb Code     2  n32h47x_48x_it.o(i.NMI_Handler)
    NVIC_Init                                0x08000ddd   Thumb Code   100  misc.o(i.NVIC_Init)
    Node1_Config                             0x08000e4d   Thumb Code   338  main.o(i.Node1_Config)
    Node1_port_config                        0x08000fed   Thumb Code    76  main.o(i.Node1_port_config)
    Node2_Config                             0x0800103d   Thumb Code   304  main.o(i.Node2_Config)
    Node2_port_config                        0x080011b1   Thumb Code    76  main.o(i.Node2_port_config)
    RCC_ConfigFDCANClksrc                    0x08001201   Thumb Code    16  n32h47x_48x_rcc.o(i.RCC_ConfigFDCANClksrc)
    RCC_ConfigFDCANPllClk                    0x08001215   Thumb Code    16  n32h47x_48x_rcc.o(i.RCC_ConfigFDCANPllClk)
    RCC_EnableAHB1PeriphClk                  0x08001229   Thumb Code    26  n32h47x_48x_rcc.o(i.RCC_EnableAHB1PeriphClk)
    RCC_EnableAPB1PeriphClk                  0x08001249   Thumb Code    26  n32h47x_48x_rcc.o(i.RCC_EnableAPB1PeriphClk)
    RCC_EnableAPB1PeriphReset                0x08001269   Thumb Code    20  n32h47x_48x_rcc.o(i.RCC_EnableAPB1PeriphReset)
    RCC_EnableAPB2PeriphClk                  0x08001281   Thumb Code    26  n32h47x_48x_rcc.o(i.RCC_EnableAPB2PeriphClk)
    RCC_GetClocksFreqValue                   0x080012a1   Thumb Code   488  n32h47x_48x_rcc.o(i.RCC_GetClocksFreqValue)
    SVC_Handler                              0x080014bd   Thumb Code     2  n32h47x_48x_it.o(i.SVC_Handler)
    SysTick_Handler                          0x08001639   Thumb Code     2  n32h47x_48x_it.o(i.SysTick_Handler)
    SystemInit                               0x0800163d   Thumb Code   180  system_n32h47x_48x.o(i.SystemInit)
    USART_Enable                             0x08001709   Thumb Code    22  n32h47x_48x_usart.o(i.USART_Enable)
    USART_GetFlagStatus                      0x0800171f   Thumb Code    16  n32h47x_48x_usart.o(i.USART_GetFlagStatus)
    USART_Init                               0x08001731   Thumb Code   228  n32h47x_48x_usart.o(i.USART_Init)
    USART_SendData                           0x08001829   Thumb Code     8  n32h47x_48x_usart.o(i.USART_SendData)
    UsageFault_Handler                       0x08001831   Thumb Code     4  n32h47x_48x_it.o(i.UsageFault_Handler)
    __0printf$8                              0x08001835   Thumb Code    22  printf8.o(i.__0printf$8)
    __1printf$8                              0x08001835   Thumb Code     0  printf8.o(i.__0printf$8)
    __2printf                                0x08001835   Thumb Code     0  printf8.o(i.__0printf$8)
    __scatterload_copy                       0x08001855   Thumb Code    14  handlers.o(i.__scatterload_copy)
    __scatterload_null                       0x08001863   Thumb Code     2  handlers.o(i.__scatterload_null)
    __scatterload_zeroinit                   0x08001865   Thumb Code    14  handlers.o(i.__scatterload_zeroinit)
    buf_clear                                0x08001ccb   Thumb Code    18  main.o(i.buf_clear)
    fputc                                    0x08001cdd   Thumb Code    94  log.o(i.fputc)
    log_init                                 0x08001d45   Thumb Code   116  log.o(i.log_init)
    main                                     0x08001dc1   Thumb Code   292  main.o(i.main)
    Region$$Table$$Base                      0x08001ff4   Number         0  anon$$obj.o(Region$$Table)
    Region$$Table$$Limit                     0x08002014   Number         0  anon$$obj.o(Region$$Table)
    SystemCoreClock                          0x20000000   Data           4  system_n32h47x_48x.o(.data)
    TxData                                   0x20000004   Data          32  main.o(.data)
    RxFlag                                   0x20000028   Data           4  main.o(.data)
    TxFlag                                   0x2000002c   Data           4  main.o(.data)
    CompFlag                                 0x20000030   Data           4  main.o(.data)
    __stdout                                 0x20000038   Data           4  stdout.o(.data)
    TxHeader                                 0x20000048   Data          36  main.o(.bss)
    RxHeader                                 0x2000006c   Data          40  main.o(.bss)
    RxBuf                                    0x20000094   Data          64  main.o(.bss)
    FDCAN_ram                                0x200000d4   Data        1024  main.o(.bss)
    Node1_msg                                0x200004d4   Data          72  main.o(.bss)
    Node2_msg                                0x2000051c   Data          72  main.o(.bss)
    __initial_sp                             0x20001568   Data           0  startup_n32h47x_48x.o(STACK)



==============================================================================

Memory Map of the image

  Image Entry point : 0x08000219

  Load Region LR_IROM1 (Base: 0x08000000, Size: 0x00002050, Max: 0x00080000, ABSOLUTE)

    Execution Region ER_IROM1 (Exec base: 0x08000000, Load base: 0x08000000, Size: 0x00002014, Max: 0x00080000, ABSOLUTE)

    Exec Addr    Load Addr    Size         Type   Attr      Idx    E Section Name        Object

    0x08000000   0x08000000   0x00000218   Data   RO            3    RESET               startup_n32h47x_48x.o
    0x08000218   0x08000218   0x00000000   Code   RO         1818  * .ARM.Collect$$$$00000000  mc_w.l(entry.o)
    0x08000218   0x08000218   0x00000004   Code   RO         2094    .ARM.Collect$$$$00000001  mc_w.l(entry2.o)
    0x0800021c   0x0800021c   0x00000004   Code   RO         2097    .ARM.Collect$$$$00000004  mc_w.l(entry5.o)
    0x08000220   0x08000220   0x00000000   Code   RO         2099    .ARM.Collect$$$$00000008  mc_w.l(entry7b.o)
    0x08000220   0x08000220   0x00000000   Code   RO         2101    .ARM.Collect$$$$0000000A  mc_w.l(entry8b.o)
    0x08000220   0x08000220   0x00000008   Code   RO         2102    .ARM.Collect$$$$0000000B  mc_w.l(entry9a.o)
    0x08000228   0x08000228   0x00000004   Code   RO         2109    .ARM.Collect$$$$0000000E  mc_w.l(entry12b.o)
    0x0800022c   0x0800022c   0x00000000   Code   RO         2104    .ARM.Collect$$$$0000000F  mc_w.l(entry10a.o)
    0x0800022c   0x0800022c   0x00000000   Code   RO         2106    .ARM.Collect$$$$00000011  mc_w.l(entry11a.o)
    0x0800022c   0x0800022c   0x00000004   Code   RO         2095    .ARM.Collect$$$$00002712  mc_w.l(entry2.o)
    0x08000230   0x08000230   0x00000024   Code   RO            4    .text               startup_n32h47x_48x.o
    0x08000254   0x08000254   0x00000062   Code   RO         1821    .text               mc_w.l(uldiv.o)
    0x080002b6   0x080002b6   0x00000024   Code   RO         1823    .text               mc_w.l(memcpya.o)
    0x080002da   0x080002da   0x0000001e   Code   RO         2113    .text               mc_w.l(llshl.o)
    0x080002f8   0x080002f8   0x00000020   Code   RO         2115    .text               mc_w.l(llushr.o)
    0x08000318   0x08000318   0x00000024   Code   RO         2130    .text               mc_w.l(init.o)
    0x0800033c   0x0800033c   0x00000004   Code   RO         1695    i.BusFault_Handler  n32h47x_48x_it.o
    0x08000340   0x08000340   0x00000002   Code   RO         1696    i.DebugMon_Handler  n32h47x_48x_it.o
    0x08000342   0x08000342   0x0000000c   Code   RO         1584    i.Delay             main.o
    0x0800034e   0x0800034e   0x00000002   PAD
    0x08000350   0x08000350   0x0000001c   Code   RO         1697    i.EXTI1_IRQHandler  n32h47x_48x_it.o
    0x0800036c   0x0800036c   0x0000000c   Code   RO         1509    i.EXTI_ClrITPendBit  n32h47x_48x_exti.o
    0x08000378   0x08000378   0x00000028   Code   RO         1512    i.EXTI_GetITStatus  n32h47x_48x_exti.o
    0x080003a0   0x080003a0   0x00000098   Code   RO         1514    i.EXTI_InitPeripheral  n32h47x_48x_exti.o
    0x08000438   0x08000438   0x00000028   Code   RO         1698    i.FDCAN1_INT1_IRQHandler  n32h47x_48x_it.o
    0x08000460   0x08000460   0x00000024   Code   RO         1699    i.FDCAN2_INT1_IRQHandler  n32h47x_48x_it.o
    0x08000484   0x08000484   0x00000068   Code   RO         1088    i.FDCAN_ActivateInt  n32h47x_48x_fdcan.o
    0x080004ec   0x080004ec   0x00000048   Code   RO         1089    i.FDCAN_AddMsgToTxBuffer  n32h47x_48x_fdcan.o
    0x08000534   0x08000534   0x00000004   Code   RO         1096    i.FDCAN_ClearFlag   n32h47x_48x_fdcan.o
    0x08000538   0x08000538   0x00000038   Code   RO         1099    i.FDCAN_ConfigFifoWatermark  n32h47x_48x_fdcan.o
    0x08000570   0x08000570   0x00000084   Code   RO         1100    i.FDCAN_ConfigFilter  n32h47x_48x_fdcan.o
    0x080005f4   0x080005f4   0x00000012   Code   RO         1101    i.FDCAN_ConfigGlobalFilter  n32h47x_48x_fdcan.o
    0x08000606   0x08000606   0x00000014   Code   RO         1102    i.FDCAN_ConfigIntLine  n32h47x_48x_fdcan.o
    0x0800061a   0x0800061a   0x0000000c   Code   RO         1105    i.FDCAN_ConfigTSPrescaler  n32h47x_48x_fdcan.o
    0x08000626   0x08000626   0x0000000c   Code   RO         1108    i.FDCAN_Config_TS   n32h47x_48x_fdcan.o
    0x08000632   0x08000632   0x00000002   PAD
    0x08000634   0x08000634   0x000000d0   Code   RO         1109    i.FDCAN_CopyMsgToRAM  n32h47x_48x_fdcan.o
    0x08000704   0x08000704   0x00000008   Code   RO         1120    i.FDCAN_EnableInt   n32h47x_48x_fdcan.o
    0x0800070c   0x0800070c   0x00000006   Code   RO         1122    i.FDCAN_EnableTxBufferRequest  n32h47x_48x_fdcan.o
    0x08000712   0x08000712   0x0000001e   Code   RO         1130    i.FDCAN_GetIntFlag  n32h47x_48x_fdcan.o
    0x08000730   0x08000730   0x0000001a   Code   RO         1133    i.FDCAN_GetRxFifoFillLevel  n32h47x_48x_fdcan.o
    0x0800074a   0x0800074a   0x00000002   PAD
    0x0800074c   0x0800074c   0x000001b4   Code   RO         1134    i.FDCAN_GetRxMsg    n32h47x_48x_fdcan.o
    0x08000900   0x08000900   0x00000188   Code   RO         1139    i.FDCAN_Init        n32h47x_48x_fdcan.o
    0x08000a88   0x08000a88   0x00000180   Code   RO         1140    i.FDCAN_InitMsgRam  n32h47x_48x_fdcan.o
    0x08000c08   0x08000c08   0x0000000a   Code   RO         1143    i.FDCAN_Start       n32h47x_48x_fdcan.o
    0x08000c12   0x08000c12   0x00000012   Code   RO         1585    i.FDCAN_clock_src_config  main.o
    0x08000c24   0x08000c24   0x0000002c   Code   RO          107    i.GPIO_ConfigEXTILine  n32h47x_48x_gpio.o
    0x08000c50   0x08000c50   0x000000a0   Code   RO          112    i.GPIO_InitPeripheral  n32h47x_48x_gpio.o
    0x08000cf0   0x08000cf0   0x00000012   Code   RO          113    i.GPIO_InitStruct   n32h47x_48x_gpio.o
    0x08000d02   0x08000d02   0x00000004   Code   RO          118    i.GPIO_ResetBits    n32h47x_48x_gpio.o
    0x08000d06   0x08000d06   0x00000004   Code   RO          119    i.GPIO_SetBits      n32h47x_48x_gpio.o
    0x08000d0a   0x08000d0a   0x00000004   Code   RO         1700    i.HardFault_Handler  n32h47x_48x_it.o
    0x08000d0e   0x08000d0e   0x00000002   PAD
    0x08000d10   0x08000d10   0x00000074   Code   RO         1586    i.Key_Int_Init      main.o
    0x08000d84   0x08000d84   0x00000032   Code   RO         1588    i.LED_Init          main.o
    0x08000db6   0x08000db6   0x00000010   Code   RO         1589    i.LED_Off           main.o
    0x08000dc6   0x08000dc6   0x00000010   Code   RO         1590    i.LED_On            main.o
    0x08000dd6   0x08000dd6   0x00000004   Code   RO         1701    i.MemManage_Handler  n32h47x_48x_it.o
    0x08000dda   0x08000dda   0x00000002   Code   RO         1702    i.NMI_Handler       n32h47x_48x_it.o
    0x08000ddc   0x08000ddc   0x00000070   Code   RO         1458    i.NVIC_Init         misc.o
    0x08000e4c   0x08000e4c   0x000001a0   Code   RO         1591    i.Node1_Config      main.o
    0x08000fec   0x08000fec   0x00000050   Code   RO         1592    i.Node1_port_config  main.o
    0x0800103c   0x0800103c   0x00000174   Code   RO         1593    i.Node2_Config      main.o
    0x080011b0   0x080011b0   0x00000050   Code   RO         1594    i.Node2_port_config  main.o
    0x08001200   0x08001200   0x00000014   Code   RO          347    i.RCC_ConfigFDCANClksrc  n32h47x_48x_rcc.o
    0x08001214   0x08001214   0x00000014   Code   RO          348    i.RCC_ConfigFDCANPllClk  n32h47x_48x_rcc.o
    0x08001228   0x08001228   0x00000020   Code   RO          377    i.RCC_EnableAHB1PeriphClk  n32h47x_48x_rcc.o
    0x08001248   0x08001248   0x00000020   Code   RO          380    i.RCC_EnableAPB1PeriphClk  n32h47x_48x_rcc.o
    0x08001268   0x08001268   0x00000018   Code   RO          381    i.RCC_EnableAPB1PeriphReset  n32h47x_48x_rcc.o
    0x08001280   0x08001280   0x00000020   Code   RO          382    i.RCC_EnableAPB2PeriphClk  n32h47x_48x_rcc.o
    0x080012a0   0x080012a0   0x0000021c   Code   RO          400    i.RCC_GetClocksFreqValue  n32h47x_48x_rcc.o
    0x080014bc   0x080014bc   0x00000002   Code   RO         1703    i.SVC_Handler       n32h47x_48x_it.o
    0x080014be   0x080014be   0x00000002   PAD
    0x080014c0   0x080014c0   0x000000a8   Code   RO           13    i.SetStartupVolt    system_n32h47x_48x.o
    0x08001568   0x08001568   0x000000d0   Code   RO           14    i.SetSysClock       system_n32h47x_48x.o
    0x08001638   0x08001638   0x00000002   Code   RO         1704    i.SysTick_Handler   n32h47x_48x_it.o
    0x0800163a   0x0800163a   0x00000002   PAD
    0x0800163c   0x0800163c   0x000000cc   Code   RO           16    i.SystemInit        system_n32h47x_48x.o
    0x08001708   0x08001708   0x00000016   Code   RO          813    i.USART_Enable      n32h47x_48x_usart.o
    0x0800171e   0x0800171e   0x00000010   Code   RO          822    i.USART_GetFlagStatus  n32h47x_48x_usart.o
    0x0800172e   0x0800172e   0x00000002   PAD
    0x08001730   0x08001730   0x000000f8   Code   RO          828    i.USART_Init        n32h47x_48x_usart.o
    0x08001828   0x08001828   0x00000008   Code   RO          835    i.USART_SendData    n32h47x_48x_usart.o
    0x08001830   0x08001830   0x00000004   Code   RO         1705    i.UsageFault_Handler  n32h47x_48x_it.o
    0x08001834   0x08001834   0x00000020   Code   RO         2034    i.__0printf$8       mc_w.l(printf8.o)
    0x08001854   0x08001854   0x0000000e   Code   RO         2136    i.__scatterload_copy  mc_w.l(handlers.o)
    0x08001862   0x08001862   0x00000002   Code   RO         2137    i.__scatterload_null  mc_w.l(handlers.o)
    0x08001864   0x08001864   0x0000000e   Code   RO         2138    i.__scatterload_zeroinit  mc_w.l(handlers.o)
    0x08001872   0x08001872   0x00000002   PAD
    0x08001874   0x08001874   0x00000404   Code   RO         2041    i._printf_core      mc_w.l(printf8.o)
    0x08001c78   0x08001c78   0x00000024   Code   RO         2042    i._printf_post_padding  mc_w.l(printf8.o)
    0x08001c9c   0x08001c9c   0x0000002e   Code   RO         2043    i._printf_pre_padding  mc_w.l(printf8.o)
    0x08001cca   0x08001cca   0x00000012   Code   RO         1595    i.buf_clear         main.o
    0x08001cdc   0x08001cdc   0x00000068   Code   RO         1783    i.fputc             log.o
    0x08001d44   0x08001d44   0x0000007c   Code   RO         1784    i.log_init          log.o
    0x08001dc0   0x08001dc0   0x000001d0   Code   RO         1596    i.main              main.o
    0x08001f90   0x08001f90   0x00000010   Data   RO          413    .constdata          n32h47x_48x_rcc.o
    0x08001fa0   0x08001fa0   0x00000010   Data   RO         1146    .constdata          n32h47x_48x_fdcan.o
    0x08001fb0   0x08001fb0   0x00000042   Data   RO         1598    .conststring        main.o
    0x08001ff2   0x08001ff2   0x00000002   PAD
    0x08001ff4   0x08001ff4   0x00000020   Data   RO         2134    Region$$Table       anon$$obj.o


    Execution Region RW_IRAM1 (Exec base: 0x20000000, Load base: 0x08002014, Size: 0x00001568, Max: 0x00030000, ABSOLUTE)

    Exec Addr    Load Addr    Size         Type   Attr      Idx    E Section Name        Object

    0x20000000   0x08002014   0x00000004   Data   RW           17    .data               system_n32h47x_48x.o
    0x20000004   0x08002018   0x00000030   Data   RW         1599    .data               main.o
    0x20000034   0x08002048   0x00000004   Data   RW         1785    .data               log.o
    0x20000038   0x0800204c   0x00000004   Data   RW         2110    .data               mc_w.l(stdout.o)
    0x2000003c        -       0x0000000c   Zero   RW         1145    .bss                n32h47x_48x_fdcan.o
    0x20000048        -       0x0000051c   Zero   RW         1597    .bss                main.o
    0x20000564   0x08002050   0x00000004   PAD
    0x20000568        -       0x00001000   Zero   RW            1    STACK               startup_n32h47x_48x.o


==============================================================================

Image component sizes


      Code (inc. data)   RO Data    RW Data    ZI Data      Debug   Object Name

       228         18          0          4          0       1699   log.o
      1658        332         66         48       1308      11093   main.o
       112         12          0          0          0       3820   misc.o
       204         14          0          0          0       5553   n32h47x_48x_exti.o
      1930         90         16          0         12      37342   n32h47x_48x_fdcan.o
       230          6          0          0          0      77218   n32h47x_48x_gpio.o
       128         22          0          0          0       6066   n32h47x_48x_it.o
       700         82         16          0          0       6671   n32h47x_48x_rcc.o
       294         20          0          0          0      11495   n32h47x_48x_usart.o
        36          8        536          0       4096       1008   startup_n32h47x_48x.o
       580         68          0          4          0     544151   system_n32h47x_48x.o

    ----------------------------------------------------------------------
      6114        672        668         56       5420     706116   Object Totals
         0          0         32          0          0          0   (incl. Generated)
        14          0          2          0          4          0   (incl. Padding)

    ----------------------------------------------------------------------

      Code (inc. data)   RO Data    RW Data    ZI Data      Debug   Library Member Name

         0          0          0          0          0          0   entry.o
         0          0          0          0          0          0   entry10a.o
         0          0          0          0          0          0   entry11a.o
         4          0          0          0          0          0   entry12b.o
         8          4          0          0          0          0   entry2.o
         4          0          0          0          0          0   entry5.o
         0          0          0          0          0          0   entry7b.o
         0          0          0          0          0          0   entry8b.o
         8          4          0          0          0          0   entry9a.o
        30          0          0          0          0          0   handlers.o
        36          8          0          0          0         68   init.o
        30          0          0          0          0         68   llshl.o
        32          0          0          0          0         68   llushr.o
        36          0          0          0          0         68   memcpya.o
      1142         54          0          0          0        352   printf8.o
         0          0          0          4          0          0   stdout.o
        98          0          0          0          0         92   uldiv.o

    ----------------------------------------------------------------------
      1430         70          0          4          0        716   Library Totals
         2          0          0          0          0          0   (incl. Padding)

    ----------------------------------------------------------------------

      Code (inc. data)   RO Data    RW Data    ZI Data      Debug   Library Name

      1428         70          0          4          0        716   mc_w.l

    ----------------------------------------------------------------------
      1430         70          0          4          0        716   Library Totals

    ----------------------------------------------------------------------

==============================================================================


      Code (inc. data)   RO Data    RW Data    ZI Data      Debug   

      7544        742        668         60       5420     700624   Grand Totals
      7544        742        668         60       5420     700624   ELF Image Totals
      7544        742        668         60          0          0   ROM Totals

==============================================================================

    Total RO  Size (Code + RO Data)                 8212 (   8.02kB)
    Total RW  Size (RW Data + ZI Data)              5480 (   5.35kB)
    Total ROM Size (Code + RO Data + RW Data)       8272 (   8.08kB)

==============================================================================

