<!doctype html public "-//w3c//dtd html 4.0 transitional//en">
<html><head>
<title>Static Call Graph - [.\Objects\can.axf]</title></head>
<body><HR>
<H1>Static Call Graph for image .\Objects\can.axf</H1><HR>
<BR><P>#&#060CALLGRAPH&#062# ARM Linker, 5060960: Last Updated: Wed May 20 09:05:08 2026
<BR><P>
<H3>Maximum Stack Usage =        428 bytes + Unknown(Functions without stacksize, Cycles, Untraceable Function Pointers)</H3><H3>
Call chain for Maximum Stack Depth:</H3>
CAN1_RX_IRQHandler &rArr; Parse_CAN_Frame &rArr; IAP_Handle &rArr; IAP_Request_Data &rArr; CAN_PushFrame &rArr; CAN_Form_Exid
<P>
<H3>
Functions with no stack information
</H3><UL>
 <LI><a href="#[7e]">__user_initial_stackheap</a>
</UL>
</UL>
<P>
<H3>
Mutually Recursive functions
</H3> <LI><a href="#[62]">ACC_IRQHandler</a>&nbsp;&nbsp;&nbsp;&rArr;&nbsp;&nbsp;&nbsp;<a href="#[62]">ACC_IRQHandler</a><BR>
 <LI><a href="#[7]">BusFault_Handler</a>&nbsp;&nbsp;&nbsp;&rArr;&nbsp;&nbsp;&nbsp;<a href="#[7]">BusFault_Handler</a><BR>
 <LI><a href="#[6]">MemManage_Handler</a>&nbsp;&nbsp;&nbsp;&rArr;&nbsp;&nbsp;&nbsp;<a href="#[6]">MemManage_Handler</a><BR>
 <LI><a href="#[4]">NMI_Handler</a>&nbsp;&nbsp;&nbsp;&rArr;&nbsp;&nbsp;&nbsp;<a href="#[4]">NMI_Handler</a><BR>
 <LI><a href="#[8]">UsageFault_Handler</a>&nbsp;&nbsp;&nbsp;&rArr;&nbsp;&nbsp;&nbsp;<a href="#[8]">UsageFault_Handler</a><BR>
</UL>
<P>
<H3>
Function Pointers
</H3><UL>
 <LI><a href="#[62]">ACC_IRQHandler</a> from startup_at32f45x.o(.text) referenced from startup_at32f45x.o(RESET)
 <LI><a href="#[1f]">ADC1_2_IRQHandler</a> from startup_at32f45x.o(.text) referenced from startup_at32f45x.o(RESET)
 <LI><a href="#[59]">AES_IRQHandler</a> from startup_at32f45x.o(.text) referenced from startup_at32f45x.o(RESET)
 <LI><a href="#[7]">BusFault_Handler</a> from at32f45x_int.o(i.BusFault_Handler) referenced from startup_at32f45x.o(RESET)
 <LI><a href="#[23]">CAN1_ERR_IRQHandler</a> from bsp_can.o(i.CAN1_ERR_IRQHandler) referenced from startup_at32f45x.o(RESET)
 <LI><a href="#[21]">CAN1_RX_IRQHandler</a> from bl_can.o(i.CAN1_RX_IRQHandler) referenced from startup_at32f45x.o(RESET)
 <LI><a href="#[22]">CAN1_STAT_IRQHandler</a> from startup_at32f45x.o(.text) referenced from startup_at32f45x.o(RESET)
 <LI><a href="#[20]">CAN1_TX_IRQHandler</a> from startup_at32f45x.o(.text) referenced from startup_at32f45x.o(RESET)
 <LI><a href="#[4e]">CAN2_ERR_IRQHandler</a> from startup_at32f45x.o(.text) referenced from startup_at32f45x.o(RESET)
 <LI><a href="#[4c]">CAN2_RX_IRQHandler</a> from startup_at32f45x.o(.text) referenced from startup_at32f45x.o(RESET)
 <LI><a href="#[4d]">CAN2_STAT_IRQHandler</a> from startup_at32f45x.o(.text) referenced from startup_at32f45x.o(RESET)
 <LI><a href="#[4b]">CAN2_TX_IRQHandler</a> from startup_at32f45x.o(.text) referenced from startup_at32f45x.o(RESET)
 <LI><a href="#[58]">CAN3_ERR_IRQHandler</a> from startup_at32f45x.o(.text) referenced from startup_at32f45x.o(RESET)
 <LI><a href="#[56]">CAN3_RX_IRQHandler</a> from startup_at32f45x.o(.text) referenced from startup_at32f45x.o(RESET)
 <LI><a href="#[57]">CAN3_STAT_IRQHandler</a> from startup_at32f45x.o(.text) referenced from startup_at32f45x.o(RESET)
 <LI><a href="#[55]">CAN3_TX_IRQHandler</a> from startup_at32f45x.o(.text) referenced from startup_at32f45x.o(RESET)
 <LI><a href="#[12]">CRM_IRQHandler</a> from startup_at32f45x.o(.text) referenced from startup_at32f45x.o(RESET)
 <LI><a href="#[18]">DMA1_Channel1_IRQHandler</a> from startup_at32f45x.o(.text) referenced from startup_at32f45x.o(RESET)
 <LI><a href="#[19]">DMA1_Channel2_IRQHandler</a> from startup_at32f45x.o(.text) referenced from startup_at32f45x.o(RESET)
 <LI><a href="#[1a]">DMA1_Channel3_IRQHandler</a> from startup_at32f45x.o(.text) referenced from startup_at32f45x.o(RESET)
 <LI><a href="#[1b]">DMA1_Channel4_IRQHandler</a> from startup_at32f45x.o(.text) referenced from startup_at32f45x.o(RESET)
 <LI><a href="#[1c]">DMA1_Channel5_IRQHandler</a> from startup_at32f45x.o(.text) referenced from startup_at32f45x.o(RESET)
 <LI><a href="#[1d]">DMA1_Channel6_IRQHandler</a> from startup_at32f45x.o(.text) referenced from startup_at32f45x.o(RESET)
 <LI><a href="#[1e]">DMA1_Channel7_IRQHandler</a> from startup_at32f45x.o(.text) referenced from startup_at32f45x.o(RESET)
 <LI><a href="#[44]">DMA2_Channel1_IRQHandler</a> from startup_at32f45x.o(.text) referenced from startup_at32f45x.o(RESET)
 <LI><a href="#[45]">DMA2_Channel2_IRQHandler</a> from startup_at32f45x.o(.text) referenced from startup_at32f45x.o(RESET)
 <LI><a href="#[46]">DMA2_Channel3_IRQHandler</a> from startup_at32f45x.o(.text) referenced from startup_at32f45x.o(RESET)
 <LI><a href="#[47]">DMA2_Channel4_IRQHandler</a> from startup_at32f45x.o(.text) referenced from startup_at32f45x.o(RESET)
 <LI><a href="#[48]">DMA2_Channel5_IRQHandler</a> from startup_at32f45x.o(.text) referenced from startup_at32f45x.o(RESET)
 <LI><a href="#[50]">DMA2_Channel6_IRQHandler</a> from startup_at32f45x.o(.text) referenced from startup_at32f45x.o(RESET)
 <LI><a href="#[51]">DMA2_Channel7_IRQHandler</a> from startup_at32f45x.o(.text) referenced from startup_at32f45x.o(RESET)
 <LI><a href="#[61]">DMAMUX_IRQHandler</a> from startup_at32f45x.o(.text) referenced from startup_at32f45x.o(RESET)
 <LI><a href="#[a]">DebugMon_Handler</a> from at32f45x_int.o(i.DebugMon_Handler) referenced from startup_at32f45x.o(RESET)
 <LI><a href="#[49]">EMAC_IRQHandler</a> from startup_at32f45x.o(.text) referenced from startup_at32f45x.o(RESET)
 <LI><a href="#[4a]">EMAC_WKUP_IRQHandler</a> from startup_at32f45x.o(.text) referenced from startup_at32f45x.o(RESET)
 <LI><a href="#[36]">ERTCAlarm_IRQHandler</a> from startup_at32f45x.o(.text) referenced from startup_at32f45x.o(RESET)
 <LI><a href="#[10]">ERTC_WKUP_IRQHandler</a> from startup_at32f45x.o(.text) referenced from startup_at32f45x.o(RESET)
 <LI><a href="#[13]">EXINT0_IRQHandler</a> from startup_at32f45x.o(.text) referenced from startup_at32f45x.o(RESET)
 <LI><a href="#[35]">EXINT15_10_IRQHandler</a> from startup_at32f45x.o(.text) referenced from startup_at32f45x.o(RESET)
 <LI><a href="#[14]">EXINT1_IRQHandler</a> from startup_at32f45x.o(.text) referenced from startup_at32f45x.o(RESET)
 <LI><a href="#[15]">EXINT2_IRQHandler</a> from startup_at32f45x.o(.text) referenced from startup_at32f45x.o(RESET)
 <LI><a href="#[16]">EXINT3_IRQHandler</a> from startup_at32f45x.o(.text) referenced from startup_at32f45x.o(RESET)
 <LI><a href="#[17]">EXINT4_IRQHandler</a> from startup_at32f45x.o(.text) referenced from startup_at32f45x.o(RESET)
 <LI><a href="#[24]">EXINT9_5_IRQHandler</a> from startup_at32f45x.o(.text) referenced from startup_at32f45x.o(RESET)
 <LI><a href="#[11]">FLASH_IRQHandler</a> from startup_at32f45x.o(.text) referenced from startup_at32f45x.o(RESET)
 <LI><a href="#[5b]">FPU_IRQHandler</a> from startup_at32f45x.o(.text) referenced from startup_at32f45x.o(RESET)
 <LI><a href="#[5]">HardFault_Handler</a> from main.o(i.HardFault_Handler) referenced from startup_at32f45x.o(RESET)
 <LI><a href="#[2d]">I2C1_ERR_IRQHandler</a> from startup_at32f45x.o(.text) referenced from startup_at32f45x.o(RESET)
 <LI><a href="#[2c]">I2C1_EVT_IRQHandler</a> from startup_at32f45x.o(.text) referenced from startup_at32f45x.o(RESET)
 <LI><a href="#[2f]">I2C2_ERR_IRQHandler</a> from startup_at32f45x.o(.text) referenced from startup_at32f45x.o(RESET)
 <LI><a href="#[2e]">I2C2_EVT_IRQHandler</a> from startup_at32f45x.o(.text) referenced from startup_at32f45x.o(RESET)
 <LI><a href="#[54]">I2C3_ERR_IRQHandler</a> from startup_at32f45x.o(.text) referenced from startup_at32f45x.o(RESET)
 <LI><a href="#[53]">I2C3_EVT_IRQHandler</a> from startup_at32f45x.o(.text) referenced from startup_at32f45x.o(RESET)
 <LI><a href="#[5f]">I2SF5_IRQHandler</a> from startup_at32f45x.o(.text) referenced from startup_at32f45x.o(RESET)
 <LI><a href="#[6]">MemManage_Handler</a> from at32f45x_int.o(i.MemManage_Handler) referenced from startup_at32f45x.o(RESET)
 <LI><a href="#[4]">NMI_Handler</a> from at32f45x_int.o(i.NMI_Handler) referenced from startup_at32f45x.o(RESET)
 <LI><a href="#[4f]">OTGFS1_IRQHandler</a> from startup_at32f45x.o(.text) referenced from startup_at32f45x.o(RESET)
 <LI><a href="#[37]">OTGFS1_WKUP_IRQHandler</a> from startup_at32f45x.o(.text) referenced from startup_at32f45x.o(RESET)
 <LI><a href="#[e]">PVM_IRQHandler</a> from startup_at32f45x.o(.text) referenced from startup_at32f45x.o(RESET)
 <LI><a href="#[b]">PendSV_Handler</a> from at32f45x_int.o(i.PendSV_Handler) referenced from startup_at32f45x.o(RESET)
 <LI><a href="#[60]">QSPI1_IRQHandler</a> from startup_at32f45x.o(.text) referenced from startup_at32f45x.o(RESET)
 <LI><a href="#[3]">Reset_Handler</a> from startup_at32f45x.o(.text) referenced from startup_at32f45x.o(RESET)
 <LI><a href="#[3d]">SDIO1_IRQHandler</a> from startup_at32f45x.o(.text) referenced from startup_at32f45x.o(RESET)
 <LI><a href="#[30]">SPI1_IRQHandler</a> from startup_at32f45x.o(.text) referenced from startup_at32f45x.o(RESET)
 <LI><a href="#[31]">SPI2_I2S2EXT_IRQHandler</a> from startup_at32f45x.o(.text) referenced from startup_at32f45x.o(RESET)
 <LI><a href="#[3f]">SPI3_I2S3EXT_IRQHandler</a> from startup_at32f45x.o(.text) referenced from startup_at32f45x.o(RESET)
 <LI><a href="#[5e]">SPI4_IRQHandler</a> from startup_at32f45x.o(.text) referenced from startup_at32f45x.o(RESET)
 <LI><a href="#[9]">SVC_Handler</a> from at32f45x_int.o(i.SVC_Handler) referenced from startup_at32f45x.o(RESET)
 <LI><a href="#[c]">SysTick_Handler</a> from at32f45x_int.o(i.SysTick_Handler) referenced from startup_at32f45x.o(RESET)
 <LI><a href="#[63]">SystemInit</a> from system_at32f45x.o(i.SystemInit) referenced from startup_at32f45x.o(.text)
 <LI><a href="#[f]">TAMP_STAMP_IRQHandler</a> from startup_at32f45x.o(.text) referenced from startup_at32f45x.o(RESET)
 <LI><a href="#[25]">TMR1_BRK_TMR9_IRQHandler</a> from startup_at32f45x.o(.text) referenced from startup_at32f45x.o(RESET)
 <LI><a href="#[28]">TMR1_CH_IRQHandler</a> from startup_at32f45x.o(.text) referenced from startup_at32f45x.o(RESET)
 <LI><a href="#[26]">TMR1_OVF_TMR10_IRQHandler</a> from startup_at32f45x.o(.text) referenced from startup_at32f45x.o(RESET)
 <LI><a href="#[27]">TMR1_TRG_HALL_TMR11_IRQHandler</a> from startup_at32f45x.o(.text) referenced from startup_at32f45x.o(RESET)
 <LI><a href="#[29]">TMR2_GLOBAL_IRQHandler</a> from universal_init.o(i.TMR2_GLOBAL_IRQHandler) referenced from startup_at32f45x.o(RESET)
 <LI><a href="#[2a]">TMR3_GLOBAL_IRQHandler</a> from startup_at32f45x.o(.text) referenced from startup_at32f45x.o(RESET)
 <LI><a href="#[2b]">TMR4_GLOBAL_IRQHandler</a> from startup_at32f45x.o(.text) referenced from startup_at32f45x.o(RESET)
 <LI><a href="#[3e]">TMR5_GLOBAL_IRQHandler</a> from startup_at32f45x.o(.text) referenced from startup_at32f45x.o(RESET)
 <LI><a href="#[42]">TMR6_DAC_GLOBAL_IRQHandler</a> from startup_at32f45x.o(.text) referenced from startup_at32f45x.o(RESET)
 <LI><a href="#[43]">TMR7_GLOBAL_IRQHandler</a> from startup_at32f45x.o(.text) referenced from startup_at32f45x.o(RESET)
 <LI><a href="#[38]">TMR8_BRK_TMR12_IRQHandler</a> from startup_at32f45x.o(.text) referenced from startup_at32f45x.o(RESET)
 <LI><a href="#[3b]">TMR8_CH_IRQHandler</a> from startup_at32f45x.o(.text) referenced from startup_at32f45x.o(RESET)
 <LI><a href="#[39]">TMR8_OVF_TMR13_IRQHandler</a> from startup_at32f45x.o(.text) referenced from startup_at32f45x.o(RESET)
 <LI><a href="#[3a]">TMR8_TRG_HALL_TMR14_IRQHandler</a> from startup_at32f45x.o(.text) referenced from startup_at32f45x.o(RESET)
 <LI><a href="#[5a]">TRNG_IRQHandler</a> from startup_at32f45x.o(.text) referenced from startup_at32f45x.o(RESET)
 <LI><a href="#[32]">USART1_IRQHandler</a> from startup_at32f45x.o(.text) referenced from startup_at32f45x.o(RESET)
 <LI><a href="#[33]">USART2_IRQHandler</a> from startup_at32f45x.o(.text) referenced from startup_at32f45x.o(RESET)
 <LI><a href="#[34]">USART3_IRQHandler</a> from startup_at32f45x.o(.text) referenced from startup_at32f45x.o(RESET)
 <LI><a href="#[40]">USART4_IRQHandler</a> from startup_at32f45x.o(.text) referenced from startup_at32f45x.o(RESET)
 <LI><a href="#[41]">USART5_IRQHandler</a> from startup_at32f45x.o(.text) referenced from startup_at32f45x.o(RESET)
 <LI><a href="#[52]">USART6_IRQHandler</a> from startup_at32f45x.o(.text) referenced from startup_at32f45x.o(RESET)
 <LI><a href="#[5c]">USART7_IRQHandler</a> from startup_at32f45x.o(.text) referenced from startup_at32f45x.o(RESET)
 <LI><a href="#[5d]">USART8_IRQHandler</a> from startup_at32f45x.o(.text) referenced from startup_at32f45x.o(RESET)
 <LI><a href="#[8]">UsageFault_Handler</a> from at32f45x_int.o(i.UsageFault_Handler) referenced from startup_at32f45x.o(RESET)
 <LI><a href="#[d]">WWDT_IRQHandler</a> from startup_at32f45x.o(.text) referenced from startup_at32f45x.o(RESET)
 <LI><a href="#[3c]">XMC_IRQHandler</a> from startup_at32f45x.o(.text) referenced from startup_at32f45x.o(RESET)
 <LI><a href="#[65]">__main</a> from __main.o(!!!main) referenced from startup_at32f45x.o(.text)
</UL>
<P>
<H3>
Global Symbols
</H3>
<P><STRONG><a name="[65]"></a>__main</STRONG> (Thumb, 8 bytes, Stack size 0 bytes, __main.o(!!!main))
<BR><BR>[Calls]<UL><LI><a href="#[67]">&gt;&gt;</a>&nbsp;&nbsp;&nbsp;__rt_entry
<LI><a href="#[66]">&gt;&gt;</a>&nbsp;&nbsp;&nbsp;__scatterload
</UL>

<P><STRONG><a name="[66]"></a>__scatterload</STRONG> (Thumb, 0 bytes, Stack size unknown bytes, __scatter.o(!!!scatter))
<BR><BR>[Called By]<UL><LI><a href="#[65]">&gt;&gt;</a>&nbsp;&nbsp;&nbsp;__main
</UL>

<P><STRONG><a name="[68]"></a>__scatterload_rt2</STRONG> (Thumb, 44 bytes, Stack size unknown bytes, __scatter.o(!!!scatter), UNUSED)
<BR><BR>[Calls]<UL><LI><a href="#[67]">&gt;&gt;</a>&nbsp;&nbsp;&nbsp;__rt_entry
</UL>

<P><STRONG><a name="[dd]"></a>__scatterload_rt2_thumb_only</STRONG> (Thumb, 0 bytes, Stack size unknown bytes, __scatter.o(!!!scatter), UNUSED)

<P><STRONG><a name="[de]"></a>__scatterload_null</STRONG> (Thumb, 0 bytes, Stack size unknown bytes, __scatter.o(!!!scatter), UNUSED)

<P><STRONG><a name="[69]"></a>__scatterload_copy</STRONG> (Thumb, 26 bytes, Stack size unknown bytes, __scatter_copy.o(!!handler_copy), UNUSED)
<BR><BR>[Calls]<UL><LI><a href="#[69]">&gt;&gt;</a>&nbsp;&nbsp;&nbsp;__scatterload_copy
</UL>
<BR>[Called By]<UL><LI><a href="#[69]">&gt;&gt;</a>&nbsp;&nbsp;&nbsp;__scatterload_copy
</UL>

<P><STRONG><a name="[df]"></a>__scatterload_zeroinit</STRONG> (Thumb, 28 bytes, Stack size unknown bytes, __scatter_zi.o(!!handler_zi), UNUSED)

<P><STRONG><a name="[6f]"></a>__rt_lib_init</STRONG> (Thumb, 0 bytes, Stack size unknown bytes, libinit.o(.ARM.Collect$$libinit$$00000000))
<BR><BR>[Called By]<UL><LI><a href="#[6e]">&gt;&gt;</a>&nbsp;&nbsp;&nbsp;__rt_entry_li
</UL>

<P><STRONG><a name="[6a]"></a>__rt_lib_init_fp_1</STRONG> (Thumb, 0 bytes, Stack size unknown bytes, libinit2.o(.ARM.Collect$$libinit$$00000001))
<BR><BR>[Calls]<UL><LI><a href="#[6b]">&gt;&gt;</a>&nbsp;&nbsp;&nbsp;_fp_init
</UL>

<P><STRONG><a name="[e0]"></a>__rt_lib_init_alloca_1</STRONG> (Thumb, 0 bytes, Stack size unknown bytes, libinit2.o(.ARM.Collect$$libinit$$0000002E))

<P><STRONG><a name="[e1]"></a>__rt_lib_init_argv_1</STRONG> (Thumb, 0 bytes, Stack size unknown bytes, libinit2.o(.ARM.Collect$$libinit$$0000002C))

<P><STRONG><a name="[e2]"></a>__rt_lib_init_atexit_1</STRONG> (Thumb, 0 bytes, Stack size unknown bytes, libinit2.o(.ARM.Collect$$libinit$$0000001B))

<P><STRONG><a name="[e3]"></a>__rt_lib_init_clock_1</STRONG> (Thumb, 0 bytes, Stack size unknown bytes, libinit2.o(.ARM.Collect$$libinit$$00000021))

<P><STRONG><a name="[e4]"></a>__rt_lib_init_cpp_1</STRONG> (Thumb, 0 bytes, Stack size unknown bytes, libinit2.o(.ARM.Collect$$libinit$$00000032))

<P><STRONG><a name="[e5]"></a>__rt_lib_init_exceptions_1</STRONG> (Thumb, 0 bytes, Stack size unknown bytes, libinit2.o(.ARM.Collect$$libinit$$00000030))

<P><STRONG><a name="[e6]"></a>__rt_lib_init_fp_trap_1</STRONG> (Thumb, 0 bytes, Stack size unknown bytes, libinit2.o(.ARM.Collect$$libinit$$0000001F))

<P><STRONG><a name="[e7]"></a>__rt_lib_init_getenv_1</STRONG> (Thumb, 0 bytes, Stack size unknown bytes, libinit2.o(.ARM.Collect$$libinit$$00000023))

<P><STRONG><a name="[e8]"></a>__rt_lib_init_heap_1</STRONG> (Thumb, 0 bytes, Stack size unknown bytes, libinit2.o(.ARM.Collect$$libinit$$0000000A))

<P><STRONG><a name="[e9]"></a>__rt_lib_init_lc_collate_1</STRONG> (Thumb, 0 bytes, Stack size unknown bytes, libinit2.o(.ARM.Collect$$libinit$$00000011))

<P><STRONG><a name="[ea]"></a>__rt_lib_init_lc_ctype_1</STRONG> (Thumb, 0 bytes, Stack size unknown bytes, libinit2.o(.ARM.Collect$$libinit$$00000013))

<P><STRONG><a name="[eb]"></a>__rt_lib_init_lc_monetary_1</STRONG> (Thumb, 0 bytes, Stack size unknown bytes, libinit2.o(.ARM.Collect$$libinit$$00000015))

<P><STRONG><a name="[ec]"></a>__rt_lib_init_lc_numeric_1</STRONG> (Thumb, 0 bytes, Stack size unknown bytes, libinit2.o(.ARM.Collect$$libinit$$00000017))

<P><STRONG><a name="[ed]"></a>__rt_lib_init_lc_time_1</STRONG> (Thumb, 0 bytes, Stack size unknown bytes, libinit2.o(.ARM.Collect$$libinit$$00000019))

<P><STRONG><a name="[ee]"></a>__rt_lib_init_preinit_1</STRONG> (Thumb, 0 bytes, Stack size unknown bytes, libinit2.o(.ARM.Collect$$libinit$$00000004))

<P><STRONG><a name="[ef]"></a>__rt_lib_init_rand_1</STRONG> (Thumb, 0 bytes, Stack size unknown bytes, libinit2.o(.ARM.Collect$$libinit$$0000000E))

<P><STRONG><a name="[f0]"></a>__rt_lib_init_return</STRONG> (Thumb, 0 bytes, Stack size unknown bytes, libinit2.o(.ARM.Collect$$libinit$$00000033))

<P><STRONG><a name="[f1]"></a>__rt_lib_init_signal_1</STRONG> (Thumb, 0 bytes, Stack size unknown bytes, libinit2.o(.ARM.Collect$$libinit$$0000001D))

<P><STRONG><a name="[f2]"></a>__rt_lib_init_stdio_1</STRONG> (Thumb, 0 bytes, Stack size unknown bytes, libinit2.o(.ARM.Collect$$libinit$$00000025))

<P><STRONG><a name="[f3]"></a>__rt_lib_init_user_alloc_1</STRONG> (Thumb, 0 bytes, Stack size unknown bytes, libinit2.o(.ARM.Collect$$libinit$$0000000C))

<P><STRONG><a name="[74]"></a>__rt_lib_shutdown</STRONG> (Thumb, 0 bytes, Stack size unknown bytes, libshutdown.o(.ARM.Collect$$libshutdown$$00000000))
<BR><BR>[Called By]<UL><LI><a href="#[73]">&gt;&gt;</a>&nbsp;&nbsp;&nbsp;__rt_exit_ls
</UL>

<P><STRONG><a name="[f4]"></a>__rt_lib_shutdown_cpp_1</STRONG> (Thumb, 0 bytes, Stack size unknown bytes, libshutdown2.o(.ARM.Collect$$libshutdown$$00000004))

<P><STRONG><a name="[f5]"></a>__rt_lib_shutdown_fini_1</STRONG> (Thumb, 0 bytes, Stack size unknown bytes, libshutdown2.o(.ARM.Collect$$libshutdown$$00000002))

<P><STRONG><a name="[f6]"></a>__rt_lib_shutdown_fp_trap_1</STRONG> (Thumb, 0 bytes, Stack size unknown bytes, libshutdown2.o(.ARM.Collect$$libshutdown$$00000009))

<P><STRONG><a name="[f7]"></a>__rt_lib_shutdown_heap_1</STRONG> (Thumb, 0 bytes, Stack size unknown bytes, libshutdown2.o(.ARM.Collect$$libshutdown$$00000011))

<P><STRONG><a name="[f8]"></a>__rt_lib_shutdown_return</STRONG> (Thumb, 0 bytes, Stack size unknown bytes, libshutdown2.o(.ARM.Collect$$libshutdown$$00000012))

<P><STRONG><a name="[f9]"></a>__rt_lib_shutdown_signal_1</STRONG> (Thumb, 0 bytes, Stack size unknown bytes, libshutdown2.o(.ARM.Collect$$libshutdown$$0000000C))

<P><STRONG><a name="[fa]"></a>__rt_lib_shutdown_stdio_1</STRONG> (Thumb, 0 bytes, Stack size unknown bytes, libshutdown2.o(.ARM.Collect$$libshutdown$$00000006))

<P><STRONG><a name="[fb]"></a>__rt_lib_shutdown_user_alloc_1</STRONG> (Thumb, 0 bytes, Stack size unknown bytes, libshutdown2.o(.ARM.Collect$$libshutdown$$0000000E))

<P><STRONG><a name="[67]"></a>__rt_entry</STRONG> (Thumb, 0 bytes, Stack size unknown bytes, __rtentry.o(.ARM.Collect$$rtentry$$00000000))
<BR><BR>[Called By]<UL><LI><a href="#[65]">&gt;&gt;</a>&nbsp;&nbsp;&nbsp;__main
<LI><a href="#[68]">&gt;&gt;</a>&nbsp;&nbsp;&nbsp;__scatterload_rt2
</UL>

<P><STRONG><a name="[fc]"></a>__rt_entry_presh_1</STRONG> (Thumb, 0 bytes, Stack size unknown bytes, __rtentry2.o(.ARM.Collect$$rtentry$$00000002))

<P><STRONG><a name="[6c]"></a>__rt_entry_sh</STRONG> (Thumb, 0 bytes, Stack size unknown bytes, __rtentry4.o(.ARM.Collect$$rtentry$$00000004))
<BR><BR>[Stack]<UL><LI>Max Depth = 8 + Unknown Stack Size
<LI>Call Chain = __rt_entry_sh &rArr; __user_setup_stackheap
</UL>
<BR>[Calls]<UL><LI><a href="#[6d]">&gt;&gt;</a>&nbsp;&nbsp;&nbsp;__user_setup_stackheap
</UL>

<P><STRONG><a name="[6e]"></a>__rt_entry_li</STRONG> (Thumb, 0 bytes, Stack size unknown bytes, __rtentry2.o(.ARM.Collect$$rtentry$$0000000A))
<BR><BR>[Calls]<UL><LI><a href="#[6f]">&gt;&gt;</a>&nbsp;&nbsp;&nbsp;__rt_lib_init
</UL>

<P><STRONG><a name="[fd]"></a>__rt_entry_postsh_1</STRONG> (Thumb, 0 bytes, Stack size unknown bytes, __rtentry2.o(.ARM.Collect$$rtentry$$00000009))

<P><STRONG><a name="[70]"></a>__rt_entry_main</STRONG> (Thumb, 0 bytes, Stack size unknown bytes, __rtentry2.o(.ARM.Collect$$rtentry$$0000000D))
<BR><BR>[Stack]<UL><LI>Max Depth = 172 + Unknown Stack Size
<LI>Call Chain = __rt_entry_main &rArr; main &rArr; Can_Check_Send &rArr; Bsp_Can_Transmit_Classic_Extended &rArr; can_txbuf_write
</UL>
<BR>[Calls]<UL><LI><a href="#[71]">&gt;&gt;</a>&nbsp;&nbsp;&nbsp;main
<LI><a href="#[72]">&gt;&gt;</a>&nbsp;&nbsp;&nbsp;exit
</UL>

<P><STRONG><a name="[fe]"></a>__rt_entry_postli_1</STRONG> (Thumb, 0 bytes, Stack size unknown bytes, __rtentry2.o(.ARM.Collect$$rtentry$$0000000C))

<P><STRONG><a name="[7f]"></a>__rt_exit</STRONG> (Thumb, 0 bytes, Stack size unknown bytes, rtexit.o(.ARM.Collect$$rtexit$$00000000))
<BR><BR>[Called By]<UL><LI><a href="#[72]">&gt;&gt;</a>&nbsp;&nbsp;&nbsp;exit
</UL>

<P><STRONG><a name="[73]"></a>__rt_exit_ls</STRONG> (Thumb, 0 bytes, Stack size unknown bytes, rtexit2.o(.ARM.Collect$$rtexit$$00000003))
<BR><BR>[Calls]<UL><LI><a href="#[74]">&gt;&gt;</a>&nbsp;&nbsp;&nbsp;__rt_lib_shutdown
</UL>

<P><STRONG><a name="[ff]"></a>__rt_exit_prels_1</STRONG> (Thumb, 0 bytes, Stack size unknown bytes, rtexit2.o(.ARM.Collect$$rtexit$$00000002))

<P><STRONG><a name="[75]"></a>__rt_exit_exit</STRONG> (Thumb, 0 bytes, Stack size unknown bytes, rtexit2.o(.ARM.Collect$$rtexit$$00000004))
<BR><BR>[Calls]<UL><LI><a href="#[76]">&gt;&gt;</a>&nbsp;&nbsp;&nbsp;_sys_exit
</UL>

<P><STRONG><a name="[3]"></a>Reset_Handler</STRONG> (Thumb, 8 bytes, Stack size 0 bytes, startup_at32f45x.o(.text))
<BR>[Address Reference Count : 1]<UL><LI> startup_at32f45x.o(RESET)
</UL>
<P><STRONG><a name="[62]"></a>ACC_IRQHandler</STRONG> (Thumb, 0 bytes, Stack size 0 bytes, startup_at32f45x.o(.text))
<BR><BR>[Calls]<UL><LI><a href="#[62]">&gt;&gt;</a>&nbsp;&nbsp;&nbsp;ACC_IRQHandler
</UL>
<BR>[Called By]<UL><LI><a href="#[62]">&gt;&gt;</a>&nbsp;&nbsp;&nbsp;ACC_IRQHandler
</UL>
<BR>[Address Reference Count : 1]<UL><LI> startup_at32f45x.o(RESET)
</UL>
<P><STRONG><a name="[1f]"></a>ADC1_2_IRQHandler</STRONG> (Thumb, 0 bytes, Stack size 0 bytes, startup_at32f45x.o(.text))
<BR>[Address Reference Count : 1]<UL><LI> startup_at32f45x.o(RESET)
</UL>
<P><STRONG><a name="[59]"></a>AES_IRQHandler</STRONG> (Thumb, 0 bytes, Stack size 0 bytes, startup_at32f45x.o(.text))
<BR>[Address Reference Count : 1]<UL><LI> startup_at32f45x.o(RESET)
</UL>
<P><STRONG><a name="[22]"></a>CAN1_STAT_IRQHandler</STRONG> (Thumb, 0 bytes, Stack size 0 bytes, startup_at32f45x.o(.text))
<BR>[Address Reference Count : 1]<UL><LI> startup_at32f45x.o(RESET)
</UL>
<P><STRONG><a name="[20]"></a>CAN1_TX_IRQHandler</STRONG> (Thumb, 0 bytes, Stack size 0 bytes, startup_at32f45x.o(.text))
<BR>[Address Reference Count : 1]<UL><LI> startup_at32f45x.o(RESET)
</UL>
<P><STRONG><a name="[4e]"></a>CAN2_ERR_IRQHandler</STRONG> (Thumb, 0 bytes, Stack size 0 bytes, startup_at32f45x.o(.text))
<BR>[Address Reference Count : 1]<UL><LI> startup_at32f45x.o(RESET)
</UL>
<P><STRONG><a name="[4c]"></a>CAN2_RX_IRQHandler</STRONG> (Thumb, 0 bytes, Stack size 0 bytes, startup_at32f45x.o(.text))
<BR>[Address Reference Count : 1]<UL><LI> startup_at32f45x.o(RESET)
</UL>
<P><STRONG><a name="[4d]"></a>CAN2_STAT_IRQHandler</STRONG> (Thumb, 0 bytes, Stack size 0 bytes, startup_at32f45x.o(.text))
<BR>[Address Reference Count : 1]<UL><LI> startup_at32f45x.o(RESET)
</UL>
<P><STRONG><a name="[4b]"></a>CAN2_TX_IRQHandler</STRONG> (Thumb, 0 bytes, Stack size 0 bytes, startup_at32f45x.o(.text))
<BR>[Address Reference Count : 1]<UL><LI> startup_at32f45x.o(RESET)
</UL>
<P><STRONG><a name="[58]"></a>CAN3_ERR_IRQHandler</STRONG> (Thumb, 0 bytes, Stack size 0 bytes, startup_at32f45x.o(.text))
<BR>[Address Reference Count : 1]<UL><LI> startup_at32f45x.o(RESET)
</UL>
<P><STRONG><a name="[56]"></a>CAN3_RX_IRQHandler</STRONG> (Thumb, 0 bytes, Stack size 0 bytes, startup_at32f45x.o(.text))
<BR>[Address Reference Count : 1]<UL><LI> startup_at32f45x.o(RESET)
</UL>
<P><STRONG><a name="[57]"></a>CAN3_STAT_IRQHandler</STRONG> (Thumb, 0 bytes, Stack size 0 bytes, startup_at32f45x.o(.text))
<BR>[Address Reference Count : 1]<UL><LI> startup_at32f45x.o(RESET)
</UL>
<P><STRONG><a name="[55]"></a>CAN3_TX_IRQHandler</STRONG> (Thumb, 0 bytes, Stack size 0 bytes, startup_at32f45x.o(.text))
<BR>[Address Reference Count : 1]<UL><LI> startup_at32f45x.o(RESET)
</UL>
<P><STRONG><a name="[12]"></a>CRM_IRQHandler</STRONG> (Thumb, 0 bytes, Stack size 0 bytes, startup_at32f45x.o(.text))
<BR>[Address Reference Count : 1]<UL><LI> startup_at32f45x.o(RESET)
</UL>
<P><STRONG><a name="[18]"></a>DMA1_Channel1_IRQHandler</STRONG> (Thumb, 0 bytes, Stack size 0 bytes, startup_at32f45x.o(.text))
<BR>[Address Reference Count : 1]<UL><LI> startup_at32f45x.o(RESET)
</UL>
<P><STRONG><a name="[19]"></a>DMA1_Channel2_IRQHandler</STRONG> (Thumb, 0 bytes, Stack size 0 bytes, startup_at32f45x.o(.text))
<BR>[Address Reference Count : 1]<UL><LI> startup_at32f45x.o(RESET)
</UL>
<P><STRONG><a name="[1a]"></a>DMA1_Channel3_IRQHandler</STRONG> (Thumb, 0 bytes, Stack size 0 bytes, startup_at32f45x.o(.text))
<BR>[Address Reference Count : 1]<UL><LI> startup_at32f45x.o(RESET)
</UL>
<P><STRONG><a name="[1b]"></a>DMA1_Channel4_IRQHandler</STRONG> (Thumb, 0 bytes, Stack size 0 bytes, startup_at32f45x.o(.text))
<BR>[Address Reference Count : 1]<UL><LI> startup_at32f45x.o(RESET)
</UL>
<P><STRONG><a name="[1c]"></a>DMA1_Channel5_IRQHandler</STRONG> (Thumb, 0 bytes, Stack size 0 bytes, startup_at32f45x.o(.text))
<BR>[Address Reference Count : 1]<UL><LI> startup_at32f45x.o(RESET)
</UL>
<P><STRONG><a name="[1d]"></a>DMA1_Channel6_IRQHandler</STRONG> (Thumb, 0 bytes, Stack size 0 bytes, startup_at32f45x.o(.text))
<BR>[Address Reference Count : 1]<UL><LI> startup_at32f45x.o(RESET)
</UL>
<P><STRONG><a name="[1e]"></a>DMA1_Channel7_IRQHandler</STRONG> (Thumb, 0 bytes, Stack size 0 bytes, startup_at32f45x.o(.text))
<BR>[Address Reference Count : 1]<UL><LI> startup_at32f45x.o(RESET)
</UL>
<P><STRONG><a name="[44]"></a>DMA2_Channel1_IRQHandler</STRONG> (Thumb, 0 bytes, Stack size 0 bytes, startup_at32f45x.o(.text))
<BR>[Address Reference Count : 1]<UL><LI> startup_at32f45x.o(RESET)
</UL>
<P><STRONG><a name="[45]"></a>DMA2_Channel2_IRQHandler</STRONG> (Thumb, 0 bytes, Stack size 0 bytes, startup_at32f45x.o(.text))
<BR>[Address Reference Count : 1]<UL><LI> startup_at32f45x.o(RESET)
</UL>
<P><STRONG><a name="[46]"></a>DMA2_Channel3_IRQHandler</STRONG> (Thumb, 0 bytes, Stack size 0 bytes, startup_at32f45x.o(.text))
<BR>[Address Reference Count : 1]<UL><LI> startup_at32f45x.o(RESET)
</UL>
<P><STRONG><a name="[47]"></a>DMA2_Channel4_IRQHandler</STRONG> (Thumb, 0 bytes, Stack size 0 bytes, startup_at32f45x.o(.text))
<BR>[Address Reference Count : 1]<UL><LI> startup_at32f45x.o(RESET)
</UL>
<P><STRONG><a name="[48]"></a>DMA2_Channel5_IRQHandler</STRONG> (Thumb, 0 bytes, Stack size 0 bytes, startup_at32f45x.o(.text))
<BR>[Address Reference Count : 1]<UL><LI> startup_at32f45x.o(RESET)
</UL>
<P><STRONG><a name="[50]"></a>DMA2_Channel6_IRQHandler</STRONG> (Thumb, 0 bytes, Stack size 0 bytes, startup_at32f45x.o(.text))
<BR>[Address Reference Count : 1]<UL><LI> startup_at32f45x.o(RESET)
</UL>
<P><STRONG><a name="[51]"></a>DMA2_Channel7_IRQHandler</STRONG> (Thumb, 0 bytes, Stack size 0 bytes, startup_at32f45x.o(.text))
<BR>[Address Reference Count : 1]<UL><LI> startup_at32f45x.o(RESET)
</UL>
<P><STRONG><a name="[61]"></a>DMAMUX_IRQHandler</STRONG> (Thumb, 0 bytes, Stack size 0 bytes, startup_at32f45x.o(.text))
<BR>[Address Reference Count : 1]<UL><LI> startup_at32f45x.o(RESET)
</UL>
<P><STRONG><a name="[49]"></a>EMAC_IRQHandler</STRONG> (Thumb, 0 bytes, Stack size 0 bytes, startup_at32f45x.o(.text))
<BR>[Address Reference Count : 1]<UL><LI> startup_at32f45x.o(RESET)
</UL>
<P><STRONG><a name="[4a]"></a>EMAC_WKUP_IRQHandler</STRONG> (Thumb, 0 bytes, Stack size 0 bytes, startup_at32f45x.o(.text))
<BR>[Address Reference Count : 1]<UL><LI> startup_at32f45x.o(RESET)
</UL>
<P><STRONG><a name="[36]"></a>ERTCAlarm_IRQHandler</STRONG> (Thumb, 0 bytes, Stack size 0 bytes, startup_at32f45x.o(.text))
<BR>[Address Reference Count : 1]<UL><LI> startup_at32f45x.o(RESET)
</UL>
<P><STRONG><a name="[10]"></a>ERTC_WKUP_IRQHandler</STRONG> (Thumb, 0 bytes, Stack size 0 bytes, startup_at32f45x.o(.text))
<BR>[Address Reference Count : 1]<UL><LI> startup_at32f45x.o(RESET)
</UL>
<P><STRONG><a name="[13]"></a>EXINT0_IRQHandler</STRONG> (Thumb, 0 bytes, Stack size 0 bytes, startup_at32f45x.o(.text))
<BR>[Address Reference Count : 1]<UL><LI> startup_at32f45x.o(RESET)
</UL>
<P><STRONG><a name="[35]"></a>EXINT15_10_IRQHandler</STRONG> (Thumb, 0 bytes, Stack size 0 bytes, startup_at32f45x.o(.text))
<BR>[Address Reference Count : 1]<UL><LI> startup_at32f45x.o(RESET)
</UL>
<P><STRONG><a name="[14]"></a>EXINT1_IRQHandler</STRONG> (Thumb, 0 bytes, Stack size 0 bytes, startup_at32f45x.o(.text))
<BR>[Address Reference Count : 1]<UL><LI> startup_at32f45x.o(RESET)
</UL>
<P><STRONG><a name="[15]"></a>EXINT2_IRQHandler</STRONG> (Thumb, 0 bytes, Stack size 0 bytes, startup_at32f45x.o(.text))
<BR>[Address Reference Count : 1]<UL><LI> startup_at32f45x.o(RESET)
</UL>
<P><STRONG><a name="[16]"></a>EXINT3_IRQHandler</STRONG> (Thumb, 0 bytes, Stack size 0 bytes, startup_at32f45x.o(.text))
<BR>[Address Reference Count : 1]<UL><LI> startup_at32f45x.o(RESET)
</UL>
<P><STRONG><a name="[17]"></a>EXINT4_IRQHandler</STRONG> (Thumb, 0 bytes, Stack size 0 bytes, startup_at32f45x.o(.text))
<BR>[Address Reference Count : 1]<UL><LI> startup_at32f45x.o(RESET)
</UL>
<P><STRONG><a name="[24]"></a>EXINT9_5_IRQHandler</STRONG> (Thumb, 0 bytes, Stack size 0 bytes, startup_at32f45x.o(.text))
<BR>[Address Reference Count : 1]<UL><LI> startup_at32f45x.o(RESET)
</UL>
<P><STRONG><a name="[11]"></a>FLASH_IRQHandler</STRONG> (Thumb, 0 bytes, Stack size 0 bytes, startup_at32f45x.o(.text))
<BR>[Address Reference Count : 1]<UL><LI> startup_at32f45x.o(RESET)
</UL>
<P><STRONG><a name="[5b]"></a>FPU_IRQHandler</STRONG> (Thumb, 0 bytes, Stack size 0 bytes, startup_at32f45x.o(.text))
<BR>[Address Reference Count : 1]<UL><LI> startup_at32f45x.o(RESET)
</UL>
<P><STRONG><a name="[2d]"></a>I2C1_ERR_IRQHandler</STRONG> (Thumb, 0 bytes, Stack size 0 bytes, startup_at32f45x.o(.text))
<BR>[Address Reference Count : 1]<UL><LI> startup_at32f45x.o(RESET)
</UL>
<P><STRONG><a name="[2c]"></a>I2C1_EVT_IRQHandler</STRONG> (Thumb, 0 bytes, Stack size 0 bytes, startup_at32f45x.o(.text))
<BR>[Address Reference Count : 1]<UL><LI> startup_at32f45x.o(RESET)
</UL>
<P><STRONG><a name="[2f]"></a>I2C2_ERR_IRQHandler</STRONG> (Thumb, 0 bytes, Stack size 0 bytes, startup_at32f45x.o(.text))
<BR>[Address Reference Count : 1]<UL><LI> startup_at32f45x.o(RESET)
</UL>
<P><STRONG><a name="[2e]"></a>I2C2_EVT_IRQHandler</STRONG> (Thumb, 0 bytes, Stack size 0 bytes, startup_at32f45x.o(.text))
<BR>[Address Reference Count : 1]<UL><LI> startup_at32f45x.o(RESET)
</UL>
<P><STRONG><a name="[54]"></a>I2C3_ERR_IRQHandler</STRONG> (Thumb, 0 bytes, Stack size 0 bytes, startup_at32f45x.o(.text))
<BR>[Address Reference Count : 1]<UL><LI> startup_at32f45x.o(RESET)
</UL>
<P><STRONG><a name="[53]"></a>I2C3_EVT_IRQHandler</STRONG> (Thumb, 0 bytes, Stack size 0 bytes, startup_at32f45x.o(.text))
<BR>[Address Reference Count : 1]<UL><LI> startup_at32f45x.o(RESET)
</UL>
<P><STRONG><a name="[5f]"></a>I2SF5_IRQHandler</STRONG> (Thumb, 0 bytes, Stack size 0 bytes, startup_at32f45x.o(.text))
<BR>[Address Reference Count : 1]<UL><LI> startup_at32f45x.o(RESET)
</UL>
<P><STRONG><a name="[4f]"></a>OTGFS1_IRQHandler</STRONG> (Thumb, 0 bytes, Stack size 0 bytes, startup_at32f45x.o(.text))
<BR>[Address Reference Count : 1]<UL><LI> startup_at32f45x.o(RESET)
</UL>
<P><STRONG><a name="[37]"></a>OTGFS1_WKUP_IRQHandler</STRONG> (Thumb, 0 bytes, Stack size 0 bytes, startup_at32f45x.o(.text))
<BR>[Address Reference Count : 1]<UL><LI> startup_at32f45x.o(RESET)
</UL>
<P><STRONG><a name="[e]"></a>PVM_IRQHandler</STRONG> (Thumb, 0 bytes, Stack size 0 bytes, startup_at32f45x.o(.text))
<BR>[Address Reference Count : 1]<UL><LI> startup_at32f45x.o(RESET)
</UL>
<P><STRONG><a name="[60]"></a>QSPI1_IRQHandler</STRONG> (Thumb, 0 bytes, Stack size 0 bytes, startup_at32f45x.o(.text))
<BR>[Address Reference Count : 1]<UL><LI> startup_at32f45x.o(RESET)
</UL>
<P><STRONG><a name="[3d]"></a>SDIO1_IRQHandler</STRONG> (Thumb, 0 bytes, Stack size 0 bytes, startup_at32f45x.o(.text))
<BR>[Address Reference Count : 1]<UL><LI> startup_at32f45x.o(RESET)
</UL>
<P><STRONG><a name="[30]"></a>SPI1_IRQHandler</STRONG> (Thumb, 0 bytes, Stack size 0 bytes, startup_at32f45x.o(.text))
<BR>[Address Reference Count : 1]<UL><LI> startup_at32f45x.o(RESET)
</UL>
<P><STRONG><a name="[31]"></a>SPI2_I2S2EXT_IRQHandler</STRONG> (Thumb, 0 bytes, Stack size 0 bytes, startup_at32f45x.o(.text))
<BR>[Address Reference Count : 1]<UL><LI> startup_at32f45x.o(RESET)
</UL>
<P><STRONG><a name="[3f]"></a>SPI3_I2S3EXT_IRQHandler</STRONG> (Thumb, 0 bytes, Stack size 0 bytes, startup_at32f45x.o(.text))
<BR>[Address Reference Count : 1]<UL><LI> startup_at32f45x.o(RESET)
</UL>
<P><STRONG><a name="[5e]"></a>SPI4_IRQHandler</STRONG> (Thumb, 0 bytes, Stack size 0 bytes, startup_at32f45x.o(.text))
<BR>[Address Reference Count : 1]<UL><LI> startup_at32f45x.o(RESET)
</UL>
<P><STRONG><a name="[f]"></a>TAMP_STAMP_IRQHandler</STRONG> (Thumb, 0 bytes, Stack size 0 bytes, startup_at32f45x.o(.text))
<BR>[Address Reference Count : 1]<UL><LI> startup_at32f45x.o(RESET)
</UL>
<P><STRONG><a name="[25]"></a>TMR1_BRK_TMR9_IRQHandler</STRONG> (Thumb, 0 bytes, Stack size 0 bytes, startup_at32f45x.o(.text))
<BR>[Address Reference Count : 1]<UL><LI> startup_at32f45x.o(RESET)
</UL>
<P><STRONG><a name="[28]"></a>TMR1_CH_IRQHandler</STRONG> (Thumb, 0 bytes, Stack size 0 bytes, startup_at32f45x.o(.text))
<BR>[Address Reference Count : 1]<UL><LI> startup_at32f45x.o(RESET)
</UL>
<P><STRONG><a name="[26]"></a>TMR1_OVF_TMR10_IRQHandler</STRONG> (Thumb, 0 bytes, Stack size 0 bytes, startup_at32f45x.o(.text))
<BR>[Address Reference Count : 1]<UL><LI> startup_at32f45x.o(RESET)
</UL>
<P><STRONG><a name="[27]"></a>TMR1_TRG_HALL_TMR11_IRQHandler</STRONG> (Thumb, 0 bytes, Stack size 0 bytes, startup_at32f45x.o(.text))
<BR>[Address Reference Count : 1]<UL><LI> startup_at32f45x.o(RESET)
</UL>
<P><STRONG><a name="[2a]"></a>TMR3_GLOBAL_IRQHandler</STRONG> (Thumb, 0 bytes, Stack size 0 bytes, startup_at32f45x.o(.text))
<BR>[Address Reference Count : 1]<UL><LI> startup_at32f45x.o(RESET)
</UL>
<P><STRONG><a name="[2b]"></a>TMR4_GLOBAL_IRQHandler</STRONG> (Thumb, 0 bytes, Stack size 0 bytes, startup_at32f45x.o(.text))
<BR>[Address Reference Count : 1]<UL><LI> startup_at32f45x.o(RESET)
</UL>
<P><STRONG><a name="[3e]"></a>TMR5_GLOBAL_IRQHandler</STRONG> (Thumb, 0 bytes, Stack size 0 bytes, startup_at32f45x.o(.text))
<BR>[Address Reference Count : 1]<UL><LI> startup_at32f45x.o(RESET)
</UL>
<P><STRONG><a name="[42]"></a>TMR6_DAC_GLOBAL_IRQHandler</STRONG> (Thumb, 0 bytes, Stack size 0 bytes, startup_at32f45x.o(.text))
<BR>[Address Reference Count : 1]<UL><LI> startup_at32f45x.o(RESET)
</UL>
<P><STRONG><a name="[43]"></a>TMR7_GLOBAL_IRQHandler</STRONG> (Thumb, 0 bytes, Stack size 0 bytes, startup_at32f45x.o(.text))
<BR>[Address Reference Count : 1]<UL><LI> startup_at32f45x.o(RESET)
</UL>
<P><STRONG><a name="[38]"></a>TMR8_BRK_TMR12_IRQHandler</STRONG> (Thumb, 0 bytes, Stack size 0 bytes, startup_at32f45x.o(.text))
<BR>[Address Reference Count : 1]<UL><LI> startup_at32f45x.o(RESET)
</UL>
<P><STRONG><a name="[3b]"></a>TMR8_CH_IRQHandler</STRONG> (Thumb, 0 bytes, Stack size 0 bytes, startup_at32f45x.o(.text))
<BR>[Address Reference Count : 1]<UL><LI> startup_at32f45x.o(RESET)
</UL>
<P><STRONG><a name="[39]"></a>TMR8_OVF_TMR13_IRQHandler</STRONG> (Thumb, 0 bytes, Stack size 0 bytes, startup_at32f45x.o(.text))
<BR>[Address Reference Count : 1]<UL><LI> startup_at32f45x.o(RESET)
</UL>
<P><STRONG><a name="[3a]"></a>TMR8_TRG_HALL_TMR14_IRQHandler</STRONG> (Thumb, 0 bytes, Stack size 0 bytes, startup_at32f45x.o(.text))
<BR>[Address Reference Count : 1]<UL><LI> startup_at32f45x.o(RESET)
</UL>
<P><STRONG><a name="[5a]"></a>TRNG_IRQHandler</STRONG> (Thumb, 0 bytes, Stack size 0 bytes, startup_at32f45x.o(.text))
<BR>[Address Reference Count : 1]<UL><LI> startup_at32f45x.o(RESET)
</UL>
<P><STRONG><a name="[32]"></a>USART1_IRQHandler</STRONG> (Thumb, 0 bytes, Stack size 0 bytes, startup_at32f45x.o(.text))
<BR>[Address Reference Count : 1]<UL><LI> startup_at32f45x.o(RESET)
</UL>
<P><STRONG><a name="[33]"></a>USART2_IRQHandler</STRONG> (Thumb, 0 bytes, Stack size 0 bytes, startup_at32f45x.o(.text))
<BR>[Address Reference Count : 1]<UL><LI> startup_at32f45x.o(RESET)
</UL>
<P><STRONG><a name="[34]"></a>USART3_IRQHandler</STRONG> (Thumb, 0 bytes, Stack size 0 bytes, startup_at32f45x.o(.text))
<BR>[Address Reference Count : 1]<UL><LI> startup_at32f45x.o(RESET)
</UL>
<P><STRONG><a name="[40]"></a>USART4_IRQHandler</STRONG> (Thumb, 0 bytes, Stack size 0 bytes, startup_at32f45x.o(.text))
<BR>[Address Reference Count : 1]<UL><LI> startup_at32f45x.o(RESET)
</UL>
<P><STRONG><a name="[41]"></a>USART5_IRQHandler</STRONG> (Thumb, 0 bytes, Stack size 0 bytes, startup_at32f45x.o(.text))
<BR>[Address Reference Count : 1]<UL><LI> startup_at32f45x.o(RESET)
</UL>
<P><STRONG><a name="[52]"></a>USART6_IRQHandler</STRONG> (Thumb, 0 bytes, Stack size 0 bytes, startup_at32f45x.o(.text))
<BR>[Address Reference Count : 1]<UL><LI> startup_at32f45x.o(RESET)
</UL>
<P><STRONG><a name="[5c]"></a>USART7_IRQHandler</STRONG> (Thumb, 0 bytes, Stack size 0 bytes, startup_at32f45x.o(.text))
<BR>[Address Reference Count : 1]<UL><LI> startup_at32f45x.o(RESET)
</UL>
<P><STRONG><a name="[5d]"></a>USART8_IRQHandler</STRONG> (Thumb, 0 bytes, Stack size 0 bytes, startup_at32f45x.o(.text))
<BR>[Address Reference Count : 1]<UL><LI> startup_at32f45x.o(RESET)
</UL>
<P><STRONG><a name="[d]"></a>WWDT_IRQHandler</STRONG> (Thumb, 0 bytes, Stack size 0 bytes, startup_at32f45x.o(.text))
<BR>[Address Reference Count : 1]<UL><LI> startup_at32f45x.o(RESET)
</UL>
<P><STRONG><a name="[3c]"></a>XMC_IRQHandler</STRONG> (Thumb, 0 bytes, Stack size 0 bytes, startup_at32f45x.o(.text))
<BR>[Address Reference Count : 1]<UL><LI> startup_at32f45x.o(RESET)
</UL>
<P><STRONG><a name="[7e]"></a>__user_initial_stackheap</STRONG> (Thumb, 0 bytes, Stack size unknown bytes, startup_at32f45x.o(.text))
<BR><BR>[Called By]<UL><LI><a href="#[6d]">&gt;&gt;</a>&nbsp;&nbsp;&nbsp;__user_setup_stackheap
</UL>

<P><STRONG><a name="[100]"></a>__use_no_semihosting</STRONG> (Thumb, 2 bytes, Stack size 0 bytes, use_no_semi_2.o(.text), UNUSED)

<P><STRONG><a name="[dc]"></a>__aeabi_uldivmod</STRONG> (Thumb, 0 bytes, Stack size 48 bytes, lludivv7m.o(.text))
<BR><BR>[Stack]<UL><LI>Max Depth = 48<LI>Call Chain = __aeabi_uldivmod
</UL>
<BR>[Called By]<UL><LI><a href="#[db]">&gt;&gt;</a>&nbsp;&nbsp;&nbsp;system_core_clock_update
</UL>

<P><STRONG><a name="[101]"></a>_ll_udiv</STRONG> (Thumb, 238 bytes, Stack size 48 bytes, lludivv7m.o(.text), UNUSED)

<P><STRONG><a name="[8b]"></a>__aeabi_memcpy</STRONG> (Thumb, 0 bytes, Stack size 0 bytes, rt_memcpy_v6.o(.text))
<BR><BR>[Called By]<UL><LI><a href="#[9f]">&gt;&gt;</a>&nbsp;&nbsp;&nbsp;IAP_Request_Data
<LI><a href="#[a1]">&gt;&gt;</a>&nbsp;&nbsp;&nbsp;IAP_Init
<LI><a href="#[9c]">&gt;&gt;</a>&nbsp;&nbsp;&nbsp;IAP_Handle
<LI><a href="#[89]">&gt;&gt;</a>&nbsp;&nbsp;&nbsp;CAN_PushFrame
</UL>

<P><STRONG><a name="[77]"></a>__rt_memcpy</STRONG> (Thumb, 138 bytes, Stack size 0 bytes, rt_memcpy_v6.o(.text), UNUSED)
<BR><BR>[Calls]<UL><LI><a href="#[78]">&gt;&gt;</a>&nbsp;&nbsp;&nbsp;__aeabi_memcpy4
</UL>

<P><STRONG><a name="[102]"></a>_memcpy_lastbytes</STRONG> (Thumb, 0 bytes, Stack size unknown bytes, rt_memcpy_v6.o(.text), UNUSED)

<P><STRONG><a name="[78]"></a>__aeabi_memcpy4</STRONG> (Thumb, 0 bytes, Stack size 8 bytes, rt_memcpy_w.o(.text))
<BR><BR>[Stack]<UL><LI>Max Depth = 8<LI>Call Chain = __aeabi_memcpy4
</UL>
<BR>[Called By]<UL><LI><a href="#[77]">&gt;&gt;</a>&nbsp;&nbsp;&nbsp;__rt_memcpy
<LI><a href="#[89]">&gt;&gt;</a>&nbsp;&nbsp;&nbsp;CAN_PushFrame
<LI><a href="#[21]">&gt;&gt;</a>&nbsp;&nbsp;&nbsp;CAN1_RX_IRQHandler
</UL>

<P><STRONG><a name="[103]"></a>__aeabi_memcpy8</STRONG> (Thumb, 0 bytes, Stack size 8 bytes, rt_memcpy_w.o(.text), UNUSED)

<P><STRONG><a name="[104]"></a>__rt_memcpy_w</STRONG> (Thumb, 100 bytes, Stack size 8 bytes, rt_memcpy_w.o(.text), UNUSED)

<P><STRONG><a name="[105]"></a>_memcpy_lastbytes_aligned</STRONG> (Thumb, 0 bytes, Stack size unknown bytes, rt_memcpy_w.o(.text), UNUSED)

<P><STRONG><a name="[79]"></a>__aeabi_memset</STRONG> (Thumb, 16 bytes, Stack size 0 bytes, aeabi_memset.o(.text))
<BR><BR>[Calls]<UL><LI><a href="#[7a]">&gt;&gt;</a>&nbsp;&nbsp;&nbsp;_memset
</UL>
<BR>[Called By]<UL><LI><a href="#[a3]">&gt;&gt;</a>&nbsp;&nbsp;&nbsp;IAP_JumpTo
<LI><a href="#[71]">&gt;&gt;</a>&nbsp;&nbsp;&nbsp;main
<LI><a href="#[9c]">&gt;&gt;</a>&nbsp;&nbsp;&nbsp;IAP_Handle
</UL>

<P><STRONG><a name="[a0]"></a>__aeabi_memclr</STRONG> (Thumb, 0 bytes, Stack size 0 bytes, rt_memclr.o(.text))
<BR><BR>[Called By]<UL><LI><a href="#[9d]">&gt;&gt;</a>&nbsp;&nbsp;&nbsp;IAP_Reset
<LI><a href="#[9c]">&gt;&gt;</a>&nbsp;&nbsp;&nbsp;IAP_Handle
</UL>

<P><STRONG><a name="[7b]"></a>__rt_memclr</STRONG> (Thumb, 68 bytes, Stack size 0 bytes, rt_memclr.o(.text), UNUSED)
<BR><BR>[Calls]<UL><LI><a href="#[7c]">&gt;&gt;</a>&nbsp;&nbsp;&nbsp;_memset_w
</UL>

<P><STRONG><a name="[7a]"></a>_memset</STRONG> (Thumb, 0 bytes, Stack size unknown bytes, rt_memclr.o(.text))
<BR><BR>[Called By]<UL><LI><a href="#[79]">&gt;&gt;</a>&nbsp;&nbsp;&nbsp;__aeabi_memset
</UL>

<P><STRONG><a name="[81]"></a>__aeabi_memclr4</STRONG> (Thumb, 0 bytes, Stack size 4 bytes, rt_memclr_w.o(.text))
<BR><BR>[Stack]<UL><LI>Max Depth = 4<LI>Call Chain = __aeabi_memclr4
</UL>
<BR>[Called By]<UL><LI><a href="#[89]">&gt;&gt;</a>&nbsp;&nbsp;&nbsp;CAN_PushFrame
<LI><a href="#[21]">&gt;&gt;</a>&nbsp;&nbsp;&nbsp;CAN1_RX_IRQHandler
<LI><a href="#[80]">&gt;&gt;</a>&nbsp;&nbsp;&nbsp;Bsp_Can_Transmit_Classic_Extended
</UL>

<P><STRONG><a name="[106]"></a>__aeabi_memclr8</STRONG> (Thumb, 0 bytes, Stack size 4 bytes, rt_memclr_w.o(.text), UNUSED)

<P><STRONG><a name="[107]"></a>__rt_memclr_w</STRONG> (Thumb, 78 bytes, Stack size 4 bytes, rt_memclr_w.o(.text), UNUSED)

<P><STRONG><a name="[7c]"></a>_memset_w</STRONG> (Thumb, 0 bytes, Stack size unknown bytes, rt_memclr_w.o(.text), UNUSED)
<BR><BR>[Called By]<UL><LI><a href="#[7b]">&gt;&gt;</a>&nbsp;&nbsp;&nbsp;__rt_memclr
</UL>

<P><STRONG><a name="[108]"></a>__use_two_region_memory</STRONG> (Thumb, 2 bytes, Stack size 0 bytes, heapauxi.o(.text), UNUSED)

<P><STRONG><a name="[109]"></a>__rt_heap_escrow$2region</STRONG> (Thumb, 2 bytes, Stack size 0 bytes, heapauxi.o(.text), UNUSED)

<P><STRONG><a name="[10a]"></a>__rt_heap_expand$2region</STRONG> (Thumb, 2 bytes, Stack size 0 bytes, heapauxi.o(.text), UNUSED)

<P><STRONG><a name="[10b]"></a>__I$use$semihosting</STRONG> (Thumb, 0 bytes, Stack size 0 bytes, use_no_semi.o(.text), UNUSED)

<P><STRONG><a name="[10c]"></a>__use_no_semihosting_swi</STRONG> (Thumb, 2 bytes, Stack size 0 bytes, use_no_semi.o(.text), UNUSED)

<P><STRONG><a name="[6d]"></a>__user_setup_stackheap</STRONG> (Thumb, 74 bytes, Stack size 8 bytes, sys_stackheap_outer.o(.text))
<BR><BR>[Stack]<UL><LI>Max Depth = 8 + Unknown Stack Size
<LI>Call Chain = __user_setup_stackheap
</UL>
<BR>[Calls]<UL><LI><a href="#[7e]">&gt;&gt;</a>&nbsp;&nbsp;&nbsp;__user_initial_stackheap
<LI><a href="#[7d]">&gt;&gt;</a>&nbsp;&nbsp;&nbsp;__user_perproc_libspace
</UL>
<BR>[Called By]<UL><LI><a href="#[6c]">&gt;&gt;</a>&nbsp;&nbsp;&nbsp;__rt_entry_sh
</UL>

<P><STRONG><a name="[72]"></a>exit</STRONG> (Thumb, 18 bytes, Stack size 8 bytes, exit.o(.text))
<BR><BR>[Stack]<UL><LI>Max Depth = 8 + Unknown Stack Size
<LI>Call Chain = exit
</UL>
<BR>[Calls]<UL><LI><a href="#[7f]">&gt;&gt;</a>&nbsp;&nbsp;&nbsp;__rt_exit
</UL>
<BR>[Called By]<UL><LI><a href="#[70]">&gt;&gt;</a>&nbsp;&nbsp;&nbsp;__rt_entry_main
</UL>

<P><STRONG><a name="[10d]"></a>__user_libspace</STRONG> (Thumb, 8 bytes, Stack size 0 bytes, libspace.o(.text), UNUSED)

<P><STRONG><a name="[7d]"></a>__user_perproc_libspace</STRONG> (Thumb, 0 bytes, Stack size 0 bytes, libspace.o(.text))
<BR><BR>[Called By]<UL><LI><a href="#[6d]">&gt;&gt;</a>&nbsp;&nbsp;&nbsp;__user_setup_stackheap
</UL>

<P><STRONG><a name="[10e]"></a>__user_perthread_libspace</STRONG> (Thumb, 0 bytes, Stack size 0 bytes, libspace.o(.text), UNUSED)

<P><STRONG><a name="[80]"></a>Bsp_Can_Transmit_Classic_Extended</STRONG> (Thumb, 120 bytes, Stack size 96 bytes, bsp_can.o(i.Bsp_Can_Transmit_Classic_Extended))
<BR><BR>[Stack]<UL><LI>Max Depth = 124<LI>Call Chain = Bsp_Can_Transmit_Classic_Extended &rArr; can_txbuf_write
</UL>
<BR>[Calls]<UL><LI><a href="#[82]">&gt;&gt;</a>&nbsp;&nbsp;&nbsp;can_txbuf_write
<LI><a href="#[83]">&gt;&gt;</a>&nbsp;&nbsp;&nbsp;can_txbuf_transmit
<LI><a href="#[84]">&gt;&gt;</a>&nbsp;&nbsp;&nbsp;can_flag_get
<LI><a href="#[85]">&gt;&gt;</a>&nbsp;&nbsp;&nbsp;can_flag_clear
<LI><a href="#[81]">&gt;&gt;</a>&nbsp;&nbsp;&nbsp;__aeabi_memclr4
</UL>
<BR>[Called By]<UL><LI><a href="#[92]">&gt;&gt;</a>&nbsp;&nbsp;&nbsp;Can_Check_Send
</UL>

<P><STRONG><a name="[7]"></a>BusFault_Handler</STRONG> (Thumb, 2 bytes, Stack size 0 bytes, at32f45x_int.o(i.BusFault_Handler))
<BR><BR>[Calls]<UL><LI><a href="#[7]">&gt;&gt;</a>&nbsp;&nbsp;&nbsp;BusFault_Handler
</UL>
<BR>[Called By]<UL><LI><a href="#[7]">&gt;&gt;</a>&nbsp;&nbsp;&nbsp;BusFault_Handler
</UL>
<BR>[Address Reference Count : 1]<UL><LI> startup_at32f45x.o(RESET)
</UL>
<P><STRONG><a name="[23]"></a>CAN1_ERR_IRQHandler</STRONG> (Thumb, 34 bytes, Stack size 16 bytes, bsp_can.o(i.CAN1_ERR_IRQHandler))
<BR><BR>[Stack]<UL><LI>Max Depth = 16<LI>Call Chain = CAN1_ERR_IRQHandler
</UL>
<BR>[Calls]<UL><LI><a href="#[86]">&gt;&gt;</a>&nbsp;&nbsp;&nbsp;can_interrupt_flag_get
<LI><a href="#[85]">&gt;&gt;</a>&nbsp;&nbsp;&nbsp;can_flag_clear
</UL>
<BR>[Address Reference Count : 1]<UL><LI> startup_at32f45x.o(RESET)
</UL>
<P><STRONG><a name="[21]"></a>CAN1_RX_IRQHandler</STRONG> (Thumb, 130 bytes, Stack size 168 bytes, bl_can.o(i.CAN1_RX_IRQHandler))
<BR><BR>[Stack]<UL><LI>Max Depth = 428 + Unknown Stack Size
<LI>Call Chain = CAN1_RX_IRQHandler &rArr; Parse_CAN_Frame &rArr; IAP_Handle &rArr; IAP_Request_Data &rArr; CAN_PushFrame &rArr; CAN_Form_Exid
</UL>
<BR>[Calls]<UL><LI><a href="#[88]">&gt;&gt;</a>&nbsp;&nbsp;&nbsp;can_rxbuf_read
<LI><a href="#[86]">&gt;&gt;</a>&nbsp;&nbsp;&nbsp;can_interrupt_flag_get
<LI><a href="#[85]">&gt;&gt;</a>&nbsp;&nbsp;&nbsp;can_flag_clear
<LI><a href="#[81]">&gt;&gt;</a>&nbsp;&nbsp;&nbsp;__aeabi_memclr4
<LI><a href="#[78]">&gt;&gt;</a>&nbsp;&nbsp;&nbsp;__aeabi_memcpy4
<LI><a href="#[87]">&gt;&gt;</a>&nbsp;&nbsp;&nbsp;Parse_CAN_Frame
</UL>
<BR>[Address Reference Count : 1]<UL><LI> startup_at32f45x.o(RESET)
</UL>
<P><STRONG><a name="[89]"></a>CAN_PushFrame</STRONG> (Thumb, 168 bytes, Stack size 120 bytes, bl_can.o(i.CAN_PushFrame))
<BR><BR>[Stack]<UL><LI>Max Depth = 132<LI>Call Chain = CAN_PushFrame &rArr; CAN_Form_Exid
</UL>
<BR>[Calls]<UL><LI><a href="#[81]">&gt;&gt;</a>&nbsp;&nbsp;&nbsp;__aeabi_memclr4
<LI><a href="#[78]">&gt;&gt;</a>&nbsp;&nbsp;&nbsp;__aeabi_memcpy4
<LI><a href="#[8b]">&gt;&gt;</a>&nbsp;&nbsp;&nbsp;__aeabi_memcpy
<LI><a href="#[8a]">&gt;&gt;</a>&nbsp;&nbsp;&nbsp;CAN_Form_Exid
</UL>
<BR>[Called By]<UL><LI><a href="#[9f]">&gt;&gt;</a>&nbsp;&nbsp;&nbsp;IAP_Request_Data
<LI><a href="#[9c]">&gt;&gt;</a>&nbsp;&nbsp;&nbsp;IAP_Handle
</UL>

<P><STRONG><a name="[8c]"></a>CanFilterConfig</STRONG> (Thumb, 166 bytes, Stack size 56 bytes, bl_can.o(i.CanFilterConfig))
<BR><BR>[Stack]<UL><LI>Max Depth = 68<LI>Call Chain = CanFilterConfig &rArr; can_filter_set
</UL>
<BR>[Calls]<UL><LI><a href="#[8d]">&gt;&gt;</a>&nbsp;&nbsp;&nbsp;can_software_reset
<LI><a href="#[91]">&gt;&gt;</a>&nbsp;&nbsp;&nbsp;can_receive_all_enable
<LI><a href="#[8f]">&gt;&gt;</a>&nbsp;&nbsp;&nbsp;can_filter_set
<LI><a href="#[90]">&gt;&gt;</a>&nbsp;&nbsp;&nbsp;can_filter_enable
<LI><a href="#[8e]">&gt;&gt;</a>&nbsp;&nbsp;&nbsp;can_filter_default_para_init
<LI><a href="#[8a]">&gt;&gt;</a>&nbsp;&nbsp;&nbsp;CAN_Form_Exid
</UL>
<BR>[Called By]<UL><LI><a href="#[a7]">&gt;&gt;</a>&nbsp;&nbsp;&nbsp;User_CAN_Init
</UL>

<P><STRONG><a name="[92]"></a>Can_Check_Send</STRONG> (Thumb, 116 bytes, Stack size 24 bytes, bl_can.o(i.Can_Check_Send))
<BR><BR>[Stack]<UL><LI>Max Depth = 148<LI>Call Chain = Can_Check_Send &rArr; Bsp_Can_Transmit_Classic_Extended &rArr; can_txbuf_write
</UL>
<BR>[Calls]<UL><LI><a href="#[93]">&gt;&gt;</a>&nbsp;&nbsp;&nbsp;can_transmit_status_get
<LI><a href="#[80]">&gt;&gt;</a>&nbsp;&nbsp;&nbsp;Bsp_Can_Transmit_Classic_Extended
</UL>
<BR>[Called By]<UL><LI><a href="#[71]">&gt;&gt;</a>&nbsp;&nbsp;&nbsp;main
<LI><a href="#[9c]">&gt;&gt;</a>&nbsp;&nbsp;&nbsp;IAP_Handle
</UL>

<P><STRONG><a name="[a]"></a>DebugMon_Handler</STRONG> (Thumb, 2 bytes, Stack size 0 bytes, at32f45x_int.o(i.DebugMon_Handler))
<BR>[Address Reference Count : 1]<UL><LI> startup_at32f45x.o(RESET)
</UL>
<P><STRONG><a name="[94]"></a>Flash_Prepare</STRONG> (Thumb, 58 bytes, Stack size 16 bytes, flash.o(i.Flash_Prepare))
<BR><BR>[Stack]<UL><LI>Max Depth = 28<LI>Call Chain = Flash_Prepare &rArr; flash_sector_erase &rArr; flash_operation_wait_for
</UL>
<BR>[Calls]<UL><LI><a href="#[95]">&gt;&gt;</a>&nbsp;&nbsp;&nbsp;flash_unlock
<LI><a href="#[96]">&gt;&gt;</a>&nbsp;&nbsp;&nbsp;flash_sector_erase
<LI><a href="#[97]">&gt;&gt;</a>&nbsp;&nbsp;&nbsp;flash_lock
</UL>
<BR>[Called By]<UL><LI><a href="#[ae]">&gt;&gt;</a>&nbsp;&nbsp;&nbsp;Save_ID_Info
<LI><a href="#[9a]">&gt;&gt;</a>&nbsp;&nbsp;&nbsp;Save_IAP_CtrlData
<LI><a href="#[71]">&gt;&gt;</a>&nbsp;&nbsp;&nbsp;main
<LI><a href="#[9c]">&gt;&gt;</a>&nbsp;&nbsp;&nbsp;IAP_Handle
</UL>

<P><STRONG><a name="[a2]"></a>Flash_Read_Byte</STRONG> (Thumb, 18 bytes, Stack size 8 bytes, flash.o(i.Flash_Read_Byte))
<BR><BR>[Stack]<UL><LI>Max Depth = 8<LI>Call Chain = Flash_Read_Byte
</UL>
<BR>[Called By]<UL><LI><a href="#[a1]">&gt;&gt;</a>&nbsp;&nbsp;&nbsp;IAP_Init
</UL>

<P><STRONG><a name="[98]"></a>Flash_Write_Word</STRONG> (Thumb, 62 bytes, Stack size 24 bytes, flash.o(i.Flash_Write_Word))
<BR><BR>[Stack]<UL><LI>Max Depth = 36<LI>Call Chain = Flash_Write_Word &rArr; flash_word_program &rArr; flash_operation_wait_for
</UL>
<BR>[Calls]<UL><LI><a href="#[99]">&gt;&gt;</a>&nbsp;&nbsp;&nbsp;flash_word_program
<LI><a href="#[95]">&gt;&gt;</a>&nbsp;&nbsp;&nbsp;flash_unlock
<LI><a href="#[97]">&gt;&gt;</a>&nbsp;&nbsp;&nbsp;flash_lock
</UL>
<BR>[Called By]<UL><LI><a href="#[ae]">&gt;&gt;</a>&nbsp;&nbsp;&nbsp;Save_ID_Info
<LI><a href="#[9a]">&gt;&gt;</a>&nbsp;&nbsp;&nbsp;Save_IAP_CtrlData
<LI><a href="#[9c]">&gt;&gt;</a>&nbsp;&nbsp;&nbsp;IAP_Handle
</UL>

<P><STRONG><a name="[5]"></a>HardFault_Handler</STRONG> (Thumb, 14 bytes, Stack size 0 bytes, main.o(i.HardFault_Handler))
<BR><BR>[Stack]<UL><LI>Max Depth = 44<LI>Call Chain = HardFault_Handler &rArr; Save_IAP_CtrlData &rArr; Flash_Write_Word &rArr; flash_word_program &rArr; flash_operation_wait_for
</UL>
<BR>[Calls]<UL><LI><a href="#[9a]">&gt;&gt;</a>&nbsp;&nbsp;&nbsp;Save_IAP_CtrlData
<LI><a href="#[9b]">&gt;&gt;</a>&nbsp;&nbsp;&nbsp;__NVIC_SystemReset
</UL>
<BR>[Address Reference Count : 1]<UL><LI> startup_at32f45x.o(RESET)
</UL>
<P><STRONG><a name="[9c]"></a>IAP_Handle</STRONG> (Thumb, 748 bytes, Stack size 72 bytes, iap.o(i.IAP_Handle))
<BR><BR>[Stack]<UL><LI>Max Depth = 228 + Unknown Stack Size
<LI>Call Chain = IAP_Handle &rArr; IAP_Request_Data &rArr; CAN_PushFrame &rArr; CAN_Form_Exid
</UL>
<BR>[Calls]<UL><LI><a href="#[9a]">&gt;&gt;</a>&nbsp;&nbsp;&nbsp;Save_IAP_CtrlData
<LI><a href="#[94]">&gt;&gt;</a>&nbsp;&nbsp;&nbsp;Flash_Prepare
<LI><a href="#[92]">&gt;&gt;</a>&nbsp;&nbsp;&nbsp;Can_Check_Send
<LI><a href="#[a0]">&gt;&gt;</a>&nbsp;&nbsp;&nbsp;__aeabi_memclr
<LI><a href="#[79]">&gt;&gt;</a>&nbsp;&nbsp;&nbsp;__aeabi_memset
<LI><a href="#[8b]">&gt;&gt;</a>&nbsp;&nbsp;&nbsp;__aeabi_memcpy
<LI><a href="#[98]">&gt;&gt;</a>&nbsp;&nbsp;&nbsp;Flash_Write_Word
<LI><a href="#[9d]">&gt;&gt;</a>&nbsp;&nbsp;&nbsp;IAP_Reset
<LI><a href="#[9f]">&gt;&gt;</a>&nbsp;&nbsp;&nbsp;IAP_Request_Data
<LI><a href="#[89]">&gt;&gt;</a>&nbsp;&nbsp;&nbsp;CAN_PushFrame
<LI><a href="#[9e]">&gt;&gt;</a>&nbsp;&nbsp;&nbsp;delay_ms
</UL>
<BR>[Called By]<UL><LI><a href="#[87]">&gt;&gt;</a>&nbsp;&nbsp;&nbsp;Parse_CAN_Frame
</UL>

<P><STRONG><a name="[a1]"></a>IAP_Init</STRONG> (Thumb, 46 bytes, Stack size 8 bytes, iap.o(i.IAP_Init))
<BR><BR>[Stack]<UL><LI>Max Depth = 52<LI>Call Chain = IAP_Init &rArr; Save_IAP_CtrlData &rArr; Flash_Write_Word &rArr; flash_word_program &rArr; flash_operation_wait_for
</UL>
<BR>[Calls]<UL><LI><a href="#[9a]">&gt;&gt;</a>&nbsp;&nbsp;&nbsp;Save_IAP_CtrlData
<LI><a href="#[8b]">&gt;&gt;</a>&nbsp;&nbsp;&nbsp;__aeabi_memcpy
<LI><a href="#[a2]">&gt;&gt;</a>&nbsp;&nbsp;&nbsp;Flash_Read_Byte
</UL>
<BR>[Called By]<UL><LI><a href="#[a9]">&gt;&gt;</a>&nbsp;&nbsp;&nbsp;Init_Variables
</UL>

<P><STRONG><a name="[a3]"></a>IAP_JumpTo</STRONG> (Thumb, 64 bytes, Stack size 24 bytes, iap.o(i.IAP_JumpTo))
<BR><BR>[Stack]<UL><LI>Max Depth = 24 + Unknown Stack Size
<LI>Call Chain = IAP_JumpTo
</UL>
<BR>[Calls]<UL><LI><a href="#[79]">&gt;&gt;</a>&nbsp;&nbsp;&nbsp;__aeabi_memset
</UL>
<BR>[Called By]<UL><LI><a href="#[71]">&gt;&gt;</a>&nbsp;&nbsp;&nbsp;main
</UL>

<P><STRONG><a name="[9f]"></a>IAP_Request_Data</STRONG> (Thumb, 76 bytes, Stack size 24 bytes, iap.o(i.IAP_Request_Data))
<BR><BR>[Stack]<UL><LI>Max Depth = 156<LI>Call Chain = IAP_Request_Data &rArr; CAN_PushFrame &rArr; CAN_Form_Exid
</UL>
<BR>[Calls]<UL><LI><a href="#[8b]">&gt;&gt;</a>&nbsp;&nbsp;&nbsp;__aeabi_memcpy
<LI><a href="#[89]">&gt;&gt;</a>&nbsp;&nbsp;&nbsp;CAN_PushFrame
</UL>
<BR>[Called By]<UL><LI><a href="#[9c]">&gt;&gt;</a>&nbsp;&nbsp;&nbsp;IAP_Handle
</UL>

<P><STRONG><a name="[9d]"></a>IAP_Reset</STRONG> (Thumb, 8 bytes, Stack size 0 bytes, iap.o(i.IAP_Reset))
<BR><BR>[Calls]<UL><LI><a href="#[a0]">&gt;&gt;</a>&nbsp;&nbsp;&nbsp;__aeabi_memclr
</UL>
<BR>[Called By]<UL><LI><a href="#[9c]">&gt;&gt;</a>&nbsp;&nbsp;&nbsp;IAP_Handle
</UL>

<P><STRONG><a name="[a4]"></a>InitAllPeripherals</STRONG> (Thumb, 30 bytes, Stack size 8 bytes, system_config.o(i.InitAllPeripherals))
<BR><BR>[Stack]<UL><LI>Max Depth = 132<LI>Call Chain = InitAllPeripherals &rArr; User_CAN_Init &rArr; CanFilterConfig &rArr; can_filter_set
</UL>
<BR>[Calls]<UL><LI><a href="#[a8]">&gt;&gt;</a>&nbsp;&nbsp;&nbsp;TIM2_Configuration
<LI><a href="#[a6]">&gt;&gt;</a>&nbsp;&nbsp;&nbsp;Peripherals_Clock_Init
<LI><a href="#[a5]">&gt;&gt;</a>&nbsp;&nbsp;&nbsp;NVIC_Configuration
<LI><a href="#[a7]">&gt;&gt;</a>&nbsp;&nbsp;&nbsp;User_CAN_Init
</UL>
<BR>[Called By]<UL><LI><a href="#[71]">&gt;&gt;</a>&nbsp;&nbsp;&nbsp;main
</UL>

<P><STRONG><a name="[a9]"></a>Init_Variables</STRONG> (Thumb, 4 bytes, Stack size 0 bytes, system_config.o(i.Init_Variables))
<BR><BR>[Stack]<UL><LI>Max Depth = 52<LI>Call Chain = Init_Variables &rArr; IAP_Init &rArr; Save_IAP_CtrlData &rArr; Flash_Write_Word &rArr; flash_word_program &rArr; flash_operation_wait_for
</UL>
<BR>[Calls]<UL><LI><a href="#[a1]">&gt;&gt;</a>&nbsp;&nbsp;&nbsp;IAP_Init
</UL>
<BR>[Called By]<UL><LI><a href="#[71]">&gt;&gt;</a>&nbsp;&nbsp;&nbsp;main
</UL>

<P><STRONG><a name="[6]"></a>MemManage_Handler</STRONG> (Thumb, 2 bytes, Stack size 0 bytes, at32f45x_int.o(i.MemManage_Handler))
<BR><BR>[Calls]<UL><LI><a href="#[6]">&gt;&gt;</a>&nbsp;&nbsp;&nbsp;MemManage_Handler
</UL>
<BR>[Called By]<UL><LI><a href="#[6]">&gt;&gt;</a>&nbsp;&nbsp;&nbsp;MemManage_Handler
</UL>
<BR>[Address Reference Count : 1]<UL><LI> startup_at32f45x.o(RESET)
</UL>
<P><STRONG><a name="[4]"></a>NMI_Handler</STRONG> (Thumb, 2 bytes, Stack size 0 bytes, at32f45x_int.o(i.NMI_Handler))
<BR><BR>[Calls]<UL><LI><a href="#[4]">&gt;&gt;</a>&nbsp;&nbsp;&nbsp;NMI_Handler
</UL>
<BR>[Called By]<UL><LI><a href="#[4]">&gt;&gt;</a>&nbsp;&nbsp;&nbsp;NMI_Handler
</UL>
<BR>[Address Reference Count : 1]<UL><LI> startup_at32f45x.o(RESET)
</UL>
<P><STRONG><a name="[a5]"></a>NVIC_Configuration</STRONG> (Thumb, 52 bytes, Stack size 8 bytes, system_config.o(i.NVIC_Configuration))
<BR><BR>[Stack]<UL><LI>Max Depth = 24<LI>Call Chain = NVIC_Configuration &rArr; nvic_irq_enable
</UL>
<BR>[Calls]<UL><LI><a href="#[aa]">&gt;&gt;</a>&nbsp;&nbsp;&nbsp;nvic_priority_group_config
<LI><a href="#[ab]">&gt;&gt;</a>&nbsp;&nbsp;&nbsp;nvic_irq_enable
<LI><a href="#[ac]">&gt;&gt;</a>&nbsp;&nbsp;&nbsp;nvic_irq_disable
</UL>
<BR>[Called By]<UL><LI><a href="#[a4]">&gt;&gt;</a>&nbsp;&nbsp;&nbsp;InitAllPeripherals
</UL>

<P><STRONG><a name="[87]"></a>Parse_CAN_Frame</STRONG> (Thumb, 144 bytes, Stack size 32 bytes, parse_comdata.o(i.Parse_CAN_Frame))
<BR><BR>[Stack]<UL><LI>Max Depth = 260 + Unknown Stack Size
<LI>Call Chain = Parse_CAN_Frame &rArr; IAP_Handle &rArr; IAP_Request_Data &rArr; CAN_PushFrame &rArr; CAN_Form_Exid
</UL>
<BR>[Calls]<UL><LI><a href="#[9a]">&gt;&gt;</a>&nbsp;&nbsp;&nbsp;Save_IAP_CtrlData
<LI><a href="#[9c]">&gt;&gt;</a>&nbsp;&nbsp;&nbsp;IAP_Handle
</UL>
<BR>[Called By]<UL><LI><a href="#[21]">&gt;&gt;</a>&nbsp;&nbsp;&nbsp;CAN1_RX_IRQHandler
</UL>

<P><STRONG><a name="[b]"></a>PendSV_Handler</STRONG> (Thumb, 2 bytes, Stack size 0 bytes, at32f45x_int.o(i.PendSV_Handler))
<BR>[Address Reference Count : 1]<UL><LI> startup_at32f45x.o(RESET)
</UL>
<P><STRONG><a name="[a6]"></a>Peripherals_Clock_Init</STRONG> (Thumb, 64 bytes, Stack size 8 bytes, system_config.o(i.Peripherals_Clock_Init))
<BR><BR>[Stack]<UL><LI>Max Depth = 16<LI>Call Chain = Peripherals_Clock_Init &rArr; crm_periph_clock_enable
</UL>
<BR>[Calls]<UL><LI><a href="#[ad]">&gt;&gt;</a>&nbsp;&nbsp;&nbsp;crm_periph_clock_enable
</UL>
<BR>[Called By]<UL><LI><a href="#[a4]">&gt;&gt;</a>&nbsp;&nbsp;&nbsp;InitAllPeripherals
</UL>

<P><STRONG><a name="[9]"></a>SVC_Handler</STRONG> (Thumb, 2 bytes, Stack size 0 bytes, at32f45x_int.o(i.SVC_Handler))
<BR>[Address Reference Count : 1]<UL><LI> startup_at32f45x.o(RESET)
</UL>
<P><STRONG><a name="[9a]"></a>Save_IAP_CtrlData</STRONG> (Thumb, 32 bytes, Stack size 8 bytes, iap.o(i.Save_IAP_CtrlData))
<BR><BR>[Stack]<UL><LI>Max Depth = 44<LI>Call Chain = Save_IAP_CtrlData &rArr; Flash_Write_Word &rArr; flash_word_program &rArr; flash_operation_wait_for
</UL>
<BR>[Calls]<UL><LI><a href="#[94]">&gt;&gt;</a>&nbsp;&nbsp;&nbsp;Flash_Prepare
<LI><a href="#[98]">&gt;&gt;</a>&nbsp;&nbsp;&nbsp;Flash_Write_Word
</UL>
<BR>[Called By]<UL><LI><a href="#[71]">&gt;&gt;</a>&nbsp;&nbsp;&nbsp;main
<LI><a href="#[5]">&gt;&gt;</a>&nbsp;&nbsp;&nbsp;HardFault_Handler
<LI><a href="#[a1]">&gt;&gt;</a>&nbsp;&nbsp;&nbsp;IAP_Init
<LI><a href="#[9c]">&gt;&gt;</a>&nbsp;&nbsp;&nbsp;IAP_Handle
<LI><a href="#[87]">&gt;&gt;</a>&nbsp;&nbsp;&nbsp;Parse_CAN_Frame
</UL>

<P><STRONG><a name="[ae]"></a>Save_ID_Info</STRONG> (Thumb, 28 bytes, Stack size 16 bytes, iap.o(i.Save_ID_Info))
<BR><BR>[Stack]<UL><LI>Max Depth = 52<LI>Call Chain = Save_ID_Info &rArr; Flash_Write_Word &rArr; flash_word_program &rArr; flash_operation_wait_for
</UL>
<BR>[Calls]<UL><LI><a href="#[94]">&gt;&gt;</a>&nbsp;&nbsp;&nbsp;Flash_Prepare
<LI><a href="#[98]">&gt;&gt;</a>&nbsp;&nbsp;&nbsp;Flash_Write_Word
</UL>
<BR>[Called By]<UL><LI><a href="#[71]">&gt;&gt;</a>&nbsp;&nbsp;&nbsp;main
</UL>

<P><STRONG><a name="[c]"></a>SysTick_Handler</STRONG> (Thumb, 2 bytes, Stack size 0 bytes, at32f45x_int.o(i.SysTick_Handler))
<BR>[Address Reference Count : 1]<UL><LI> startup_at32f45x.o(RESET)
</UL>
<P><STRONG><a name="[63]"></a>SystemInit</STRONG> (Thumb, 116 bytes, Stack size 8 bytes, system_at32f45x.o(i.SystemInit))
<BR><BR>[Stack]<UL><LI>Max Depth = 8<LI>Call Chain = SystemInit
</UL>
<BR>[Calls]<UL><LI><a href="#[af]">&gt;&gt;</a>&nbsp;&nbsp;&nbsp;crm_auto_step_mode_enable
</UL>
<BR>[Address Reference Count : 1]<UL><LI> startup_at32f45x.o(.text)
</UL>
<P><STRONG><a name="[a8]"></a>TIM2_Configuration</STRONG> (Thumb, 4 bytes, Stack size 0 bytes, universal_init.o(i.TIM2_Configuration))
<BR><BR>[Called By]<UL><LI><a href="#[a4]">&gt;&gt;</a>&nbsp;&nbsp;&nbsp;InitAllPeripherals
</UL>

<P><STRONG><a name="[b0]"></a>TMR2_Configuration</STRONG> (Thumb, 82 bytes, Stack size 16 bytes, bsp_tim.o(i.TMR2_Configuration), UNUSED)
<BR><BR>[Calls]<UL><LI><a href="#[b5]">&gt;&gt;</a>&nbsp;&nbsp;&nbsp;tmr_sub_sync_mode_set
<LI><a href="#[b6]">&gt;&gt;</a>&nbsp;&nbsp;&nbsp;tmr_primary_mode_select
<LI><a href="#[b3]">&gt;&gt;</a>&nbsp;&nbsp;&nbsp;tmr_period_buffer_enable
<LI><a href="#[b8]">&gt;&gt;</a>&nbsp;&nbsp;&nbsp;tmr_interrupt_enable
<LI><a href="#[b7]">&gt;&gt;</a>&nbsp;&nbsp;&nbsp;tmr_counter_enable
<LI><a href="#[b1]">&gt;&gt;</a>&nbsp;&nbsp;&nbsp;tmr_cnt_dir_set
<LI><a href="#[b2]">&gt;&gt;</a>&nbsp;&nbsp;&nbsp;tmr_clock_source_div_set
<LI><a href="#[b4]">&gt;&gt;</a>&nbsp;&nbsp;&nbsp;tmr_base_init
</UL>

<P><STRONG><a name="[29]"></a>TMR2_GLOBAL_IRQHandler</STRONG> (Thumb, 36 bytes, Stack size 8 bytes, universal_init.o(i.TMR2_GLOBAL_IRQHandler))
<BR><BR>[Stack]<UL><LI>Max Depth = 8<LI>Call Chain = TMR2_GLOBAL_IRQHandler
</UL>
<BR>[Calls]<UL><LI><a href="#[b9]">&gt;&gt;</a>&nbsp;&nbsp;&nbsp;tmr_interrupt_flag_get
<LI><a href="#[ba]">&gt;&gt;</a>&nbsp;&nbsp;&nbsp;tmr_flag_clear
</UL>
<BR>[Address Reference Count : 1]<UL><LI> startup_at32f45x.o(RESET)
</UL>
<P><STRONG><a name="[8]"></a>UsageFault_Handler</STRONG> (Thumb, 2 bytes, Stack size 0 bytes, at32f45x_int.o(i.UsageFault_Handler))
<BR><BR>[Calls]<UL><LI><a href="#[8]">&gt;&gt;</a>&nbsp;&nbsp;&nbsp;UsageFault_Handler
</UL>
<BR>[Called By]<UL><LI><a href="#[8]">&gt;&gt;</a>&nbsp;&nbsp;&nbsp;UsageFault_Handler
</UL>
<BR>[Address Reference Count : 1]<UL><LI> startup_at32f45x.o(RESET)
</UL>
<P><STRONG><a name="[a7]"></a>User_CAN_Init</STRONG> (Thumb, 416 bytes, Stack size 56 bytes, bl_can.o(i.User_CAN_Init))
<BR><BR>[Stack]<UL><LI>Max Depth = 124<LI>Call Chain = User_CAN_Init &rArr; CanFilterConfig &rArr; can_filter_set
</UL>
<BR>[Calls]<UL><LI><a href="#[ad]">&gt;&gt;</a>&nbsp;&nbsp;&nbsp;crm_periph_clock_enable
<LI><a href="#[be]">&gt;&gt;</a>&nbsp;&nbsp;&nbsp;crm_flag_get
<LI><a href="#[c3]">&gt;&gt;</a>&nbsp;&nbsp;&nbsp;can_stb_transmit_mode_set
<LI><a href="#[8d]">&gt;&gt;</a>&nbsp;&nbsp;&nbsp;can_software_reset
<LI><a href="#[c6]">&gt;&gt;</a>&nbsp;&nbsp;&nbsp;can_rxbuf_warning_set
<LI><a href="#[c4]">&gt;&gt;</a>&nbsp;&nbsp;&nbsp;can_retransmission_limit_set
<LI><a href="#[c5]">&gt;&gt;</a>&nbsp;&nbsp;&nbsp;can_rearbitration_limit_set
<LI><a href="#[c7]">&gt;&gt;</a>&nbsp;&nbsp;&nbsp;can_mode_set
<LI><a href="#[c8]">&gt;&gt;</a>&nbsp;&nbsp;&nbsp;can_interrupt_enable
<LI><a href="#[c2]">&gt;&gt;</a>&nbsp;&nbsp;&nbsp;can_fd_iso_mode_enable
<LI><a href="#[c1]">&gt;&gt;</a>&nbsp;&nbsp;&nbsp;can_bittime_set
<LI><a href="#[c0]">&gt;&gt;</a>&nbsp;&nbsp;&nbsp;can_bittime_default_para_init
<LI><a href="#[bf]">&gt;&gt;</a>&nbsp;&nbsp;&nbsp;crm_can_clock_select
<LI><a href="#[ab]">&gt;&gt;</a>&nbsp;&nbsp;&nbsp;nvic_irq_enable
<LI><a href="#[bd]">&gt;&gt;</a>&nbsp;&nbsp;&nbsp;gpio_pin_mux_config
<LI><a href="#[bc]">&gt;&gt;</a>&nbsp;&nbsp;&nbsp;gpio_init
<LI><a href="#[bb]">&gt;&gt;</a>&nbsp;&nbsp;&nbsp;gpio_default_para_init
<LI><a href="#[8c]">&gt;&gt;</a>&nbsp;&nbsp;&nbsp;CanFilterConfig
</UL>
<BR>[Called By]<UL><LI><a href="#[a4]">&gt;&gt;</a>&nbsp;&nbsp;&nbsp;InitAllPeripherals
</UL>

<P><STRONG><a name="[76]"></a>_sys_exit</STRONG> (Thumb, 2 bytes, Stack size 0 bytes, at32f45x_board.o(i._sys_exit))
<BR><BR>[Called By]<UL><LI><a href="#[75]">&gt;&gt;</a>&nbsp;&nbsp;&nbsp;__rt_exit_exit
</UL>

<P><STRONG><a name="[c0]"></a>can_bittime_default_para_init</STRONG> (Thumb, 30 bytes, Stack size 0 bytes, at32f45x_can.o(i.can_bittime_default_para_init))
<BR><BR>[Called By]<UL><LI><a href="#[a7]">&gt;&gt;</a>&nbsp;&nbsp;&nbsp;User_CAN_Init
</UL>

<P><STRONG><a name="[c1]"></a>can_bittime_set</STRONG> (Thumb, 96 bytes, Stack size 0 bytes, at32f45x_can.o(i.can_bittime_set))
<BR><BR>[Called By]<UL><LI><a href="#[a7]">&gt;&gt;</a>&nbsp;&nbsp;&nbsp;User_CAN_Init
</UL>

<P><STRONG><a name="[c2]"></a>can_fd_iso_mode_enable</STRONG> (Thumb, 10 bytes, Stack size 0 bytes, at32f45x_can.o(i.can_fd_iso_mode_enable))
<BR><BR>[Called By]<UL><LI><a href="#[a7]">&gt;&gt;</a>&nbsp;&nbsp;&nbsp;User_CAN_Init
</UL>

<P><STRONG><a name="[8e]"></a>can_filter_default_para_init</STRONG> (Thumb, 42 bytes, Stack size 0 bytes, at32f45x_can.o(i.can_filter_default_para_init))
<BR><BR>[Called By]<UL><LI><a href="#[8c]">&gt;&gt;</a>&nbsp;&nbsp;&nbsp;CanFilterConfig
</UL>

<P><STRONG><a name="[90]"></a>can_filter_enable</STRONG> (Thumb, 36 bytes, Stack size 0 bytes, at32f45x_can.o(i.can_filter_enable))
<BR><BR>[Called By]<UL><LI><a href="#[8c]">&gt;&gt;</a>&nbsp;&nbsp;&nbsp;CanFilterConfig
</UL>

<P><STRONG><a name="[8f]"></a>can_filter_set</STRONG> (Thumb, 230 bytes, Stack size 12 bytes, at32f45x_can.o(i.can_filter_set))
<BR><BR>[Stack]<UL><LI>Max Depth = 12<LI>Call Chain = can_filter_set
</UL>
<BR>[Called By]<UL><LI><a href="#[8c]">&gt;&gt;</a>&nbsp;&nbsp;&nbsp;CanFilterConfig
</UL>

<P><STRONG><a name="[85]"></a>can_flag_clear</STRONG> (Thumb, 4 bytes, Stack size 0 bytes, at32f45x_can.o(i.can_flag_clear))
<BR><BR>[Called By]<UL><LI><a href="#[21]">&gt;&gt;</a>&nbsp;&nbsp;&nbsp;CAN1_RX_IRQHandler
<LI><a href="#[23]">&gt;&gt;</a>&nbsp;&nbsp;&nbsp;CAN1_ERR_IRQHandler
<LI><a href="#[80]">&gt;&gt;</a>&nbsp;&nbsp;&nbsp;Bsp_Can_Transmit_Classic_Extended
</UL>

<P><STRONG><a name="[84]"></a>can_flag_get</STRONG> (Thumb, 14 bytes, Stack size 0 bytes, at32f45x_can.o(i.can_flag_get))
<BR><BR>[Called By]<UL><LI><a href="#[80]">&gt;&gt;</a>&nbsp;&nbsp;&nbsp;Bsp_Can_Transmit_Classic_Extended
</UL>

<P><STRONG><a name="[c8]"></a>can_interrupt_enable</STRONG> (Thumb, 20 bytes, Stack size 0 bytes, at32f45x_can.o(i.can_interrupt_enable))
<BR><BR>[Called By]<UL><LI><a href="#[a7]">&gt;&gt;</a>&nbsp;&nbsp;&nbsp;User_CAN_Init
</UL>

<P><STRONG><a name="[86]"></a>can_interrupt_flag_get</STRONG> (Thumb, 22 bytes, Stack size 0 bytes, at32f45x_can.o(i.can_interrupt_flag_get))
<BR><BR>[Called By]<UL><LI><a href="#[21]">&gt;&gt;</a>&nbsp;&nbsp;&nbsp;CAN1_RX_IRQHandler
<LI><a href="#[23]">&gt;&gt;</a>&nbsp;&nbsp;&nbsp;CAN1_ERR_IRQHandler
</UL>

<P><STRONG><a name="[c7]"></a>can_mode_set</STRONG> (Thumb, 154 bytes, Stack size 0 bytes, at32f45x_can.o(i.can_mode_set))
<BR><BR>[Called By]<UL><LI><a href="#[a7]">&gt;&gt;</a>&nbsp;&nbsp;&nbsp;User_CAN_Init
</UL>

<P><STRONG><a name="[c5]"></a>can_rearbitration_limit_set</STRONG> (Thumb, 10 bytes, Stack size 0 bytes, at32f45x_can.o(i.can_rearbitration_limit_set))
<BR><BR>[Called By]<UL><LI><a href="#[a7]">&gt;&gt;</a>&nbsp;&nbsp;&nbsp;User_CAN_Init
</UL>

<P><STRONG><a name="[91]"></a>can_receive_all_enable</STRONG> (Thumb, 10 bytes, Stack size 0 bytes, at32f45x_can.o(i.can_receive_all_enable))
<BR><BR>[Called By]<UL><LI><a href="#[8c]">&gt;&gt;</a>&nbsp;&nbsp;&nbsp;CanFilterConfig
</UL>

<P><STRONG><a name="[c4]"></a>can_retransmission_limit_set</STRONG> (Thumb, 10 bytes, Stack size 0 bytes, at32f45x_can.o(i.can_retransmission_limit_set))
<BR><BR>[Called By]<UL><LI><a href="#[a7]">&gt;&gt;</a>&nbsp;&nbsp;&nbsp;User_CAN_Init
</UL>

<P><STRONG><a name="[88]"></a>can_rxbuf_read</STRONG> (Thumb, 206 bytes, Stack size 20 bytes, at32f45x_can.o(i.can_rxbuf_read))
<BR><BR>[Stack]<UL><LI>Max Depth = 20<LI>Call Chain = can_rxbuf_read
</UL>
<BR>[Called By]<UL><LI><a href="#[21]">&gt;&gt;</a>&nbsp;&nbsp;&nbsp;CAN1_RX_IRQHandler
</UL>

<P><STRONG><a name="[c6]"></a>can_rxbuf_warning_set</STRONG> (Thumb, 10 bytes, Stack size 0 bytes, at32f45x_can.o(i.can_rxbuf_warning_set))
<BR><BR>[Called By]<UL><LI><a href="#[a7]">&gt;&gt;</a>&nbsp;&nbsp;&nbsp;User_CAN_Init
</UL>

<P><STRONG><a name="[8d]"></a>can_software_reset</STRONG> (Thumb, 10 bytes, Stack size 0 bytes, at32f45x_can.o(i.can_software_reset))
<BR><BR>[Called By]<UL><LI><a href="#[a7]">&gt;&gt;</a>&nbsp;&nbsp;&nbsp;User_CAN_Init
<LI><a href="#[8c]">&gt;&gt;</a>&nbsp;&nbsp;&nbsp;CanFilterConfig
</UL>

<P><STRONG><a name="[c3]"></a>can_stb_transmit_mode_set</STRONG> (Thumb, 10 bytes, Stack size 0 bytes, at32f45x_can.o(i.can_stb_transmit_mode_set))
<BR><BR>[Called By]<UL><LI><a href="#[a7]">&gt;&gt;</a>&nbsp;&nbsp;&nbsp;User_CAN_Init
</UL>

<P><STRONG><a name="[93]"></a>can_transmit_status_get</STRONG> (Thumb, 28 bytes, Stack size 0 bytes, at32f45x_can.o(i.can_transmit_status_get))
<BR><BR>[Called By]<UL><LI><a href="#[92]">&gt;&gt;</a>&nbsp;&nbsp;&nbsp;Can_Check_Send
</UL>

<P><STRONG><a name="[83]"></a>can_txbuf_transmit</STRONG> (Thumb, 80 bytes, Stack size 0 bytes, at32f45x_can.o(i.can_txbuf_transmit))
<BR><BR>[Called By]<UL><LI><a href="#[80]">&gt;&gt;</a>&nbsp;&nbsp;&nbsp;Bsp_Can_Transmit_Classic_Extended
</UL>

<P><STRONG><a name="[82]"></a>can_txbuf_write</STRONG> (Thumb, 268 bytes, Stack size 28 bytes, at32f45x_can.o(i.can_txbuf_write))
<BR><BR>[Stack]<UL><LI>Max Depth = 28<LI>Call Chain = can_txbuf_write
</UL>
<BR>[Called By]<UL><LI><a href="#[80]">&gt;&gt;</a>&nbsp;&nbsp;&nbsp;Bsp_Can_Transmit_Classic_Extended
</UL>

<P><STRONG><a name="[c9]"></a>crm_ahb_div_set</STRONG> (Thumb, 30 bytes, Stack size 4 bytes, at32f45x_crm.o(i.crm_ahb_div_set))
<BR><BR>[Stack]<UL><LI>Max Depth = 4<LI>Call Chain = crm_ahb_div_set
</UL>
<BR>[Calls]<UL><LI><a href="#[af]">&gt;&gt;</a>&nbsp;&nbsp;&nbsp;crm_auto_step_mode_enable
</UL>
<BR>[Called By]<UL><LI><a href="#[d1]">&gt;&gt;</a>&nbsp;&nbsp;&nbsp;system_clock_config
</UL>

<P><STRONG><a name="[d9]"></a>crm_apb1_div_set</STRONG> (Thumb, 12 bytes, Stack size 0 bytes, at32f45x_crm.o(i.crm_apb1_div_set))
<BR><BR>[Called By]<UL><LI><a href="#[d1]">&gt;&gt;</a>&nbsp;&nbsp;&nbsp;system_clock_config
</UL>

<P><STRONG><a name="[d8]"></a>crm_apb2_div_set</STRONG> (Thumb, 12 bytes, Stack size 0 bytes, at32f45x_crm.o(i.crm_apb2_div_set))
<BR><BR>[Called By]<UL><LI><a href="#[d1]">&gt;&gt;</a>&nbsp;&nbsp;&nbsp;system_clock_config
</UL>

<P><STRONG><a name="[d7]"></a>crm_apb3_div_set</STRONG> (Thumb, 12 bytes, Stack size 0 bytes, at32f45x_crm.o(i.crm_apb3_div_set))
<BR><BR>[Called By]<UL><LI><a href="#[d1]">&gt;&gt;</a>&nbsp;&nbsp;&nbsp;system_clock_config
</UL>

<P><STRONG><a name="[af]"></a>crm_auto_step_mode_enable</STRONG> (Thumb, 22 bytes, Stack size 0 bytes, at32f45x_crm.o(i.crm_auto_step_mode_enable))
<BR><BR>[Called By]<UL><LI><a href="#[cc]">&gt;&gt;</a>&nbsp;&nbsp;&nbsp;crm_sysclk_switch
<LI><a href="#[cb]">&gt;&gt;</a>&nbsp;&nbsp;&nbsp;crm_reset
<LI><a href="#[c9]">&gt;&gt;</a>&nbsp;&nbsp;&nbsp;crm_ahb_div_set
<LI><a href="#[d1]">&gt;&gt;</a>&nbsp;&nbsp;&nbsp;system_clock_config
<LI><a href="#[63]">&gt;&gt;</a>&nbsp;&nbsp;&nbsp;SystemInit
</UL>

<P><STRONG><a name="[bf]"></a>crm_can_clock_select</STRONG> (Thumb, 38 bytes, Stack size 0 bytes, at32f45x_crm.o(i.crm_can_clock_select))
<BR><BR>[Called By]<UL><LI><a href="#[a7]">&gt;&gt;</a>&nbsp;&nbsp;&nbsp;User_CAN_Init
</UL>

<P><STRONG><a name="[d3]"></a>crm_clock_source_enable</STRONG> (Thumb, 54 bytes, Stack size 0 bytes, at32f45x_crm.o(i.crm_clock_source_enable))
<BR><BR>[Called By]<UL><LI><a href="#[d1]">&gt;&gt;</a>&nbsp;&nbsp;&nbsp;system_clock_config
</UL>

<P><STRONG><a name="[be]"></a>crm_flag_get</STRONG> (Thumb, 30 bytes, Stack size 0 bytes, at32f45x_crm.o(i.crm_flag_get))
<BR><BR>[Called By]<UL><LI><a href="#[ca]">&gt;&gt;</a>&nbsp;&nbsp;&nbsp;crm_hext_stable_wait
<LI><a href="#[d1]">&gt;&gt;</a>&nbsp;&nbsp;&nbsp;system_clock_config
<LI><a href="#[a7]">&gt;&gt;</a>&nbsp;&nbsp;&nbsp;User_CAN_Init
</UL>

<P><STRONG><a name="[ca]"></a>crm_hext_stable_wait</STRONG> (Thumb, 40 bytes, Stack size 12 bytes, at32f45x_crm.o(i.crm_hext_stable_wait))
<BR><BR>[Stack]<UL><LI>Max Depth = 12<LI>Call Chain = crm_hext_stable_wait
</UL>
<BR>[Calls]<UL><LI><a href="#[be]">&gt;&gt;</a>&nbsp;&nbsp;&nbsp;crm_flag_get
</UL>
<BR>[Called By]<UL><LI><a href="#[d1]">&gt;&gt;</a>&nbsp;&nbsp;&nbsp;system_clock_config
</UL>

<P><STRONG><a name="[ad]"></a>crm_periph_clock_enable</STRONG> (Thumb, 36 bytes, Stack size 8 bytes, at32f45x_crm.o(i.crm_periph_clock_enable))
<BR><BR>[Stack]<UL><LI>Max Depth = 8<LI>Call Chain = crm_periph_clock_enable
</UL>
<BR>[Called By]<UL><LI><a href="#[d1]">&gt;&gt;</a>&nbsp;&nbsp;&nbsp;system_clock_config
<LI><a href="#[a6]">&gt;&gt;</a>&nbsp;&nbsp;&nbsp;Peripherals_Clock_Init
<LI><a href="#[a7]">&gt;&gt;</a>&nbsp;&nbsp;&nbsp;User_CAN_Init
</UL>

<P><STRONG><a name="[d4]"></a>crm_pll_config</STRONG> (Thumb, 38 bytes, Stack size 12 bytes, at32f45x_crm.o(i.crm_pll_config))
<BR><BR>[Stack]<UL><LI>Max Depth = 12<LI>Call Chain = crm_pll_config
</UL>
<BR>[Called By]<UL><LI><a href="#[d1]">&gt;&gt;</a>&nbsp;&nbsp;&nbsp;system_clock_config
</UL>

<P><STRONG><a name="[d5]"></a>crm_pllu_div_set</STRONG> (Thumb, 12 bytes, Stack size 0 bytes, at32f45x_crm.o(i.crm_pllu_div_set))
<BR><BR>[Called By]<UL><LI><a href="#[d1]">&gt;&gt;</a>&nbsp;&nbsp;&nbsp;system_clock_config
</UL>

<P><STRONG><a name="[d6]"></a>crm_pllu_output_set</STRONG> (Thumb, 12 bytes, Stack size 0 bytes, at32f45x_crm.o(i.crm_pllu_output_set))
<BR><BR>[Called By]<UL><LI><a href="#[d1]">&gt;&gt;</a>&nbsp;&nbsp;&nbsp;system_clock_config
</UL>

<P><STRONG><a name="[cb]"></a>crm_reset</STRONG> (Thumb, 98 bytes, Stack size 4 bytes, at32f45x_crm.o(i.crm_reset))
<BR><BR>[Stack]<UL><LI>Max Depth = 4<LI>Call Chain = crm_reset
</UL>
<BR>[Calls]<UL><LI><a href="#[af]">&gt;&gt;</a>&nbsp;&nbsp;&nbsp;crm_auto_step_mode_enable
</UL>
<BR>[Called By]<UL><LI><a href="#[d1]">&gt;&gt;</a>&nbsp;&nbsp;&nbsp;system_clock_config
</UL>

<P><STRONG><a name="[cc]"></a>crm_sysclk_switch</STRONG> (Thumb, 30 bytes, Stack size 4 bytes, at32f45x_crm.o(i.crm_sysclk_switch))
<BR><BR>[Stack]<UL><LI>Max Depth = 4<LI>Call Chain = crm_sysclk_switch
</UL>
<BR>[Calls]<UL><LI><a href="#[af]">&gt;&gt;</a>&nbsp;&nbsp;&nbsp;crm_auto_step_mode_enable
</UL>
<BR>[Called By]<UL><LI><a href="#[d1]">&gt;&gt;</a>&nbsp;&nbsp;&nbsp;system_clock_config
</UL>

<P><STRONG><a name="[da]"></a>crm_sysclk_switch_status_get</STRONG> (Thumb, 10 bytes, Stack size 0 bytes, at32f45x_crm.o(i.crm_sysclk_switch_status_get))
<BR><BR>[Called By]<UL><LI><a href="#[d1]">&gt;&gt;</a>&nbsp;&nbsp;&nbsp;system_clock_config
<LI><a href="#[db]">&gt;&gt;</a>&nbsp;&nbsp;&nbsp;system_core_clock_update
</UL>

<P><STRONG><a name="[cd]"></a>delay_init</STRONG> (Thumb, 34 bytes, Stack size 8 bytes, at32f45x_board.o(i.delay_init))
<BR><BR>[Stack]<UL><LI>Max Depth = 8<LI>Call Chain = delay_init
</UL>
<BR>[Calls]<UL><LI><a href="#[ce]">&gt;&gt;</a>&nbsp;&nbsp;&nbsp;systick_clock_source_config
</UL>
<BR>[Called By]<UL><LI><a href="#[71]">&gt;&gt;</a>&nbsp;&nbsp;&nbsp;main
</UL>

<P><STRONG><a name="[9e]"></a>delay_ms</STRONG> (Thumb, 72 bytes, Stack size 12 bytes, at32f45x_board.o(i.delay_ms))
<BR><BR>[Stack]<UL><LI>Max Depth = 12<LI>Call Chain = delay_ms
</UL>
<BR>[Called By]<UL><LI><a href="#[9c]">&gt;&gt;</a>&nbsp;&nbsp;&nbsp;IAP_Handle
</UL>

<P><STRONG><a name="[97]"></a>flash_lock</STRONG> (Thumb, 12 bytes, Stack size 0 bytes, at32f45x_flash.o(i.flash_lock))
<BR><BR>[Called By]<UL><LI><a href="#[94]">&gt;&gt;</a>&nbsp;&nbsp;&nbsp;Flash_Prepare
<LI><a href="#[98]">&gt;&gt;</a>&nbsp;&nbsp;&nbsp;Flash_Write_Word
</UL>

<P><STRONG><a name="[d0]"></a>flash_operation_status_get</STRONG> (Thumb, 34 bytes, Stack size 0 bytes, at32f45x_flash.o(i.flash_operation_status_get))
<BR><BR>[Called By]<UL><LI><a href="#[cf]">&gt;&gt;</a>&nbsp;&nbsp;&nbsp;flash_operation_wait_for
</UL>

<P><STRONG><a name="[cf]"></a>flash_operation_wait_for</STRONG> (Thumb, 32 bytes, Stack size 4 bytes, at32f45x_flash.o(i.flash_operation_wait_for))
<BR><BR>[Stack]<UL><LI>Max Depth = 4<LI>Call Chain = flash_operation_wait_for
</UL>
<BR>[Calls]<UL><LI><a href="#[d0]">&gt;&gt;</a>&nbsp;&nbsp;&nbsp;flash_operation_status_get
</UL>
<BR>[Called By]<UL><LI><a href="#[99]">&gt;&gt;</a>&nbsp;&nbsp;&nbsp;flash_word_program
<LI><a href="#[96]">&gt;&gt;</a>&nbsp;&nbsp;&nbsp;flash_sector_erase
</UL>

<P><STRONG><a name="[96]"></a>flash_sector_erase</STRONG> (Thumb, 40 bytes, Stack size 8 bytes, at32f45x_flash.o(i.flash_sector_erase))
<BR><BR>[Stack]<UL><LI>Max Depth = 12<LI>Call Chain = flash_sector_erase &rArr; flash_operation_wait_for
</UL>
<BR>[Calls]<UL><LI><a href="#[cf]">&gt;&gt;</a>&nbsp;&nbsp;&nbsp;flash_operation_wait_for
</UL>
<BR>[Called By]<UL><LI><a href="#[94]">&gt;&gt;</a>&nbsp;&nbsp;&nbsp;Flash_Prepare
</UL>

<P><STRONG><a name="[95]"></a>flash_unlock</STRONG> (Thumb, 12 bytes, Stack size 0 bytes, at32f45x_flash.o(i.flash_unlock))
<BR><BR>[Called By]<UL><LI><a href="#[94]">&gt;&gt;</a>&nbsp;&nbsp;&nbsp;Flash_Prepare
<LI><a href="#[98]">&gt;&gt;</a>&nbsp;&nbsp;&nbsp;Flash_Write_Word
</UL>

<P><STRONG><a name="[99]"></a>flash_word_program</STRONG> (Thumb, 32 bytes, Stack size 8 bytes, at32f45x_flash.o(i.flash_word_program))
<BR><BR>[Stack]<UL><LI>Max Depth = 12<LI>Call Chain = flash_word_program &rArr; flash_operation_wait_for
</UL>
<BR>[Calls]<UL><LI><a href="#[cf]">&gt;&gt;</a>&nbsp;&nbsp;&nbsp;flash_operation_wait_for
</UL>
<BR>[Called By]<UL><LI><a href="#[98]">&gt;&gt;</a>&nbsp;&nbsp;&nbsp;Flash_Write_Word
</UL>

<P><STRONG><a name="[bb]"></a>gpio_default_para_init</STRONG> (Thumb, 20 bytes, Stack size 0 bytes, at32f45x_gpio.o(i.gpio_default_para_init))
<BR><BR>[Called By]<UL><LI><a href="#[a7]">&gt;&gt;</a>&nbsp;&nbsp;&nbsp;User_CAN_Init
</UL>

<P><STRONG><a name="[bc]"></a>gpio_init</STRONG> (Thumb, 100 bytes, Stack size 20 bytes, at32f45x_gpio.o(i.gpio_init))
<BR><BR>[Stack]<UL><LI>Max Depth = 20<LI>Call Chain = gpio_init
</UL>
<BR>[Called By]<UL><LI><a href="#[a7]">&gt;&gt;</a>&nbsp;&nbsp;&nbsp;User_CAN_Init
</UL>

<P><STRONG><a name="[bd]"></a>gpio_pin_mux_config</STRONG> (Thumb, 40 bytes, Stack size 8 bytes, at32f45x_gpio.o(i.gpio_pin_mux_config))
<BR><BR>[Stack]<UL><LI>Max Depth = 8<LI>Call Chain = gpio_pin_mux_config
</UL>
<BR>[Called By]<UL><LI><a href="#[a7]">&gt;&gt;</a>&nbsp;&nbsp;&nbsp;User_CAN_Init
</UL>

<P><STRONG><a name="[71]"></a>main</STRONG> (Thumb, 208 bytes, Stack size 24 bytes, main.o(i.main))
<BR><BR>[Stack]<UL><LI>Max Depth = 172 + Unknown Stack Size
<LI>Call Chain = main &rArr; Can_Check_Send &rArr; Bsp_Can_Transmit_Classic_Extended &rArr; can_txbuf_write
</UL>
<BR>[Calls]<UL><LI><a href="#[d1]">&gt;&gt;</a>&nbsp;&nbsp;&nbsp;system_clock_config
<LI><a href="#[d2]">&gt;&gt;</a>&nbsp;&nbsp;&nbsp;nvic_vector_table_set
<LI><a href="#[cd]">&gt;&gt;</a>&nbsp;&nbsp;&nbsp;delay_init
<LI><a href="#[ae]">&gt;&gt;</a>&nbsp;&nbsp;&nbsp;Save_ID_Info
<LI><a href="#[9a]">&gt;&gt;</a>&nbsp;&nbsp;&nbsp;Save_IAP_CtrlData
<LI><a href="#[a9]">&gt;&gt;</a>&nbsp;&nbsp;&nbsp;Init_Variables
<LI><a href="#[a4]">&gt;&gt;</a>&nbsp;&nbsp;&nbsp;InitAllPeripherals
<LI><a href="#[a3]">&gt;&gt;</a>&nbsp;&nbsp;&nbsp;IAP_JumpTo
<LI><a href="#[94]">&gt;&gt;</a>&nbsp;&nbsp;&nbsp;Flash_Prepare
<LI><a href="#[92]">&gt;&gt;</a>&nbsp;&nbsp;&nbsp;Can_Check_Send
<LI><a href="#[9b]">&gt;&gt;</a>&nbsp;&nbsp;&nbsp;__NVIC_SystemReset
<LI><a href="#[79]">&gt;&gt;</a>&nbsp;&nbsp;&nbsp;__aeabi_memset
</UL>
<BR>[Called By]<UL><LI><a href="#[70]">&gt;&gt;</a>&nbsp;&nbsp;&nbsp;__rt_entry_main
</UL>

<P><STRONG><a name="[ac]"></a>nvic_irq_disable</STRONG> (Thumb, 34 bytes, Stack size 0 bytes, at32f45x_misc.o(i.nvic_irq_disable))
<BR><BR>[Called By]<UL><LI><a href="#[a5]">&gt;&gt;</a>&nbsp;&nbsp;&nbsp;NVIC_Configuration
</UL>

<P><STRONG><a name="[ab]"></a>nvic_irq_enable</STRONG> (Thumb, 116 bytes, Stack size 16 bytes, at32f45x_misc.o(i.nvic_irq_enable))
<BR><BR>[Stack]<UL><LI>Max Depth = 16<LI>Call Chain = nvic_irq_enable
</UL>
<BR>[Called By]<UL><LI><a href="#[a5]">&gt;&gt;</a>&nbsp;&nbsp;&nbsp;NVIC_Configuration
<LI><a href="#[a7]">&gt;&gt;</a>&nbsp;&nbsp;&nbsp;User_CAN_Init
</UL>

<P><STRONG><a name="[aa]"></a>nvic_priority_group_config</STRONG> (Thumb, 26 bytes, Stack size 0 bytes, at32f45x_misc.o(i.nvic_priority_group_config))
<BR><BR>[Called By]<UL><LI><a href="#[a5]">&gt;&gt;</a>&nbsp;&nbsp;&nbsp;NVIC_Configuration
</UL>

<P><STRONG><a name="[d2]"></a>nvic_vector_table_set</STRONG> (Thumb, 12 bytes, Stack size 0 bytes, at32f45x_misc.o(i.nvic_vector_table_set))
<BR><BR>[Called By]<UL><LI><a href="#[71]">&gt;&gt;</a>&nbsp;&nbsp;&nbsp;main
</UL>

<P><STRONG><a name="[d1]"></a>system_clock_config</STRONG> (Thumb, 148 bytes, Stack size 8 bytes, at32f45x_clock.o(i.system_clock_config))
<BR><BR>[Stack]<UL><LI>Max Depth = 80<LI>Call Chain = system_clock_config &rArr; system_core_clock_update &rArr; __aeabi_uldivmod
</UL>
<BR>[Calls]<UL><LI><a href="#[cc]">&gt;&gt;</a>&nbsp;&nbsp;&nbsp;crm_sysclk_switch
<LI><a href="#[cb]">&gt;&gt;</a>&nbsp;&nbsp;&nbsp;crm_reset
<LI><a href="#[d6]">&gt;&gt;</a>&nbsp;&nbsp;&nbsp;crm_pllu_output_set
<LI><a href="#[d5]">&gt;&gt;</a>&nbsp;&nbsp;&nbsp;crm_pllu_div_set
<LI><a href="#[d4]">&gt;&gt;</a>&nbsp;&nbsp;&nbsp;crm_pll_config
<LI><a href="#[ad]">&gt;&gt;</a>&nbsp;&nbsp;&nbsp;crm_periph_clock_enable
<LI><a href="#[ca]">&gt;&gt;</a>&nbsp;&nbsp;&nbsp;crm_hext_stable_wait
<LI><a href="#[be]">&gt;&gt;</a>&nbsp;&nbsp;&nbsp;crm_flag_get
<LI><a href="#[d3]">&gt;&gt;</a>&nbsp;&nbsp;&nbsp;crm_clock_source_enable
<LI><a href="#[d7]">&gt;&gt;</a>&nbsp;&nbsp;&nbsp;crm_apb3_div_set
<LI><a href="#[d8]">&gt;&gt;</a>&nbsp;&nbsp;&nbsp;crm_apb2_div_set
<LI><a href="#[d9]">&gt;&gt;</a>&nbsp;&nbsp;&nbsp;crm_apb1_div_set
<LI><a href="#[c9]">&gt;&gt;</a>&nbsp;&nbsp;&nbsp;crm_ahb_div_set
<LI><a href="#[da]">&gt;&gt;</a>&nbsp;&nbsp;&nbsp;crm_sysclk_switch_status_get
<LI><a href="#[af]">&gt;&gt;</a>&nbsp;&nbsp;&nbsp;crm_auto_step_mode_enable
<LI><a href="#[db]">&gt;&gt;</a>&nbsp;&nbsp;&nbsp;system_core_clock_update
</UL>
<BR>[Called By]<UL><LI><a href="#[71]">&gt;&gt;</a>&nbsp;&nbsp;&nbsp;main
</UL>

<P><STRONG><a name="[db]"></a>system_core_clock_update</STRONG> (Thumb, 124 bytes, Stack size 24 bytes, system_at32f45x.o(i.system_core_clock_update))
<BR><BR>[Stack]<UL><LI>Max Depth = 72<LI>Call Chain = system_core_clock_update &rArr; __aeabi_uldivmod
</UL>
<BR>[Calls]<UL><LI><a href="#[da]">&gt;&gt;</a>&nbsp;&nbsp;&nbsp;crm_sysclk_switch_status_get
<LI><a href="#[dc]">&gt;&gt;</a>&nbsp;&nbsp;&nbsp;__aeabi_uldivmod
</UL>
<BR>[Called By]<UL><LI><a href="#[d1]">&gt;&gt;</a>&nbsp;&nbsp;&nbsp;system_clock_config
</UL>

<P><STRONG><a name="[ce]"></a>systick_clock_source_config</STRONG> (Thumb, 24 bytes, Stack size 0 bytes, at32f45x_misc.o(i.systick_clock_source_config))
<BR><BR>[Called By]<UL><LI><a href="#[cd]">&gt;&gt;</a>&nbsp;&nbsp;&nbsp;delay_init
</UL>

<P><STRONG><a name="[b4]"></a>tmr_base_init</STRONG> (Thumb, 14 bytes, Stack size 0 bytes, at32f45x_tmr.o(i.tmr_base_init), UNUSED)
<BR><BR>[Called By]<UL><LI><a href="#[b0]">&gt;&gt;</a>&nbsp;&nbsp;&nbsp;TMR2_Configuration
</UL>

<P><STRONG><a name="[b2]"></a>tmr_clock_source_div_set</STRONG> (Thumb, 10 bytes, Stack size 0 bytes, at32f45x_tmr.o(i.tmr_clock_source_div_set), UNUSED)
<BR><BR>[Called By]<UL><LI><a href="#[b0]">&gt;&gt;</a>&nbsp;&nbsp;&nbsp;TMR2_Configuration
</UL>

<P><STRONG><a name="[b1]"></a>tmr_cnt_dir_set</STRONG> (Thumb, 10 bytes, Stack size 0 bytes, at32f45x_tmr.o(i.tmr_cnt_dir_set), UNUSED)
<BR><BR>[Called By]<UL><LI><a href="#[b0]">&gt;&gt;</a>&nbsp;&nbsp;&nbsp;TMR2_Configuration
</UL>

<P><STRONG><a name="[b7]"></a>tmr_counter_enable</STRONG> (Thumb, 10 bytes, Stack size 0 bytes, at32f45x_tmr.o(i.tmr_counter_enable), UNUSED)
<BR><BR>[Called By]<UL><LI><a href="#[b0]">&gt;&gt;</a>&nbsp;&nbsp;&nbsp;TMR2_Configuration
</UL>

<P><STRONG><a name="[ba]"></a>tmr_flag_clear</STRONG> (Thumb, 6 bytes, Stack size 0 bytes, at32f45x_tmr.o(i.tmr_flag_clear))
<BR><BR>[Called By]<UL><LI><a href="#[29]">&gt;&gt;</a>&nbsp;&nbsp;&nbsp;TMR2_GLOBAL_IRQHandler
</UL>

<P><STRONG><a name="[b8]"></a>tmr_interrupt_enable</STRONG> (Thumb, 22 bytes, Stack size 0 bytes, at32f45x_tmr.o(i.tmr_interrupt_enable), UNUSED)
<BR><BR>[Called By]<UL><LI><a href="#[b0]">&gt;&gt;</a>&nbsp;&nbsp;&nbsp;TMR2_Configuration
</UL>

<P><STRONG><a name="[b9]"></a>tmr_interrupt_flag_get</STRONG> (Thumb, 20 bytes, Stack size 0 bytes, at32f45x_tmr.o(i.tmr_interrupt_flag_get))
<BR><BR>[Called By]<UL><LI><a href="#[29]">&gt;&gt;</a>&nbsp;&nbsp;&nbsp;TMR2_GLOBAL_IRQHandler
</UL>

<P><STRONG><a name="[b3]"></a>tmr_period_buffer_enable</STRONG> (Thumb, 10 bytes, Stack size 0 bytes, at32f45x_tmr.o(i.tmr_period_buffer_enable), UNUSED)
<BR><BR>[Called By]<UL><LI><a href="#[b0]">&gt;&gt;</a>&nbsp;&nbsp;&nbsp;TMR2_Configuration
</UL>

<P><STRONG><a name="[b6]"></a>tmr_primary_mode_select</STRONG> (Thumb, 10 bytes, Stack size 0 bytes, at32f45x_tmr.o(i.tmr_primary_mode_select), UNUSED)
<BR><BR>[Called By]<UL><LI><a href="#[b0]">&gt;&gt;</a>&nbsp;&nbsp;&nbsp;TMR2_Configuration
</UL>

<P><STRONG><a name="[b5]"></a>tmr_sub_sync_mode_set</STRONG> (Thumb, 10 bytes, Stack size 0 bytes, at32f45x_tmr.o(i.tmr_sub_sync_mode_set), UNUSED)
<BR><BR>[Called By]<UL><LI><a href="#[b0]">&gt;&gt;</a>&nbsp;&nbsp;&nbsp;TMR2_Configuration
</UL>

<P><STRONG><a name="[6b]"></a>_fp_init</STRONG> (Thumb, 10 bytes, Stack size 0 bytes, fpinit.o(x$fpl$fpinit))
<BR><BR>[Called By]<UL><LI><a href="#[6a]">&gt;&gt;</a>&nbsp;&nbsp;&nbsp;__rt_lib_init_fp_1
</UL>

<P><STRONG><a name="[10f]"></a>__fplib_config_fpu_vfp</STRONG> (Thumb, 0 bytes, Stack size unknown bytes, fpinit.o(x$fpl$fpinit), UNUSED)

<P><STRONG><a name="[110]"></a>__fplib_config_pureend_doubles</STRONG> (Thumb, 0 bytes, Stack size unknown bytes, fpinit.o(x$fpl$fpinit), UNUSED)
<P>
<H3>
Local Symbols
</H3>
<P><STRONG><a name="[9b]"></a>__NVIC_SystemReset</STRONG> (Thumb, 26 bytes, Stack size 0 bytes, main.o(i.__NVIC_SystemReset))
<BR><BR>[Called By]<UL><LI><a href="#[71]">&gt;&gt;</a>&nbsp;&nbsp;&nbsp;main
<LI><a href="#[5]">&gt;&gt;</a>&nbsp;&nbsp;&nbsp;HardFault_Handler
</UL>

<P><STRONG><a name="[8a]"></a>CAN_Form_Exid</STRONG> (Thumb, 32 bytes, Stack size 12 bytes, bl_can.o(i.CAN_Form_Exid))
<BR><BR>[Stack]<UL><LI>Max Depth = 12<LI>Call Chain = CAN_Form_Exid
</UL>
<BR>[Called By]<UL><LI><a href="#[8c]">&gt;&gt;</a>&nbsp;&nbsp;&nbsp;CanFilterConfig
<LI><a href="#[89]">&gt;&gt;</a>&nbsp;&nbsp;&nbsp;CAN_PushFrame
</UL>
<P>
<H3>
Undefined Global Symbols
</H3><HR></body></html>
