<html>
<body>
<pre>
<h1>µVision Build Log</h1>
<h2>Tool Versions:</h2>
IDE-Version: ¦ÌVision V5.36.0.0
Copyright (C) 2021 ARM Ltd and ARM Germany GmbH. All rights reserved.
License Information: 1 1, 1, LIC=WHYH9-48W5G-GKBBG-VFE6F-GI9FW-5W52H
 
Tool Versions:
Toolchain:       MDK-ARM Plus  Version: 5.36.0.0
Toolchain Path:  D:\KEIL5.36\ARM\ARMCC\Bin
C Compiler:      Armcc.exe V5.06 update 7 (build 960)
Assembler:       Armasm.exe V5.06 update 7 (build 960)
Linker/Locator:  ArmLink.exe V5.06 update 7 (build 960)
Library Manager: ArmAr.exe V5.06 update 7 (build 960)
Hex Converter:   FromElf.exe V5.06 update 7 (build 960)
CPU DLL:         SARMCM3.DLL V5.36.0.0
Dialog DLL:      DCM.DLL V1.17.3.0
Target DLL:      CMSIS_AGDI.dll V1.33.0.0
Dialog DLL:      TCM.DLL V1.53.0.0
 
<h2>Project:</h2>
D:\Èí¼þ³ÌÐò\N32Àý³Ì\Nations.N32H47x_48x_Library.1.2.0\projects\n32h47x_48x_EVAL\examples\FDCAN\FDCAN_Interrupt\MDK-ARM\FDCAN_Interrupt.uvprojx
Project File Date:  09/15/2025

<h2>Output:</h2>
*** Using Compiler 'V5.06 update 7 (build 960)', folder: 'D:\KEIL5.36\ARM\ARMCC\Bin'
Build target 'N32H48X'
assembling startup_n32h47x_48x.s...
compiling system_n32h47x_48x.c...
compiling n32h47x_48x_it.c...
compiling misc.c...
compiling n32h47x_48x_exti.c...
compiling n32h47x_48x_usart.c...
compiling n32h47x_48x_rcc.c...
compiling n32h47x_48x_fdcan.c...
compiling log.c...
compiling n32h47x_48x_gpio.c...
compiling main.c...
linking...
Program Size: Code=7544 RO-data=668 RW-data=60 ZI-data=5420  
FromELF: creating hex file...
After Build - User command #1: fromelf --bin --output=bin\FDCAN_Interrupt.bin .\Objects\FDCAN_Interrupt.axf
".\Objects\FDCAN_Interrupt.axf" - 0 Error(s), 0 Warning(s).

<h2>Software Packages used:</h2>

<h2>Collection of Component include folders:</h2>

<h2>Collection of Component Files used:</h2>
Build Time Elapsed:  00:00:01
</pre>
</body>
</html>
