Component: ARM Compiler 5.06 update 7 (build 960) Tool: armlink [4d3601]

==============================================================================

Section Cross References

    startup_at32f45x.o(STACK) refers (Special) to heapauxi.o(.text) for __use_two_region_memory
    startup_at32f45x.o(HEAP) refers (Special) to heapauxi.o(.text) for __use_two_region_memory
    startup_at32f45x.o(RESET) refers (Special) to heapauxi.o(.text) for __use_two_region_memory
    startup_at32f45x.o(RESET) refers to startup_at32f45x.o(STACK) for __initial_sp
    startup_at32f45x.o(RESET) refers to startup_at32f45x.o(.text) for Reset_Handler
    startup_at32f45x.o(RESET) refers to at32f45x_int.o(i.NMI_Handler) for NMI_Handler
    startup_at32f45x.o(RESET) refers to main.o(i.HardFault_Handler) for HardFault_Handler
    startup_at32f45x.o(RESET) refers to at32f45x_int.o(i.MemManage_Handler) for MemManage_Handler
    startup_at32f45x.o(RESET) refers to at32f45x_int.o(i.BusFault_Handler) for BusFault_Handler
    startup_at32f45x.o(RESET) refers to at32f45x_int.o(i.UsageFault_Handler) for UsageFault_Handler
    startup_at32f45x.o(RESET) refers to at32f45x_int.o(i.SVC_Handler) for SVC_Handler
    startup_at32f45x.o(RESET) refers to at32f45x_int.o(i.DebugMon_Handler) for DebugMon_Handler
    startup_at32f45x.o(RESET) refers to at32f45x_int.o(i.PendSV_Handler) for PendSV_Handler
    startup_at32f45x.o(RESET) refers to at32f45x_int.o(i.SysTick_Handler) for SysTick_Handler
    startup_at32f45x.o(RESET) refers to bl_can.o(i.CAN1_RX_IRQHandler) for CAN1_RX_IRQHandler
    startup_at32f45x.o(RESET) refers to bsp_can.o(i.CAN1_ERR_IRQHandler) for CAN1_ERR_IRQHandler
    startup_at32f45x.o(RESET) refers to universal_init.o(i.TMR2_GLOBAL_IRQHandler) for TMR2_GLOBAL_IRQHandler
    startup_at32f45x.o(.text) refers (Special) to heapauxi.o(.text) for __use_two_region_memory
    startup_at32f45x.o(.text) refers to system_at32f45x.o(i.SystemInit) for SystemInit
    startup_at32f45x.o(.text) refers to __main.o(!!!main) for __main
    startup_at32f45x.o(.text) refers to startup_at32f45x.o(HEAP) for Heap_Mem
    startup_at32f45x.o(.text) refers to startup_at32f45x.o(STACK) for Stack_Mem
    system_at32f45x.o(i.SystemInit) refers to at32f45x_crm.o(i.crm_auto_step_mode_enable) for crm_auto_step_mode_enable
    system_at32f45x.o(i.system_core_clock_update) refers to at32f45x_crm.o(i.crm_sysclk_switch_status_get) for crm_sysclk_switch_status_get
    system_at32f45x.o(i.system_core_clock_update) refers to lludivv7m.o(.text) for __aeabi_uldivmod
    system_at32f45x.o(i.system_core_clock_update) refers to system_at32f45x.o(.data) for .data
    system_at32f45x.o(i.system_core_clock_update) refers to system_at32f45x.o(.constdata) for .constdata
    main.o(i.HardFault_Handler) refers to iap.o(i.Save_IAP_CtrlData) for Save_IAP_CtrlData
    main.o(i.HardFault_Handler) refers to main.o(i.__NVIC_SystemReset) for __NVIC_SystemReset
    main.o(i.HardFault_Handler) refers to iap.o(.bss) for IAP_Ctrl_Map
    main.o(i.main) refers to flash.o(i.Flash_Prepare) for Flash_Prepare
    main.o(i.main) refers to iap.o(i.Save_ID_Info) for Save_ID_Info
    main.o(i.main) refers to iap.o(i.IAP_JumpTo) for IAP_JumpTo
    main.o(i.main) refers to at32f45x_clock.o(i.system_clock_config) for system_clock_config
    main.o(i.main) refers to at32f45x_board.o(i.delay_init) for delay_init
    main.o(i.main) refers to at32f45x_misc.o(i.nvic_vector_table_set) for nvic_vector_table_set
    main.o(i.main) refers to aeabi_memset.o(.text) for __aeabi_memset
    main.o(i.main) refers to system_config.o(i.Init_Variables) for Init_Variables
    main.o(i.main) refers to system_config.o(i.InitAllPeripherals) for InitAllPeripherals
    main.o(i.main) refers to bl_can.o(i.Can_Check_Send) for Can_Check_Send
    main.o(i.main) refers to iap.o(i.Save_IAP_CtrlData) for Save_IAP_CtrlData
    main.o(i.main) refers to main.o(i.__NVIC_SystemReset) for __NVIC_SystemReset
    main.o(i.main) refers to main.o(.constdata) for .constdata
    main.o(i.main) refers to main.o(.ARM.__AT_0x08006000) for .ARM.__AT_0x08006000
    main.o(i.main) refers to main.o(.ARM.__AT_0x20000000) for .ARM.__AT_0x20000000
    main.o(i.main) refers to iap.o(.bss) for IAP_Ctrl_Map
    main.o(i.main) refers to main.o(.data) for .data
    main.o(i.main) refers to variable.o(.data) for g_Variable
    at32f45x_clock.o(i.system_clock_config) refers to at32f45x_crm.o(i.crm_reset) for crm_reset
    at32f45x_clock.o(i.system_clock_config) refers to at32f45x_crm.o(i.crm_periph_clock_enable) for crm_periph_clock_enable
    at32f45x_clock.o(i.system_clock_config) refers to at32f45x_crm.o(i.crm_clock_source_enable) for crm_clock_source_enable
    at32f45x_clock.o(i.system_clock_config) refers to at32f45x_crm.o(i.crm_hext_stable_wait) for crm_hext_stable_wait
    at32f45x_clock.o(i.system_clock_config) refers to at32f45x_crm.o(i.crm_pll_config) for crm_pll_config
[...]
    ../clib/libinit.s                        0x00000000   Number         0  libshutdown2.o ABSOLUTE
    ../clib/libinit.s                        0x00000000   Number         0  libshutdown.o ABSOLUTE
    ../clib/longlong.s                       0x00000000   Number         0  lludivv7m.o ABSOLUTE
    ../clib/memcpset.s                       0x00000000   Number         0  rt_memcpy_v6.o ABSOLUTE
    ../clib/memcpset.s                       0x00000000   Number         0  rt_memcpy_w.o ABSOLUTE
    ../clib/memcpset.s                       0x00000000   Number         0  aeabi_memset.o ABSOLUTE
    ../clib/memcpset.s                       0x00000000   Number         0  rt_memclr.o ABSOLUTE
    ../clib/memcpset.s                       0x00000000   Number         0  rt_memclr_w.o ABSOLUTE
    ../clib/signal.c                         0x00000000   Number         0  defsig_other.o ABSOLUTE
    ../clib/signal.c                         0x00000000   Number         0  defsig_fpe_formal.o ABSOLUTE
    ../clib/signal.c                         0x00000000   Number         0  defsig_fpe_outer.o ABSOLUTE
    ../clib/signal.c                         0x00000000   Number         0  __raise.o ABSOLUTE
    ../clib/signal.c                         0x00000000   Number         0  defsig_general.o ABSOLUTE
    ../clib/signal.c                         0x00000000   Number         0  defsig_abrt_inner.o ABSOLUTE
    ../clib/signal.c                         0x00000000   Number         0  defsig_rtred_inner.o ABSOLUTE
    ../clib/signal.c                         0x00000000   Number         0  defsig_rtmem_inner.o ABSOLUTE
    ../clib/signal.c                         0x00000000   Number         0  defsig_rtmem_outer.o ABSOLUTE
    ../clib/signal.c                         0x00000000   Number         0  defsig_pvfn_inner.o ABSOLUTE
    ../clib/signal.c                         0x00000000   Number         0  defsig_rtmem_formal.o ABSOLUTE
    ../clib/signal.c                         0x00000000   Number         0  defsig_stak_inner.o ABSOLUTE
    ../clib/signal.c                         0x00000000   Number         0  defsig_segv_inner.o ABSOLUTE
    ../clib/signal.c                         0x00000000   Number         0  defsig_cppl_inner.o ABSOLUTE
    ../clib/signal.c                         0x00000000   Number         0  defsig_fpe_inner.o ABSOLUTE
    ../clib/signal.c                         0x00000000   Number         0  defsig_exit.o ABSOLUTE
    ../clib/signal.s                         0x00000000   Number         0  defsig.o ABSOLUTE
    ../clib/stdlib.c                         0x00000000   Number         0  exit.o ABSOLUTE
    ../fplib/fpinit.s                        0x00000000   Number         0  fpinit.o ABSOLUTE
    ..\Bsp\at32f45x_board.c                  0x00000000   Number         0  at32f45x_board.o ABSOLUTE
    ..\Bsp\bsp_can.c                         0x00000000   Number         0  bsp_can.o ABSOLUTE
    ..\Bsp\bsp_tim.c                         0x00000000   Number         0  bsp_tim.o ABSOLUTE
    ..\User\bootloader\Flash.c               0x00000000   Number         0  flash.o ABSOLUTE
    ..\User\bootloader\IAP.c                 0x00000000   Number         0  iap.o ABSOLUTE
    ..\User\bootloader\Parse_ComData.c       0x00000000   Number         0  parse_comdata.o ABSOLUTE
    ..\User\bootloader\System_Config.c       0x00000000   Number         0  system_config.o ABSOLUTE
    ..\User\bootloader\Universal_Init.c      0x00000000   Number         0  universal_init.o ABSOLUTE
    ..\User\bootloader\bl_can.c              0x00000000   Number         0  bl_can.o ABSOLUTE
    ..\User\bootloader\variable.c            0x00000000   Number         0  variable.o ABSOLUTE
    ..\User\src\at32f45x_clock.c             0x00000000   Number         0  at32f45x_clock.o ABSOLUTE
    ..\User\src\at32f45x_int.c               0x00000000   Number         0  at32f45x_int.o ABSOLUTE
    ..\User\src\main.c                       0x00000000   Number         0  main.o ABSOLUTE
    ..\\Bsp\\at32f45x_board.c                0x00000000   Number         0  at32f45x_board.o ABSOLUTE
    ..\\Bsp\\bsp_can.c                       0x00000000   Number         0  bsp_can.o ABSOLUTE
    ..\\Bsp\\bsp_tim.c                       0x00000000   Number         0  bsp_tim.o ABSOLUTE
    ..\\User\\bootloader\\Flash.c            0x00000000   Number         0  flash.o ABSOLUTE
    ..\\User\\bootloader\\IAP.c              0x00000000   Number         0  iap.o ABSOLUTE
    ..\\User\\bootloader\\Parse_ComData.c    0x00000000   Number         0  parse_comdata.o ABSOLUTE
    ..\\User\\bootloader\\System_Config.c    0x00000000   Number         0  system_config.o ABSOLUTE
    ..\\User\\bootloader\\Universal_Init.c   0x00000000   Number         0  universal_init.o ABSOLUTE
    ..\\User\\bootloader\\bl_can.c           0x00000000   Number         0  bl_can.o ABSOLUTE
    ..\\User\\bootloader\\variable.c         0x00000000   Number         0  variable.o ABSOLUTE
    ..\\User\\src\\at32f45x_clock.c          0x00000000   Number         0  at32f45x_clock.o ABSOLUTE
    ..\\User\\src\\at32f45x_int.c            0x00000000   Number         0  at32f45x_int.o ABSOLUTE
    ..\\User\\src\\main.c                    0x00000000   Number         0  main.o ABSOLUTE
    ..\\lib\\cmsis\\cm4\\device_support\\system_at32f45x.c 0x00000000   Number         0  system_at32f45x.o ABSOLUTE
    ..\\lib\\drivers\\src\\at32f45x_acc.c    0x00000000   Number         0  at32f45x_acc.o ABSOLUTE
    ..\\lib\\drivers\\src\\at32f45x_adc.c    0x00000000   Number         0  at32f45x_adc.o ABSOLUTE
    ..\\lib\\drivers\\src\\at32f45x_aes.c    0x00000000   Number         0  at32f45x_aes.o ABSOLUTE
    ..\\lib\\drivers\\src\\at32f45x_can.c    0x00000000   Number         0  at32f45x_can.o ABSOLUTE
    ..\\lib\\drivers\\src\\at32f45x_crc.c    0x00000000   Number         0  at32f45x_crc.o ABSOLUTE
    ..\\lib\\drivers\\src\\at32f45x_crm.c    0x00000000   Number         0  at32f45x_crm.o ABSOLUTE
    ..\\lib\\drivers\\src\\at32f45x_dac.c    0x00000000   Number         0  at32f45x_dac.o ABSOLUTE
    ..\\lib\\drivers\\src\\at32f45x_debug.c  0x00000000   Number         0  at32f45x_debug.o ABSOLUTE
    ..\\lib\\drivers\\src\\at32f45x_dma.c    0x00000000   Number         0  at32f45x_dma.o ABSOLUTE
    ..\\lib\\drivers\\src\\at32f45x_emac.c   0x00000000   Number         0  at32f45x_emac.o ABSOLUTE
    ..\\lib\\drivers\\src\\at32f45x_ertc.c   0x00000000   Number         0  at32f45x_ertc.o ABSOLUTE
    ..\\lib\\drivers\\src\\at32f45x_exint.c  0x00000000   Number         0  at32f45x_exint.o ABSOLUTE
    ..\\lib\\drivers\\src\\at32f45x_flash.c  0x00000000   Number         0  at32f45x_flash.o ABSOLUTE
    ..\\lib\\drivers\\src\\at32f45x_gpio.c   0x00000000   Number         0  at32f45x_gpio.o ABSOLUTE
    ..\\lib\\drivers\\src\\at32f45x_i2c.c    0x00000000   Number         0  at32f45x_i2c.o ABSOLUTE
    ..\\lib\\drivers\\src\\at32f45x_misc.c   0x00000000   Number         0  at32f45x_misc.o ABSOLUTE
    ..\\lib\\drivers\\src\\at32f45x_pwc.c    0x00000000   Number         0  at32f45x_pwc.o ABSOLUTE
    ..\\lib\\drivers\\src\\at32f45x_qspi.c   0x00000000   Number         0  at32f45x_qspi.o ABSOLUTE
    ..\\lib\\drivers\\src\\at32f45x_scfg.c   0x00000000   Number         0  at32f45x_scfg.o ABSOLUTE
    ..\\lib\\drivers\\src\\at32f45x_sdio.c   0x00000000   Number         0  at32f45x_sdio.o ABSOLUTE
    ..\\lib\\drivers\\src\\at32f45x_spi.c    0x00000000   Number         0  at32f45x_spi.o ABSOLUTE
    ..\\lib\\drivers\\src\\at32f45x_tmr.c    0x00000000   Number         0  at32f45x_tmr.o ABSOLUTE
    ..\\lib\\drivers\\src\\at32f45x_trng.c   0x00000000   Number         0  at32f45x_trng.o ABSOLUTE
    ..\\lib\\drivers\\src\\at32f45x_usart.c  0x00000000   Number         0  at32f45x_usart.o ABSOLUTE
    ..\\lib\\drivers\\src\\at32f45x_usb.c    0x00000000   Number         0  at32f45x_usb.o ABSOLUTE
    ..\\lib\\drivers\\src\\at32f45x_wdt.c    0x00000000   Number         0  at32f45x_wdt.o ABSOLUTE
    ..\\lib\\drivers\\src\\at32f45x_wwdt.c   0x00000000   Number         0  at32f45x_wwdt.o ABSOLUTE
    ..\\lib\\drivers\\src\\at32f45x_xmc.c    0x00000000   Number         0  at32f45x_xmc.o ABSOLUTE
    ..\lib\cmsis\cm4\device_support\startup\mdk\startup_at32f45x.s 0x00000000   Number         0  startup_at32f45x.o ABSOLUTE
    ..\lib\cmsis\cm4\device_support\system_at32f45x.c 0x00000000   Number         0  system_at32f45x.o ABSOLUTE
    ..\lib\drivers\src\at32f45x_acc.c        0x00000000   Number         0  at32f45x_acc.o ABSOLUTE
    ..\lib\drivers\src\at32f45x_adc.c        0x00000000   Number         0  at32f45x_adc.o ABSOLUTE
    ..\lib\drivers\src\at32f45x_aes.c        0x00000000   Number         0  at32f45x_aes.o ABSOLUTE
    ..\lib\drivers\src\at32f45x_can.c        0x00000000   Number         0  at32f45x_can.o ABSOLUTE
    ..\lib\drivers\src\at32f45x_crc.c        0x00000000   Number         0  at32f45x_crc.o ABSOLUTE
    ..\lib\drivers\src\at32f45x_crm.c        0x00000000   Number         0  at32f45x_crm.o ABSOLUTE
    ..\lib\drivers\src\at32f45x_dac.c        0x00000000   Number         0  at32f45x_dac.o ABSOLUTE
    ..\lib\drivers\src\at32f45x_debug.c      0x00000000   Number         0  at32f45x_debug.o ABSOLUTE
    ..\lib\drivers\src\at32f45x_dma.c        0x00000000   Number         0  at32f45x_dma.o ABSOLUTE
    ..\lib\drivers\src\at32f45x_emac.c       0x00000000   Number         0  at32f45x_emac.o ABSOLUTE
    ..\lib\drivers\src\at32f45x_ertc.c       0x00000000   Number         0  at32f45x_ertc.o ABSOLUTE
    ..\lib\drivers\src\at32f45x_exint.c      0x00000000   Number         0  at32f45x_exint.o ABSOLUTE
    ..\lib\drivers\src\at32f45x_flash.c      0x00000000   Number         0  at32f45x_flash.o ABSOLUTE
    ..\lib\drivers\src\at32f45x_gpio.c       0x00000000   Number         0  at32f45x_gpio.o ABSOLUTE
    ..\lib\drivers\src\at32f45x_i2c.c        0x00000000   Number         0  at32f45x_i2c.o ABSOLUTE
    ..\lib\drivers\src\at32f45x_misc.c       0x00000000   Number         0  at32f45x_misc.o ABSOLUTE
    ..\lib\drivers\src\at32f45x_pwc.c        0x00000000   Number         0  at32f45x_pwc.o ABSOLUTE
    ..\lib\drivers\src\at32f45x_qspi.c       0x00000000   Number         0  at32f45x_qspi.o ABSOLUTE
    ..\lib\drivers\src\at32f45x_scfg.c       0x00000000   Number         0  at32f45x_scfg.o ABSOLUTE
    ..\lib\drivers\src\at32f45x_sdio.c       0x00000000   Number         0  at32f45x_sdio.o ABSOLUTE
    ..\lib\drivers\src\at32f45x_spi.c        0x00000000   Number         0  at32f45x_spi.o ABSOLUTE
    ..\lib\drivers\src\at32f45x_tmr.c        0x00000000   Number         0  at32f45x_tmr.o ABSOLUTE
    ..\lib\drivers\src\at32f45x_trng.c       0x00000000   Number         0  at32f45x_trng.o ABSOLUTE
    ..\lib\drivers\src\at32f45x_usart.c      0x00000000   Number         0  at32f45x_usart.o ABSOLUTE
    ..\lib\drivers\src\at32f45x_usb.c        0x00000000   Number         0  at32f45x_usb.o ABSOLUTE
    ..\lib\drivers\src\at32f45x_wdt.c        0x00000000   Number         0  at32f45x_wdt.o ABSOLUTE
    ..\lib\drivers\src\at32f45x_wwdt.c       0x00000000   Number         0  at32f45x_wwdt.o ABSOLUTE
    ..\lib\drivers\src\at32f45x_xmc.c        0x00000000   Number         0  at32f45x_xmc.o ABSOLUTE
    dc.s                                     0x00000000   Number         0  dc.o ABSOLUTE
    RESET                                    0x08000000   Section      480  startup_at32f45x.o(RESET)
    !!!main                                  0x080001e0   Section        8  __main.o(!!!main)
    !!!scatter                               0x080001e8   Section       52  __scatter.o(!!!scatter)
    !!handler_copy                           0x0800021c   Section       26  __scatter_copy.o(!!handler_copy)
    !!handler_zi                             0x08000238   Section       28  __scatter_zi.o(!!handler_zi)
    .ARM.Collect$$libinit$$00000000          0x08000254   Section        2  libinit.o(.ARM.Collect$$libinit$$00000000)
    .ARM.Collect$$libinit$$00000001          0x08000256   Section        4  libinit2.o(.ARM.Collect$$libinit$$00000001)
    .ARM.Collect$$libinit$$00000004          0x0800025a   Section        0  libinit2.o(.ARM.Collect$$libinit$$00000004)
    .ARM.Collect$$libinit$$0000000A          0x0800025a   Section        0  libinit2.o(.ARM.Collect$$libinit$$0000000A)
    .ARM.Collect$$libinit$$0000000C          0x0800025a   Section        0  libinit2.o(.ARM.Collect$$libinit$$0000000C)
    .ARM.Collect$$libinit$$0000000E          0x0800025a   Section        0  libinit2.o(.ARM.Collect$$libinit$$0000000E)
    .ARM.Collect$$libinit$$00000011          0x0800025a   Section        0  libinit2.o(.ARM.Collect$$libinit$$00000011)
    .ARM.Collect$$libinit$$00000013          0x0800025a   Section        0  libinit2.o(.ARM.Collect$$libinit$$00000013)
    .ARM.Collect$$libinit$$00000015          0x0800025a   Section        0  libinit2.o(.ARM.Collect$$libinit$$00000015)
    .ARM.Collect$$libinit$$00000017          0x0800025a   Section        0  libinit2.o(.ARM.Collect$$libinit$$00000017)
    .ARM.Collect$$libinit$$00000019          0x0800025a   Section        0  libinit2.o(.ARM.Collect$$libinit$$00000019)
    .ARM.Collect$$libinit$$0000001B          0x0800025a   Section        0  libinit2.o(.ARM.Collect$$libinit$$0000001B)
    .ARM.Collect$$libinit$$0000001D          0x0800025a   Section        0  libinit2.o(.ARM.Collect$$libinit$$0000001D)
    .ARM.Collect$$libinit$$0000001F          0x0800025a   Section        0  libinit2.o(.ARM.Collect$$libinit$$0000001F)
    .ARM.Collect$$libinit$$00000021          0x0800025a   Section        0  libinit2.o(.ARM.Collect$$libinit$$00000021)
    .ARM.Collect$$libinit$$00000023          0x0800025a   Section        0  libinit2.o(.ARM.Collect$$libinit$$00000023)
    .ARM.Collect$$libinit$$00000025          0x0800025a   Section        0  libinit2.o(.ARM.Collect$$libinit$$00000025)
    .ARM.Collect$$libinit$$0000002C          0x0800025a   Section        0  libinit2.o(.ARM.Collect$$libinit$$0000002C)
    .ARM.Collect$$libinit$$0000002E          0x0800025a   Section        0  libinit2.o(.ARM.Collect$$libinit$$0000002E)
    .ARM.Collect$$libinit$$00000030          0x0800025a   Section        0  libinit2.o(.ARM.Collect$$libinit$$00000030)
    .ARM.Collect$$libinit$$00000032          0x0800025a   Section        0  libinit2.o(.ARM.Collect$$libinit$$00000032)
    .ARM.Collect$$libinit$$00000033          0x0800025a   Section        2  libinit2.o(.ARM.Collect$$libinit$$00000033)
    .ARM.Collect$$libshutdown$$00000000      0x0800025c   Section        2  libshutdown.o(.ARM.Collect$$libshutdown$$00000000)
    .ARM.Collect$$libshutdown$$00000002      0x0800025e   Section        0  libshutdown2.o(.ARM.Collect$$libshutdown$$00000002)
    .ARM.Collect$$libshutdown$$00000004      0x0800025e   Section        0  libshutdown2.o(.ARM.Collect$$libshutdown$$00000004)
    .ARM.Collect$$libshutdown$$00000006      0x0800025e   Section        0  libshutdown2.o(.ARM.Collect$$libshutdown$$00000006)
    .ARM.Collect$$libshutdown$$00000009      0x0800025e   Section        0  libshutdown2.o(.ARM.Collect$$libshutdown$$00000009)
    .ARM.Collect$$libshutdown$$0000000C      0x0800025e   Section        0  libshutdown2.o(.ARM.Collect$$libshutdown$$0000000C)
    .ARM.Collect$$libshutdown$$0000000E      0x0800025e   Section        0  libshutdown2.o(.ARM.Collect$$libshutdown$$0000000E)
    .ARM.Collect$$libshutdown$$00000011      0x0800025e   Section        0  libshutdown2.o(.ARM.Collect$$libshutdown$$00000011)
    .ARM.Collect$$libshutdown$$00000012      0x0800025e   Section        2  libshutdown2.o(.ARM.Collect$$libshutdown$$00000012)
    .ARM.Collect$$rtentry$$00000000          0x08000260   Section        0  __rtentry.o(.ARM.Collect$$rtentry$$00000000)
    .ARM.Collect$$rtentry$$00000002          0x08000260   Section        0  __rtentry2.o(.ARM.Collect$$rtentry$$00000002)
    .ARM.Collect$$rtentry$$00000004          0x08000260   Section        6  __rtentry4.o(.ARM.Collect$$rtentry$$00000004)
    .ARM.Collect$$rtentry$$00000009          0x08000266   Section        0  __rtentry2.o(.ARM.Collect$$rtentry$$00000009)
    .ARM.Collect$$rtentry$$0000000A          0x08000266   Section        4  __rtentry2.o(.ARM.Collect$$rtentry$$0000000A)
    .ARM.Collect$$rtentry$$0000000C          0x0800026a   Section        0  __rtentry2.o(.ARM.Collect$$rtentry$$0000000C)
    .ARM.Collect$$rtentry$$0000000D          0x0800026a   Section        8  __rtentry2.o(.ARM.Collect$$rtentry$$0000000D)
    .ARM.Collect$$rtexit$$00000000           0x08000272   Section        2  rtexit.o(.ARM.Collect$$rtexit$$00000000)
    .ARM.Collect$$rtexit$$00000002           0x08000274   Section        0  rtexit2.o(.ARM.Collect$$rtexit$$00000002)
    .ARM.Collect$$rtexit$$00000003           0x08000274   Section        4  rtexit2.o(.ARM.Collect$$rtexit$$00000003)
    .ARM.Collect$$rtexit$$00000004           0x08000278   Section        6  rtexit2.o(.ARM.Collect$$rtexit$$00000004)
    .text                                    0x08000280   Section       64  startup_at32f45x.o(.text)
    $v0                                      0x08000280   Number         0  startup_at32f45x.o(.text)
    .text                                    0x080002c0   Section        2  use_no_semi_2.o(.text)
    .text                                    0x080002c2   Section      238  lludivv7m.o(.text)
    .text                                    0x080003b0   Section      138  rt_memcpy_v6.o(.text)
    .text                                    0x0800043a   Section      100  rt_memcpy_w.o(.text)
    .text                                    0x0800049e   Section       16  aeabi_memset.o(.text)
    .text                                    0x080004ae   Section       68  rt_memclr.o(.text)
    .text                                    0x080004f2   Section       78  rt_memclr_w.o(.text)
    .text                                    0x08000540   Section        0  heapauxi.o(.text)
    .text                                    0x08000546   Section        2  use_no_semi.o(.text)
    .text                                    0x08000548   Section       74  sys_stackheap_outer.o(.text)
    .text                                    0x08000592   Section        0  exit.o(.text)
    .text                                    0x080005a4   Section        8  libspace.o(.text)
    i.Bsp_Can_Transmit_Classic_Extended      0x080005ac   Section        0  bsp_can.o(i.Bsp_Can_Transmit_Classic_Extended)
    i.BusFault_Handler                       0x08000624   Section        0  at32f45x_int.o(i.BusFault_Handler)
    i.CAN1_ERR_IRQHandler                    0x08000628   Section        0  bsp_can.o(i.CAN1_ERR_IRQHandler)
    i.CAN1_RX_IRQHandler                     0x08000650   Section        0  bl_can.o(i.CAN1_RX_IRQHandler)
    i.CAN_Form_Exid                          0x080006d8   Section        0  bl_can.o(i.CAN_Form_Exid)
    CAN_Form_Exid                            0x080006d9   Thumb Code    32  bl_can.o(i.CAN_Form_Exid)
    i.CAN_PushFrame                          0x080006fc   Section        0  bl_can.o(i.CAN_PushFrame)
    i.CanFilterConfig                        0x080007ac   Section        0  bl_can.o(i.CanFilterConfig)
    i.Can_Check_Send                         0x08000858   Section        0  bl_can.o(i.Can_Check_Send)
    i.DebugMon_Handler                       0x080008d8   Section        0  at32f45x_int.o(i.DebugMon_Handler)
    i.Flash_Prepare                          0x080008da   Section        0  flash.o(i.Flash_Prepare)
    i.Flash_Read_Byte                        0x08000914   Section        0  flash.o(i.Flash_Read_Byte)
    i.Flash_Write_Word                       0x08000926   Section        0  flash.o(i.Flash_Write_Word)
    i.HardFault_Handler                      0x08000964   Section        0  main.o(i.HardFault_Handler)
    i.IAP_Handle                             0x08000978   Section        0  iap.o(i.IAP_Handle)
    i.IAP_Init                               0x08000c90   Section        0  iap.o(i.IAP_Init)
    i.IAP_JumpTo                             0x08000ccc   Section        0  iap.o(i.IAP_JumpTo)
    i.IAP_Request_Data                       0x08000d18   Section        0  iap.o(i.IAP_Request_Data)
    i.IAP_Reset                              0x08000d68   Section        0  iap.o(i.IAP_Reset)
    i.InitAllPeripherals                     0x08000d74   Section        0  system_config.o(i.InitAllPeripherals)
    i.Init_Variables                         0x08000d92   Section        0  system_config.o(i.Init_Variables)
    i.MemManage_Handler                      0x08000d96   Section        0  at32f45x_int.o(i.MemManage_Handler)
    i.NMI_Handler                            0x08000d98   Section        0  at32f45x_int.o(i.NMI_Handler)
    i.NVIC_Configuration                     0x08000d9a   Section        0  system_config.o(i.NVIC_Configuration)
    i.Parse_CAN_Frame                        0x08000dd0   Section        0  parse_comdata.o(i.Parse_CAN_Frame)
    i.PendSV_Handler                         0x08000e80   Section        0  at32f45x_int.o(i.PendSV_Handler)
    i.Peripherals_Clock_Init                 0x08000e84   Section        0  system_config.o(i.Peripherals_Clock_Init)
    i.SVC_Handler                            0x08000ecc   Section        0  at32f45x_int.o(i.SVC_Handler)
    i.Save_IAP_CtrlData                      0x08000ed0   Section        0  iap.o(i.Save_IAP_CtrlData)
    i.Save_ID_Info                           0x08000ef8   Section        0  iap.o(i.Save_ID_Info)
    i.SysTick_Handler                        0x08000f18   Section        0  at32f45x_int.o(i.SysTick_Handler)
    i.SystemInit                             0x08000f1c   Section        0  system_at32f45x.o(i.SystemInit)
    i.TIM2_Configuration                     0x08000f9c   Section        0  universal_init.o(i.TIM2_Configuration)
    i.TMR2_Configuration                     0x08000fa0   Section        0  bsp_tim.o(i.TMR2_Configuration)
    i.TMR2_GLOBAL_IRQHandler                 0x08000ff4   Section        0  universal_init.o(i.TMR2_GLOBAL_IRQHandler)
    i.UsageFault_Handler                     0x0800101c   Section        0  at32f45x_int.o(i.UsageFault_Handler)
    i.User_CAN_Init                          0x08001020   Section        0  bl_can.o(i.User_CAN_Init)
    i.__NVIC_SystemReset                     0x080011d8   Section        0  main.o(i.__NVIC_SystemReset)
    __NVIC_SystemReset                       0x080011d9   Thumb Code    26  main.o(i.__NVIC_SystemReset)
    i._sys_exit                              0x080011fc   Section        0  at32f45x_board.o(i._sys_exit)
    i.can_bittime_default_para_init          0x080011fe   Section        0  at32f45x_can.o(i.can_bittime_default_para_init)
    i.can_bittime_set                        0x0800121c   Section        0  at32f45x_can.o(i.can_bittime_set)
    i.can_fd_iso_mode_enable                 0x0800127c   Section        0  at32f45x_can.o(i.can_fd_iso_mode_enable)
    i.can_filter_default_para_init           0x08001286   Section        0  at32f45x_can.o(i.can_filter_default_para_init)
    i.can_filter_enable                      0x080012b0   Section        0  at32f45x_can.o(i.can_filter_enable)
    i.can_filter_set                         0x080012d4   Section        0  at32f45x_can.o(i.can_filter_set)
    i.can_flag_clear                         0x080013ba   Section        0  at32f45x_can.o(i.can_flag_clear)
    i.can_flag_get                           0x080013be   Section        0  at32f45x_can.o(i.can_flag_get)
    i.can_interrupt_enable                   0x080013cc   Section        0  at32f45x_can.o(i.can_interrupt_enable)
    i.can_interrupt_flag_get                 0x080013e0   Section        0  at32f45x_can.o(i.can_interrupt_flag_get)
    i.can_mode_set                           0x080013f6   Section        0  at32f45x_can.o(i.can_mode_set)
    i.can_rearbitration_limit_set            0x08001490   Section        0  at32f45x_can.o(i.can_rearbitration_limit_set)
    i.can_receive_all_enable                 0x0800149a   Section        0  at32f45x_can.o(i.can_receive_all_enable)
    i.can_retransmission_limit_set           0x080014a4   Section        0  at32f45x_can.o(i.can_retransmission_limit_set)
    i.can_rxbuf_read                         0x080014b0   Section        0  at32f45x_can.o(i.can_rxbuf_read)
    i.can_rxbuf_warning_set                  0x08001584   Section        0  at32f45x_can.o(i.can_rxbuf_warning_set)
    i.can_software_reset                     0x0800158e   Section        0  at32f45x_can.o(i.can_software_reset)
    i.can_stb_transmit_mode_set              0x08001598   Section        0  at32f45x_can.o(i.can_stb_transmit_mode_set)
    i.can_transmit_status_get                0x080015a2   Section        0  at32f45x_can.o(i.can_transmit_status_get)
    i.can_txbuf_transmit                     0x080015be   Section        0  at32f45x_can.o(i.can_txbuf_transmit)
    i.can_txbuf_write                        0x08001610   Section        0  at32f45x_can.o(i.can_txbuf_write)
    i.crm_ahb_div_set                        0x08001720   Section        0  at32f45x_crm.o(i.crm_ahb_div_set)
    i.crm_apb1_div_set                       0x08001744   Section        0  at32f45x_crm.o(i.crm_apb1_div_set)
    i.crm_apb2_div_set                       0x08001754   Section        0  at32f45x_crm.o(i.crm_apb2_div_set)
    i.crm_apb3_div_set                       0x08001764   Section        0  at32f45x_crm.o(i.crm_apb3_div_set)
    i.crm_auto_step_mode_enable              0x08001774   Section        0  at32f45x_crm.o(i.crm_auto_step_mode_enable)
    i.crm_can_clock_select                   0x08001790   Section        0  at32f45x_crm.o(i.crm_can_clock_select)
    i.crm_clock_source_enable                0x080017bc   Section        0  at32f45x_crm.o(i.crm_clock_source_enable)
    i.crm_flag_get                           0x080017f8   Section        0  at32f45x_crm.o(i.crm_flag_get)
    i.crm_hext_stable_wait                   0x0800181c   Section        0  at32f45x_crm.o(i.crm_hext_stable_wait)
    i.crm_periph_clock_enable                0x08001844   Section        0  at32f45x_crm.o(i.crm_periph_clock_enable)
    i.crm_pll_config                         0x0800186c   Section        0  at32f45x_crm.o(i.crm_pll_config)
    i.crm_pllu_div_set                       0x08001898   Section        0  at32f45x_crm.o(i.crm_pllu_div_set)
    i.crm_pllu_output_set                    0x080018a8   Section        0  at32f45x_crm.o(i.crm_pllu_output_set)
    i.crm_reset                              0x080018b8   Section        0  at32f45x_crm.o(i.crm_reset)
    i.crm_sysclk_switch                      0x08001924   Section        0  at32f45x_crm.o(i.crm_sysclk_switch)
    i.crm_sysclk_switch_status_get           0x08001948   Section        0  at32f45x_crm.o(i.crm_sysclk_switch_status_get)
    i.delay_init                             0x08001958   Section        0  at32f45x_board.o(i.delay_init)
    i.delay_ms                               0x08001988   Section        0  at32f45x_board.o(i.delay_ms)
    i.flash_lock                             0x080019d4   Section        0  at32f45x_flash.o(i.flash_lock)
    i.flash_operation_status_get             0x080019e4   Section        0  at32f45x_flash.o(i.flash_operation_status_get)
    i.flash_operation_wait_for               0x08001a0c   Section        0  at32f45x_flash.o(i.flash_operation_wait_for)
    i.flash_sector_erase                     0x08001a2c   Section        0  at32f45x_flash.o(i.flash_sector_erase)
    i.flash_unlock                           0x08001a58   Section        0  at32f45x_flash.o(i.flash_unlock)
    i.flash_word_program                     0x08001a70   Section        0  at32f45x_flash.o(i.flash_word_program)
    i.gpio_default_para_init                 0x08001a94   Section        0  at32f45x_gpio.o(i.gpio_default_para_init)
    i.gpio_init                              0x08001aa8   Section        0  at32f45x_gpio.o(i.gpio_init)
    i.gpio_pin_mux_config                    0x08001b0c   Section        0  at32f45x_gpio.o(i.gpio_pin_mux_config)
    i.main                                   0x08001b34   Section        0  main.o(i.main)
    i.nvic_irq_disable                       0x08001c28   Section        0  at32f45x_misc.o(i.nvic_irq_disable)
    i.nvic_irq_enable                        0x08001c4c   Section        0  at32f45x_misc.o(i.nvic_irq_enable)
    i.nvic_priority_group_config             0x08001cc4   Section        0  at32f45x_misc.o(i.nvic_priority_group_config)
    i.nvic_vector_table_set                  0x08001ce8   Section        0  at32f45x_misc.o(i.nvic_vector_table_set)
    i.system_clock_config                    0x08001cfc   Section        0  at32f45x_clock.o(i.system_clock_config)
    i.system_core_clock_update               0x08001d9c   Section        0  system_at32f45x.o(i.system_core_clock_update)
    i.systick_clock_source_config            0x08001e2c   Section        0  at32f45x_misc.o(i.systick_clock_source_config)
    i.tmr_base_init                          0x08001e44   Section        0  at32f45x_tmr.o(i.tmr_base_init)
    i.tmr_clock_source_div_set               0x08001e52   Section        0  at32f45x_tmr.o(i.tmr_clock_source_div_set)
    i.tmr_cnt_dir_set                        0x08001e5c   Section        0  at32f45x_tmr.o(i.tmr_cnt_dir_set)
    i.tmr_counter_enable                     0x08001e66   Section        0  at32f45x_tmr.o(i.tmr_counter_enable)
    i.tmr_flag_clear                         0x08001e70   Section        0  at32f45x_tmr.o(i.tmr_flag_clear)
    i.tmr_interrupt_enable                   0x08001e76   Section        0  at32f45x_tmr.o(i.tmr_interrupt_enable)
    i.tmr_interrupt_flag_get                 0x08001e8c   Section        0  at32f45x_tmr.o(i.tmr_interrupt_flag_get)
    i.tmr_period_buffer_enable               0x08001ea0   Section        0  at32f45x_tmr.o(i.tmr_period_buffer_enable)
    i.tmr_primary_mode_select                0x08001eaa   Section        0  at32f45x_tmr.o(i.tmr_primary_mode_select)
    i.tmr_sub_sync_mode_set                  0x08001eb4   Section        0  at32f45x_tmr.o(i.tmr_sub_sync_mode_set)
    x$fpl$fpinit                             0x08001ebe   Section       10  fpinit.o(x$fpl$fpinit)
    $v0                                      0x08001ebe   Number         0  fpinit.o(x$fpl$fpinit)
    .constdata                               0x08001ec8   Section       32  system_at32f45x.o(.constdata)
    sys_ahb_div_table                        0x08001ec8   Data          16  system_at32f45x.o(.constdata)
    pll_fp_table                             0x08001ed8   Data          16  system_at32f45x.o(.constdata)
    .constdata                               0x08001ee8   Section       14  main.o(.constdata)
    .constdata                               0x08001ef6   Section       16  at32f45x_can.o(.constdata)
    dlc_to_bytes                             0x08001ef6   Data          16  at32f45x_can.o(.constdata)
    .constdata                               0x08001f08   Section       30  iap.o(.constdata)
    .ARM.__AT_0x08006000                     0x08006000   Section        4  main.o(.ARM.__AT_0x08006000)
    .ARM.__AT_0x20000000                     0x20000000   Section        4  main.o(.ARM.__AT_0x20000000)
    .data                                    0x20000004   Section        4  system_at32f45x.o(.data)
    .data                                    0x20000008   Section        2  main.o(.data)
    s_cnt                                    0x20000008   Data           2  main.o(.data)
    .data                                    0x2000000c   Section       44  at32f45x_board.o(.data)
    pressed                                  0x2000000c   Data           1  at32f45x_board.o(.data)
    fac_us                                   0x20000010   Data           4  at32f45x_board.o(.data)
    fac_ms                                   0x20000014   Data           4  at32f45x_board.o(.data)
    .data                                    0x20000038   Section        8  bl_can.o(.data)
    .data                                    0x20000040   Section        6  variable.o(.data)
    .data                                    0x20000046   Section       17  iap.o(.data)
    .bss                                     0x20000058   Section     1900  bl_can.o(.bss)
    .bss                                     0x200007c4   Section     1069  iap.o(.bss)
    s_iap_buff                               0x200007d4   Data        1024  iap.o(.bss)
    .bss                                     0x20000bf4   Section       96  libspace.o(.bss)
    HEAP                                     0x20000c58   Section      512  startup_at32f45x.o(HEAP)
    Heap_Mem                                 0x20000c58   Data         512  startup_at32f45x.o(HEAP)
    STACK                                    0x20000e58   Section     1024  startup_at32f45x.o(STACK)
    Stack_Mem                                0x20000e58   Data        1024  startup_at32f45x.o(STACK)
    __initial_sp                             0x20001258   Data           0  startup_at32f45x.o(STACK)

    Global Symbols

    Symbol Name                              Value     Ov Type        Size  Object(Section)

    BuildAttributes$$THM_ISAv4$E$P$D$K$B$S$7EM$VFPi3$EXTD16$VFPS$VFMA$PE$A:L22UL41UL21$X:L11$S22US41US21$IEEE1$IW$USESV6$~STKCKD$USESV7$~SHL$OSPACE$ROPI$EBA8$UX$STANDARDLIB$REQ8$PRES8$EABIv2 0x00000000   Number         0  anon$$obj.o ABSOLUTE
    __ARM_use_no_argv                        0x00000000   Number         0  main.o ABSOLUTE
    __ARM_exceptions_init                     - Undefined Weak Reference
    __alloca_initialize                       - Undefined Weak Reference
    __arm_fini_                               - Undefined Weak Reference
    __arm_preinit_                            - Undefined Weak Reference
    __cpp_initialize__aeabi_                  - Undefined Weak Reference
    __cxa_finalize                            - Undefined Weak Reference
    __rt_locale                               - Undefined Weak Reference
    __sigvec_lookup                           - Undefined Weak Reference
    _atexit_init                              - Undefined Weak Reference
    _call_atexit_fns                          - Undefined Weak Reference
    _clock_init                               - Undefined Weak Reference
    _fp_trap_init                             - Undefined Weak Reference
    _fp_trap_shutdown                         - Undefined Weak Reference
    _get_lc_collate                           - Undefined Weak Reference
    _get_lc_ctype                             - Undefined Weak Reference
    _get_lc_monetary                          - Undefined Weak Reference
    _get_lc_numeric                           - Undefined Weak Reference
    _get_lc_time                              - Undefined Weak Reference
    _getenv_init                              - Undefined Weak Reference
    _handle_redirection                       - Undefined Weak Reference
    _init_alloc                               - Undefined Weak Reference
    _init_user_alloc                          - Undefined Weak Reference
    _initio                                   - Undefined Weak Reference
    _rand_init                                - Undefined Weak Reference
    _signal_finish                            - Undefined Weak Reference
    _signal_init                              - Undefined Weak Reference
    _terminate_alloc                          - Undefined Weak Reference
    _terminate_user_alloc                     - Undefined Weak Reference
    _terminateio                              - Undefined Weak Reference
    __Vectors_Size                           0x000001e0   Number         0  startup_at32f45x.o ABSOLUTE
    __Vectors                                0x08000000   Data           4  startup_at32f45x.o(RESET)
    __Vectors_End                            0x080001e0   Data           0  startup_at32f45x.o(RESET)
    __main                                   0x080001e1   Thumb Code     8  __main.o(!!!main)
    __scatterload                            0x080001e9   Thumb Code     0  __scatter.o(!!!scatter)
    __scatterload_rt2                        0x080001e9   Thumb Code    44  __scatter.o(!!!scatter)
    __scatterload_rt2_thumb_only             0x080001e9   Thumb Code     0  __scatter.o(!!!scatter)
    __scatterload_null                       0x080001f7   Thumb Code     0  __scatter.o(!!!scatter)
    __scatterload_copy                       0x0800021d   Thumb Code    26  __scatter_copy.o(!!handler_copy)
    __scatterload_zeroinit                   0x08000239   Thumb Code    28  __scatter_zi.o(!!handler_zi)
    __rt_lib_init                            0x08000255   Thumb Code     0  libinit.o(.ARM.Collect$$libinit$$00000000)
    __rt_lib_init_fp_1                       0x08000257   Thumb Code     0  libinit2.o(.ARM.Collect$$libinit$$00000001)
    __rt_lib_init_alloca_1                   0x0800025b   Thumb Code     0  libinit2.o(.ARM.Collect$$libinit$$0000002E)
    __rt_lib_init_argv_1                     0x0800025b   Thumb Code     0  libinit2.o(.ARM.Collect$$libinit$$0000002C)
    __rt_lib_init_atexit_1                   0x0800025b   Thumb Code     0  libinit2.o(.ARM.Collect$$libinit$$0000001B)
    __rt_lib_init_clock_1                    0x0800025b   Thumb Code     0  libinit2.o(.ARM.Collect$$libinit$$00000021)
    __rt_lib_init_cpp_1                      0x0800025b   Thumb Code     0  libinit2.o(.ARM.Collect$$libinit$$00000032)
    __rt_lib_init_exceptions_1               0x0800025b   Thumb Code     0  libinit2.o(.ARM.Collect$$libinit$$00000030)
    __rt_lib_init_fp_trap_1                  0x0800025b   Thumb Code     0  libinit2.o(.ARM.Collect$$libinit$$0000001F)
    __rt_lib_init_getenv_1                   0x0800025b   Thumb Code     0  libinit2.o(.ARM.Collect$$libinit$$00000023)
    __rt_lib_init_heap_1                     0x0800025b   Thumb Code     0  libinit2.o(.ARM.Collect$$libinit$$0000000A)
    __rt_lib_init_lc_collate_1               0x0800025b   Thumb Code     0  libinit2.o(.ARM.Collect$$libinit$$00000011)
    __rt_lib_init_lc_ctype_1                 0x0800025b   Thumb Code     0  libinit2.o(.ARM.Collect$$libinit$$00000013)
    __rt_lib_init_lc_monetary_1              0x0800025b   Thumb Code     0  libinit2.o(.ARM.Collect$$libinit$$00000015)
    __rt_lib_init_lc_numeric_1               0x0800025b   Thumb Code     0  libinit2.o(.ARM.Collect$$libinit$$00000017)
    __rt_lib_init_lc_time_1                  0x0800025b   Thumb Code     0  libinit2.o(.ARM.Collect$$libinit$$00000019)
    __rt_lib_init_preinit_1                  0x0800025b   Thumb Code     0  libinit2.o(.ARM.Collect$$libinit$$00000004)
    __rt_lib_init_rand_1                     0x0800025b   Thumb Code     0  libinit2.o(.ARM.Collect$$libinit$$0000000E)
    __rt_lib_init_return                     0x0800025b   Thumb Code     0  libinit2.o(.ARM.Collect$$libinit$$00000033)
    __rt_lib_init_signal_1                   0x0800025b   Thumb Code     0  libinit2.o(.ARM.Collect$$libinit$$0000001D)
    __rt_lib_init_stdio_1                    0x0800025b   Thumb Code     0  libinit2.o(.ARM.Collect$$libinit$$00000025)
    __rt_lib_init_user_alloc_1               0x0800025b   Thumb Code     0  libinit2.o(.ARM.Collect$$libinit$$0000000C)
    __rt_lib_shutdown                        0x0800025d   Thumb Code     0  libshutdown.o(.ARM.Collect$$libshutdown$$00000000)
    __rt_lib_shutdown_cpp_1                  0x0800025f   Thumb Code     0  libshutdown2.o(.ARM.Collect$$libshutdown$$00000004)
    __rt_lib_shutdown_fini_1                 0x0800025f   Thumb Code     0  libshutdown2.o(.ARM.Collect$$libshutdown$$00000002)
    __rt_lib_shutdown_fp_trap_1              0x0800025f   Thumb Code     0  libshutdown2.o(.ARM.Collect$$libshutdown$$00000009)
    __rt_lib_shutdown_heap_1                 0x0800025f   Thumb Code     0  libshutdown2.o(.ARM.Collect$$libshutdown$$00000011)
    __rt_lib_shutdown_return                 0x0800025f   Thumb Code     0  libshutdown2.o(.ARM.Collect$$libshutdown$$00000012)
    __rt_lib_shutdown_signal_1               0x0800025f   Thumb Code     0  libshutdown2.o(.ARM.Collect$$libshutdown$$0000000C)
    __rt_lib_shutdown_stdio_1                0x0800025f   Thumb Code     0  libshutdown2.o(.ARM.Collect$$libshutdown$$00000006)
    __rt_lib_shutdown_user_alloc_1           0x0800025f   Thumb Code     0  libshutdown2.o(.ARM.Collect$$libshutdown$$0000000E)
    __rt_entry                               0x08000261   Thumb Code     0  __rtentry.o(.ARM.Collect$$rtentry$$00000000)
    __rt_entry_presh_1                       0x08000261   Thumb Code     0  __rtentry2.o(.ARM.Collect$$rtentry$$00000002)
    __rt_entry_sh                            0x08000261   Thumb Code     0  __rtentry4.o(.ARM.Collect$$rtentry$$00000004)
    __rt_entry_li                            0x08000267   Thumb Code     0  __rtentry2.o(.ARM.Collect$$rtentry$$0000000A)
    __rt_entry_postsh_1                      0x08000267   Thumb Code     0  __rtentry2.o(.ARM.Collect$$rtentry$$00000009)
    __rt_entry_main                          0x0800026b   Thumb Code     0  __rtentry2.o(.ARM.Collect$$rtentry$$0000000D)
    __rt_entry_postli_1                      0x0800026b   Thumb Code     0  __rtentry2.o(.ARM.Collect$$rtentry$$0000000C)
    __rt_exit                                0x08000273   Thumb Code     0  rtexit.o(.ARM.Collect$$rtexit$$00000000)
    __rt_exit_ls                             0x08000275   Thumb Code     0  rtexit2.o(.ARM.Collect$$rtexit$$00000003)
    __rt_exit_prels_1                        0x08000275   Thumb Code     0  rtexit2.o(.ARM.Collect$$rtexit$$00000002)
    __rt_exit_exit                           0x08000279   Thumb Code     0  rtexit2.o(.ARM.Collect$$rtexit$$00000004)
    Reset_Handler                            0x08000281   Thumb Code     8  startup_at32f45x.o(.text)
    ACC_IRQHandler                           0x0800029b   Thumb Code     0  startup_at32f45x.o(.text)
    ADC1_2_IRQHandler                        0x0800029b   Thumb Code     0  startup_at32f45x.o(.text)
    AES_IRQHandler                           0x0800029b   Thumb Code     0  startup_at32f45x.o(.text)
    CAN1_STAT_IRQHandler                     0x0800029b   Thumb Code     0  startup_at32f45x.o(.text)
    CAN1_TX_IRQHandler                       0x0800029b   Thumb Code     0  startup_at32f45x.o(.text)
    CAN2_ERR_IRQHandler                      0x0800029b   Thumb Code     0  startup_at32f45x.o(.text)
    CAN2_RX_IRQHandler                       0x0800029b   Thumb Code     0  startup_at32f45x.o(.text)
    CAN2_STAT_IRQHandler                     0x0800029b   Thumb Code     0  startup_at32f45x.o(.text)
    CAN2_TX_IRQHandler                       0x0800029b   Thumb Code     0  startup_at32f45x.o(.text)
    CAN3_ERR_IRQHandler                      0x0800029b   Thumb Code     0  startup_at32f45x.o(.text)
    CAN3_RX_IRQHandler                       0x0800029b   Thumb Code     0  startup_at32f45x.o(.text)
    CAN3_STAT_IRQHandler                     0x0800029b   Thumb Code     0  startup_at32f45x.o(.text)
    CAN3_TX_IRQHandler                       0x0800029b   Thumb Code     0  startup_at32f45x.o(.text)
    CRM_IRQHandler                           0x0800029b   Thumb Code     0  startup_at32f45x.o(.text)
    DMA1_Channel1_IRQHandler                 0x0800029b   Thumb Code     0  startup_at32f45x.o(.text)
    DMA1_Channel2_IRQHandler                 0x0800029b   Thumb Code     0  startup_at32f45x.o(.text)
    DMA1_Channel3_IRQHandler                 0x0800029b   Thumb Code     0  startup_at32f45x.o(.text)
    DMA1_Channel4_IRQHandler                 0x0800029b   Thumb Code     0  startup_at32f45x.o(.text)
    DMA1_Channel5_IRQHandler                 0x0800029b   Thumb Code     0  startup_at32f45x.o(.text)
    DMA1_Channel6_IRQHandler                 0x0800029b   Thumb Code     0  startup_at32f45x.o(.text)
    DMA1_Channel7_IRQHandler                 0x0800029b   Thumb Code     0  startup_at32f45x.o(.text)
    DMA2_Channel1_IRQHandler                 0x0800029b   Thumb Code     0  startup_at32f45x.o(.text)
    DMA2_Channel2_IRQHandler                 0x0800029b   Thumb Code     0  startup_at32f45x.o(.text)
    DMA2_Channel3_IRQHandler                 0x0800029b   Thumb Code     0  startup_at32f45x.o(.text)
    DMA2_Channel4_IRQHandler                 0x0800029b   Thumb Code     0  startup_at32f45x.o(.text)
    DMA2_Channel5_IRQHandler                 0x0800029b   Thumb Code     0  startup_at32f45x.o(.text)
    DMA2_Channel6_IRQHandler                 0x0800029b   Thumb Code     0  startup_at32f45x.o(.text)
    DMA2_Channel7_IRQHandler                 0x0800029b   Thumb Code     0  startup_at32f45x.o(.text)
    DMAMUX_IRQHandler                        0x0800029b   Thumb Code     0  startup_at32f45x.o(.text)
    EMAC_IRQHandler                          0x0800029b   Thumb Code     0  startup_at32f45x.o(.text)
    EMAC_WKUP_IRQHandler                     0x0800029b   Thumb Code     0  startup_at32f45x.o(.text)
    ERTCAlarm_IRQHandler                     0x0800029b   Thumb Code     0  startup_at32f45x.o(.text)
    ERTC_WKUP_IRQHandler                     0x0800029b   Thumb Code     0  startup_at32f45x.o(.text)
    EXINT0_IRQHandler                        0x0800029b   Thumb Code     0  startup_at32f45x.o(.text)
    EXINT15_10_IRQHandler                    0x0800029b   Thumb Code     0  startup_at32f45x.o(.text)
    EXINT1_IRQHandler                        0x0800029b   Thumb Code     0  startup_at32f45x.o(.text)
    EXINT2_IRQHandler                        0x0800029b   Thumb Code     0  startup_at32f45x.o(.text)
    EXINT3_IRQHandler                        0x0800029b   Thumb Code     0  startup_at32f45x.o(.text)
    EXINT4_IRQHandler                        0x0800029b   Thumb Code     0  startup_at32f45x.o(.text)
    EXINT9_5_IRQHandler                      0x0800029b   Thumb Code     0  startup_at32f45x.o(.text)
    FLASH_IRQHandler                         0x0800029b   Thumb Code     0  startup_at32f45x.o(.text)
    FPU_IRQHandler                           0x0800029b   Thumb Code     0  startup_at32f45x.o(.text)
    I2C1_ERR_IRQHandler                      0x0800029b   Thumb Code     0  startup_at32f45x.o(.text)
    I2C1_EVT_IRQHandler                      0x0800029b   Thumb Code     0  startup_at32f45x.o(.text)
    I2C2_ERR_IRQHandler                      0x0800029b   Thumb Code     0  startup_at32f45x.o(.text)
    I2C2_EVT_IRQHandler                      0x0800029b   Thumb Code     0  startup_at32f45x.o(.text)
    I2C3_ERR_IRQHandler                      0x0800029b   Thumb Code     0  startup_at32f45x.o(.text)
    I2C3_EVT_IRQHandler                      0x0800029b   Thumb Code     0  startup_at32f45x.o(.text)
    I2SF5_IRQHandler                         0x0800029b   Thumb Code     0  startup_at32f45x.o(.text)
    OTGFS1_IRQHandler                        0x0800029b   Thumb Code     0  startup_at32f45x.o(.text)
    OTGFS1_WKUP_IRQHandler                   0x0800029b   Thumb Code     0  startup_at32f45x.o(.text)
    PVM_IRQHandler                           0x0800029b   Thumb Code     0  startup_at32f45x.o(.text)
    QSPI1_IRQHandler                         0x0800029b   Thumb Code     0  startup_at32f45x.o(.text)
    SDIO1_IRQHandler                         0x0800029b   Thumb Code     0  startup_at32f45x.o(.text)
    SPI1_IRQHandler                          0x0800029b   Thumb Code     0  startup_at32f45x.o(.text)
    SPI2_I2S2EXT_IRQHandler                  0x0800029b   Thumb Code     0  startup_at32f45x.o(.text)
    SPI3_I2S3EXT_IRQHandler                  0x0800029b   Thumb Code     0  startup_at32f45x.o(.text)
    SPI4_IRQHandler                          0x0800029b   Thumb Code     0  startup_at32f45x.o(.text)
    TAMP_STAMP_IRQHandler                    0x0800029b   Thumb Code     0  startup_at32f45x.o(.text)
    TMR1_BRK_TMR9_IRQHandler                 0x0800029b   Thumb Code     0  startup_at32f45x.o(.text)
    TMR1_CH_IRQHandler                       0x0800029b   Thumb Code     0  startup_at32f45x.o(.text)
    TMR1_OVF_TMR10_IRQHandler                0x0800029b   Thumb Code     0  startup_at32f45x.o(.text)
    TMR1_TRG_HALL_TMR11_IRQHandler           0x0800029b   Thumb Code     0  startup_at32f45x.o(.text)
    TMR3_GLOBAL_IRQHandler                   0x0800029b   Thumb Code     0  startup_at32f45x.o(.text)
    TMR4_GLOBAL_IRQHandler                   0x0800029b   Thumb Code     0  startup_at32f45x.o(.text)
    TMR5_GLOBAL_IRQHandler                   0x0800029b   Thumb Code     0  startup_at32f45x.o(.text)
    TMR6_DAC_GLOBAL_IRQHandler               0x0800029b   Thumb Code     0  startup_at32f45x.o(.text)
    TMR7_GLOBAL_IRQHandler                   0x0800029b   Thumb Code     0  startup_at32f45x.o(.text)
    TMR8_BRK_TMR12_IRQHandler                0x0800029b   Thumb Code     0  startup_at32f45x.o(.text)
    TMR8_CH_IRQHandler                       0x0800029b   Thumb Code     0  startup_at32f45x.o(.text)
    TMR8_OVF_TMR13_IRQHandler                0x0800029b   Thumb Code     0  startup_at32f45x.o(.text)
    TMR8_TRG_HALL_TMR14_IRQHandler           0x0800029b   Thumb Code     0  startup_at32f45x.o(.text)
    TRNG_IRQHandler                          0x0800029b   Thumb Code     0  startup_at32f45x.o(.text)
    USART1_IRQHandler                        0x0800029b   Thumb Code     0  startup_at32f45x.o(.text)
    USART2_IRQHandler                        0x0800029b   Thumb Code     0  startup_at32f45x.o(.text)
    USART3_IRQHandler                        0x0800029b   Thumb Code     0  startup_at32f45x.o(.text)
    USART4_IRQHandler                        0x0800029b   Thumb Code     0  startup_at32f45x.o(.text)
    USART5_IRQHandler                        0x0800029b   Thumb Code     0  startup_at32f45x.o(.text)
    USART6_IRQHandler                        0x0800029b   Thumb Code     0  startup_at32f45x.o(.text)
    USART7_IRQHandler                        0x0800029b   Thumb Code     0  startup_at32f45x.o(.text)
    USART8_IRQHandler                        0x0800029b   Thumb Code     0  startup_at32f45x.o(.text)
    WWDT_IRQHandler                          0x0800029b   Thumb Code     0  startup_at32f45x.o(.text)
    XMC_IRQHandler                           0x0800029b   Thumb Code     0  startup_at32f45x.o(.text)
    __user_initial_stackheap                 0x0800029d   Thumb Code     0  startup_at32f45x.o(.text)
    __use_no_semihosting                     0x080002c1   Thumb Code     2  use_no_semi_2.o(.text)
    __aeabi_uldivmod                         0x080002c3   Thumb Code     0  lludivv7m.o(.text)
    _ll_udiv                                 0x080002c3   Thumb Code   238  lludivv7m.o(.text)
    __aeabi_memcpy                           0x080003b1   Thumb Code     0  rt_memcpy_v6.o(.text)
    __rt_memcpy                              0x080003b1   Thumb Code   138  rt_memcpy_v6.o(.text)
    _memcpy_lastbytes                        0x08000417   Thumb Code     0  rt_memcpy_v6.o(.text)
    __aeabi_memcpy4                          0x0800043b   Thumb Code     0  rt_memcpy_w.o(.text)
    __aeabi_memcpy8                          0x0800043b   Thumb Code     0  rt_memcpy_w.o(.text)
    __rt_memcpy_w                            0x0800043b   Thumb Code   100  rt_memcpy_w.o(.text)
    _memcpy_lastbytes_aligned                0x08000483   Thumb Code     0  rt_memcpy_w.o(.text)
    __aeabi_memset                           0x0800049f   Thumb Code    16  aeabi_memset.o(.text)
    __aeabi_memclr                           0x080004af   Thumb Code     0  rt_memclr.o(.text)
    __rt_memclr                              0x080004af   Thumb Code    68  rt_memclr.o(.text)
    _memset                                  0x080004b3   Thumb Code     0  rt_memclr.o(.text)
    __aeabi_memclr4                          0x080004f3   Thumb Code     0  rt_memclr_w.o(.text)
    __aeabi_memclr8                          0x080004f3   Thumb Code     0  rt_memclr_w.o(.text)
    __rt_memclr_w                            0x080004f3   Thumb Code    78  rt_memclr_w.o(.text)
    _memset_w                                0x080004f7   Thumb Code     0  rt_memclr_w.o(.text)
    __use_two_region_memory                  0x08000541   Thumb Code     2  heapauxi.o(.text)
    __rt_heap_escrow$2region                 0x08000543   Thumb Code     2  heapauxi.o(.text)
    __rt_heap_expand$2region                 0x08000545   Thumb Code     2  heapauxi.o(.text)
    __I$use$semihosting                      0x08000547   Thumb Code     0  use_no_semi.o(.text)
    __use_no_semihosting_swi                 0x08000547   Thumb Code     2  use_no_semi.o(.text)
    __user_setup_stackheap                   0x08000549   Thumb Code    74  sys_stackheap_outer.o(.text)
    exit                                     0x08000593   Thumb Code    18  exit.o(.text)
    __user_libspace                          0x080005a5   Thumb Code     8  libspace.o(.text)
    __user_perproc_libspace                  0x080005a5   Thumb Code     0  libspace.o(.text)
    __user_perthread_libspace                0x080005a5   Thumb Code     0  libspace.o(.text)
    Bsp_Can_Transmit_Classic_Extended        0x080005ad   Thumb Code   120  bsp_can.o(i.Bsp_Can_Transmit_Classic_Extended)
    BusFault_Handler                         0x08000625   Thumb Code     2  at32f45x_int.o(i.BusFault_Handler)
    CAN1_ERR_IRQHandler                      0x08000629   Thumb Code    34  bsp_can.o(i.CAN1_ERR_IRQHandler)
    CAN1_RX_IRQHandler                       0x08000651   Thumb Code   130  bl_can.o(i.CAN1_RX_IRQHandler)
    CAN_PushFrame                            0x080006fd   Thumb Code   168  bl_can.o(i.CAN_PushFrame)
    CanFilterConfig                          0x080007ad   Thumb Code   166  bl_can.o(i.CanFilterConfig)
    Can_Check_Send                           0x08000859   Thumb Code   116  bl_can.o(i.Can_Check_Send)
    DebugMon_Handler                         0x080008d9   Thumb Code     2  at32f45x_int.o(i.DebugMon_Handler)
    Flash_Prepare                            0x080008db   Thumb Code    58  flash.o(i.Flash_Prepare)
    Flash_Read_Byte                          0x08000915   Thumb Code    18  flash.o(i.Flash_Read_Byte)
    Flash_Write_Word                         0x08000927   Thumb Code    62  flash.o(i.Flash_Write_Word)
    HardFault_Handler                        0x08000965   Thumb Code    14  main.o(i.HardFault_Handler)
    IAP_Handle                               0x08000979   Thumb Code   748  iap.o(i.IAP_Handle)
    IAP_Init                                 0x08000c91   Thumb Code    46  iap.o(i.IAP_Init)
    IAP_JumpTo                               0x08000ccd   Thumb Code    64  iap.o(i.IAP_JumpTo)
    IAP_Request_Data                         0x08000d19   Thumb Code    76  iap.o(i.IAP_Request_Data)
    IAP_Reset                                0x08000d69   Thumb Code     8  iap.o(i.IAP_Reset)
    InitAllPeripherals                       0x08000d75   Thumb Code    30  system_config.o(i.InitAllPeripherals)
    Init_Variables                           0x08000d93   Thumb Code     4  system_config.o(i.Init_Variables)
    MemManage_Handler                        0x08000d97   Thumb Code     2  at32f45x_int.o(i.MemManage_Handler)
    NMI_Handler                              0x08000d99   Thumb Code     2  at32f45x_int.o(i.NMI_Handler)
    NVIC_Configuration                       0x08000d9b   Thumb Code    52  system_config.o(i.NVIC_Configuration)
    Parse_CAN_Frame                          0x08000dd1   Thumb Code   144  parse_comdata.o(i.Parse_CAN_Frame)
    PendSV_Handler                           0x08000e81   Thumb Code     2  at32f45x_int.o(i.PendSV_Handler)
    Peripherals_Clock_Init                   0x08000e85   Thumb Code    64  system_config.o(i.Peripherals_Clock_Init)
    SVC_Handler                              0x08000ecd   Thumb Code     2  at32f45x_int.o(i.SVC_Handler)
    Save_IAP_CtrlData                        0x08000ed1   Thumb Code    32  iap.o(i.Save_IAP_CtrlData)
    Save_ID_Info                             0x08000ef9   Thumb Code    28  iap.o(i.Save_ID_Info)
    SysTick_Handler                          0x08000f19   Thumb Code     2  at32f45x_int.o(i.SysTick_Handler)
    SystemInit                               0x08000f1d   Thumb Code   116  system_at32f45x.o(i.SystemInit)
    TIM2_Configuration                       0x08000f9d   Thumb Code     4  universal_init.o(i.TIM2_Configuration)
    TMR2_Configuration                       0x08000fa1   Thumb Code    82  bsp_tim.o(i.TMR2_Configuration)
    TMR2_GLOBAL_IRQHandler                   0x08000ff5   Thumb Code    36  universal_init.o(i.TMR2_GLOBAL_IRQHandler)
    UsageFault_Handler                       0x0800101d   Thumb Code     2  at32f45x_int.o(i.UsageFault_Handler)
    User_CAN_Init                            0x08001021   Thumb Code   416  bl_can.o(i.User_CAN_Init)
    _sys_exit                                0x080011fd   Thumb Code     2  at32f45x_board.o(i._sys_exit)
    can_bittime_default_para_init            0x080011ff   Thumb Code    30  at32f45x_can.o(i.can_bittime_default_para_init)
    can_bittime_set                          0x0800121d   Thumb Code    96  at32f45x_can.o(i.can_bittime_set)
    can_fd_iso_mode_enable                   0x0800127d   Thumb Code    10  at32f45x_can.o(i.can_fd_iso_mode_enable)
    can_filter_default_para_init             0x08001287   Thumb Code    42  at32f45x_can.o(i.can_filter_default_para_init)
    can_filter_enable                        0x080012b1   Thumb Code    36  at32f45x_can.o(i.can_filter_enable)
    can_filter_set                           0x080012d5   Thumb Code   230  at32f45x_can.o(i.can_filter_set)
    can_flag_clear                           0x080013bb   Thumb Code     4  at32f45x_can.o(i.can_flag_clear)
    can_flag_get                             0x080013bf   Thumb Code    14  at32f45x_can.o(i.can_flag_get)
    can_interrupt_enable                     0x080013cd   Thumb Code    20  at32f45x_can.o(i.can_interrupt_enable)
    can_interrupt_flag_get                   0x080013e1   Thumb Code    22  at32f45x_can.o(i.can_interrupt_flag_get)
    can_mode_set                             0x080013f7   Thumb Code   154  at32f45x_can.o(i.can_mode_set)
    can_rearbitration_limit_set              0x08001491   Thumb Code    10  at32f45x_can.o(i.can_rearbitration_limit_set)
    can_receive_all_enable                   0x0800149b   Thumb Code    10  at32f45x_can.o(i.can_receive_all_enable)
    can_retransmission_limit_set             0x080014a5   Thumb Code    10  at32f45x_can.o(i.can_retransmission_limit_set)
    can_rxbuf_read                           0x080014b1   Thumb Code   206  at32f45x_can.o(i.can_rxbuf_read)
    can_rxbuf_warning_set                    0x08001585   Thumb Code    10  at32f45x_can.o(i.can_rxbuf_warning_set)
    can_software_reset                       0x0800158f   Thumb Code    10  at32f45x_can.o(i.can_software_reset)
    can_stb_transmit_mode_set                0x08001599   Thumb Code    10  at32f45x_can.o(i.can_stb_transmit_mode_set)
    can_transmit_status_get                  0x080015a3   Thumb Code    28  at32f45x_can.o(i.can_transmit_status_get)
    can_txbuf_transmit                       0x080015bf   Thumb Code    80  at32f45x_can.o(i.can_txbuf_transmit)
    can_txbuf_write                          0x08001611   Thumb Code   268  at32f45x_can.o(i.can_txbuf_write)
    crm_ahb_div_set                          0x08001721   Thumb Code    30  at32f45x_crm.o(i.crm_ahb_div_set)
    crm_apb1_div_set                         0x08001745   Thumb Code    12  at32f45x_crm.o(i.crm_apb1_div_set)
    crm_apb2_div_set                         0x08001755   Thumb Code    12  at32f45x_crm.o(i.crm_apb2_div_set)
    crm_apb3_div_set                         0x08001765   Thumb Code    12  at32f45x_crm.o(i.crm_apb3_div_set)
    crm_auto_step_mode_enable                0x08001775   Thumb Code    22  at32f45x_crm.o(i.crm_auto_step_mode_enable)
    crm_can_clock_select                     0x08001791   Thumb Code    38  at32f45x_crm.o(i.crm_can_clock_select)
    crm_clock_source_enable                  0x080017bd   Thumb Code    54  at32f45x_crm.o(i.crm_clock_source_enable)
    crm_flag_get                             0x080017f9   Thumb Code    30  at32f45x_crm.o(i.crm_flag_get)
    crm_hext_stable_wait                     0x0800181d   Thumb Code    40  at32f45x_crm.o(i.crm_hext_stable_wait)
    crm_periph_clock_enable                  0x08001845   Thumb Code    36  at32f45x_crm.o(i.crm_periph_clock_enable)
    crm_pll_config                           0x0800186d   Thumb Code    38  at32f45x_crm.o(i.crm_pll_config)
    crm_pllu_div_set                         0x08001899   Thumb Code    12  at32f45x_crm.o(i.crm_pllu_div_set)
    crm_pllu_output_set                      0x080018a9   Thumb Code    12  at32f45x_crm.o(i.crm_pllu_output_set)
    crm_reset                                0x080018b9   Thumb Code    98  at32f45x_crm.o(i.crm_reset)
    crm_sysclk_switch                        0x08001925   Thumb Code    30  at32f45x_crm.o(i.crm_sysclk_switch)
    crm_sysclk_switch_status_get             0x08001949   Thumb Code    10  at32f45x_crm.o(i.crm_sysclk_switch_status_get)
    delay_init                               0x08001959   Thumb Code    34  at32f45x_board.o(i.delay_init)
    delay_ms                                 0x08001989   Thumb Code    72  at32f45x_board.o(i.delay_ms)
    flash_lock                               0x080019d5   Thumb Code    12  at32f45x_flash.o(i.flash_lock)
    flash_operation_status_get               0x080019e5   Thumb Code    34  at32f45x_flash.o(i.flash_operation_status_get)
    flash_operation_wait_for                 0x08001a0d   Thumb Code    32  at32f45x_flash.o(i.flash_operation_wait_for)
    flash_sector_erase                       0x08001a2d   Thumb Code    40  at32f45x_flash.o(i.flash_sector_erase)
    flash_unlock                             0x08001a59   Thumb Code    12  at32f45x_flash.o(i.flash_unlock)
    flash_word_program                       0x08001a71   Thumb Code    32  at32f45x_flash.o(i.flash_word_program)
    gpio_default_para_init                   0x08001a95   Thumb Code    20  at32f45x_gpio.o(i.gpio_default_para_init)
    gpio_init                                0x08001aa9   Thumb Code   100  at32f45x_gpio.o(i.gpio_init)
    gpio_pin_mux_config                      0x08001b0d   Thumb Code    40  at32f45x_gpio.o(i.gpio_pin_mux_config)
    main                                     0x08001b35   Thumb Code   208  main.o(i.main)
    nvic_irq_disable                         0x08001c29   Thumb Code    34  at32f45x_misc.o(i.nvic_irq_disable)
    nvic_irq_enable                          0x08001c4d   Thumb Code   116  at32f45x_misc.o(i.nvic_irq_enable)
    nvic_priority_group_config               0x08001cc5   Thumb Code    26  at32f45x_misc.o(i.nvic_priority_group_config)
    nvic_vector_table_set                    0x08001ce9   Thumb Code    12  at32f45x_misc.o(i.nvic_vector_table_set)
    system_clock_config                      0x08001cfd   Thumb Code   148  at32f45x_clock.o(i.system_clock_config)
    system_core_clock_update                 0x08001d9d   Thumb Code   124  system_at32f45x.o(i.system_core_clock_update)
    systick_clock_source_config              0x08001e2d   Thumb Code    24  at32f45x_misc.o(i.systick_clock_source_config)
    tmr_base_init                            0x08001e45   Thumb Code    14  at32f45x_tmr.o(i.tmr_base_init)
    tmr_clock_source_div_set                 0x08001e53   Thumb Code    10  at32f45x_tmr.o(i.tmr_clock_source_div_set)
    tmr_cnt_dir_set                          0x08001e5d   Thumb Code    10  at32f45x_tmr.o(i.tmr_cnt_dir_set)
    tmr_counter_enable                       0x08001e67   Thumb Code    10  at32f45x_tmr.o(i.tmr_counter_enable)
    tmr_flag_clear                           0x08001e71   Thumb Code     6  at32f45x_tmr.o(i.tmr_flag_clear)
    tmr_interrupt_enable                     0x08001e77   Thumb Code    22  at32f45x_tmr.o(i.tmr_interrupt_enable)
    tmr_interrupt_flag_get                   0x08001e8d   Thumb Code    20  at32f45x_tmr.o(i.tmr_interrupt_flag_get)
    tmr_period_buffer_enable                 0x08001ea1   Thumb Code    10  at32f45x_tmr.o(i.tmr_period_buffer_enable)
    tmr_primary_mode_select                  0x08001eab   Thumb Code    10  at32f45x_tmr.o(i.tmr_primary_mode_select)
    tmr_sub_sync_mode_set                    0x08001eb5   Thumb Code    10  at32f45x_tmr.o(i.tmr_sub_sync_mode_set)
    _fp_init                                 0x08001ebf   Thumb Code    10  fpinit.o(x$fpl$fpinit)
    __fplib_config_fpu_vfp                   0x08001ec7   Thumb Code     0  fpinit.o(x$fpl$fpinit)
    __fplib_config_pureend_doubles           0x08001ec7   Thumb Code     0  fpinit.o(x$fpl$fpinit)
    Region$$Table$$Base                      0x08001f28   Number         0  anon$$obj.o(Region$$Table)
    Region$$Table$$Limit                     0x08001f48   Number         0  anon$$obj.o(Region$$Table)
    g_DEVICE_ID                              0x08006000   Data           4  main.o(.ARM.__AT_0x08006000)
    g_JumpInit                               0x20000000   Data           4  main.o(.ARM.__AT_0x20000000)
    system_core_clock                        0x20000004   Data           4  system_at32f45x.o(.data)
    led_gpio_pin                             0x20000018   Data           6  at32f45x_board.o(.data)
    led_gpio_port                            0x20000020   Data          12  at32f45x_board.o(.data)
    led_gpio_crm_clk                         0x2000002c   Data          12  at32f45x_board.o(.data)
    m_TxFrm_Head                             0x20000038   Data           1  bl_can.o(.data)
    m_TxFrm_Tail                             0x20000039   Data           1  bl_can.o(.data)
    m_bCANCheckingSend                       0x2000003a   Data           1  bl_can.o(.data)
    can_extid                                0x2000003c   Data           4  bl_can.o(.data)
    g_Variable                               0x20000040   Data           6  variable.o(.data)
    g_UpData_BootB                           0x20000046   Data           1  iap.o(.data)
    IAP_Ctrl_Map_Default                     0x20000047   Data          16  iap.o(.data)
    m_TxBuff                                 0x20000058   Data        1900  bl_can.o(.bss)
    IAP_Ctrl_Map                             0x200007c4   Data          16  iap.o(.bss)
    iap_state                                0x20000bd4   Data          29  iap.o(.bss)
    __libspace_start                         0x20000bf4   Data          96  libspace.o(.bss)
    __temporary_stack_top$libspace           0x20000c54   Data           0  libspace.o(.bss)



==============================================================================

Memory Map of the image

  Image Entry point : 0x080001e1

  Load Region LR_IROM1 (Base: 0x08000000, Size: 0x00001f9c, Max: 0x00006000, ABSOLUTE)

    Execution Region ER_IROM1 (Exec base: 0x08000000, Load base: 0x08000000, Size: 0x00001f48, Max: 0x00006000, ABSOLUTE)

    Exec Addr    Load Addr    Size         Type   Attr      Idx    E Section Name        Object

    0x08000000   0x08000000   0x000001e0   Data   RO            3    RESET               startup_at32f45x.o
    0x080001e0   0x080001e0   0x00000008   Code   RO         5526  * !!!main             c_w.l(__main.o)
    0x080001e8   0x080001e8   0x00000034   Code   RO         5691    !!!scatter          c_w.l(__scatter.o)
    0x0800021c   0x0800021c   0x0000001a   Code   RO         5693    !!handler_copy      c_w.l(__scatter_copy.o)
    0x08000236   0x08000236   0x00000002   PAD
    0x08000238   0x08000238   0x0000001c   Code   RO         5695    !!handler_zi        c_w.l(__scatter_zi.o)
    0x08000254   0x08000254   0x00000002   Code   RO         5565    .ARM.Collect$$libinit$$00000000  c_w.l(libinit.o)
    0x08000256   0x08000256   0x00000004   Code   RO         5577    .ARM.Collect$$libinit$$00000001  c_w.l(libinit2.o)
    0x0800025a   0x0800025a   0x00000000   Code   RO         5580    .ARM.Collect$$libinit$$00000004  c_w.l(libinit2.o)
    0x0800025a   0x0800025a   0x00000000   Code   RO         5583    .ARM.Collect$$libinit$$0000000A  c_w.l(libinit2.o)
    0x0800025a   0x0800025a   0x00000000   Code   RO         5585    .ARM.Collect$$libinit$$0000000C  c_w.l(libinit2.o)
    0x0800025a   0x0800025a   0x00000000   Code   RO         5587    .ARM.Collect$$libinit$$0000000E  c_w.l(libinit2.o)
    0x0800025a   0x0800025a   0x00000000   Code   RO         5590    .ARM.Collect$$libinit$$00000011  c_w.l(libinit2.o)
    0x0800025a   0x0800025a   0x00000000   Code   RO         5592    .ARM.Collect$$libinit$$00000013  c_w.l(libinit2.o)
    0x0800025a   0x0800025a   0x00000000   Code   RO         5594    .ARM.Collect$$libinit$$00000015  c_w.l(libinit2.o)
    0x0800025a   0x0800025a   0x00000000   Code   RO         5596    .ARM.Collect$$libinit$$00000017  c_w.l(libinit2.o)
    0x0800025a   0x0800025a   0x00000000   Code   RO         5598    .ARM.Collect$$libinit$$00000019  c_w.l(libinit2.o)
    0x0800025a   0x0800025a   0x00000000   Code   RO         5600    .ARM.Collect$$libinit$$0000001B  c_w.l(libinit2.o)
    0x0800025a   0x0800025a   0x00000000   Code   RO         5602    .ARM.Collect$$libinit$$0000001D  c_w.l(libinit2.o)
    0x0800025a   0x0800025a   0x00000000   Code   RO         5604    .ARM.Collect$$libinit$$0000001F  c_w.l(libinit2.o)
    0x0800025a   0x0800025a   0x00000000   Code   RO         5606    .ARM.Collect$$libinit$$00000021  c_w.l(libinit2.o)
    0x0800025a   0x0800025a   0x00000000   Code   RO         5608    .ARM.Collect$$libinit$$00000023  c_w.l(libinit2.o)
    0x0800025a   0x0800025a   0x00000000   Code   RO         5610    .ARM.Collect$$libinit$$00000025  c_w.l(libinit2.o)
    0x0800025a   0x0800025a   0x00000000   Code   RO         5614    .ARM.Collect$$libinit$$0000002C  c_w.l(libinit2.o)
    0x0800025a   0x0800025a   0x00000000   Code   RO         5616    .ARM.Collect$$libinit$$0000002E  c_w.l(libinit2.o)
    0x0800025a   0x0800025a   0x00000000   Code   RO         5618    .ARM.Collect$$libinit$$00000030  c_w.l(libinit2.o)
    0x0800025a   0x0800025a   0x00000000   Code   RO         5620    .ARM.Collect$$libinit$$00000032  c_w.l(libinit2.o)
    0x0800025a   0x0800025a   0x00000002   Code   RO         5621    .ARM.Collect$$libinit$$00000033  c_w.l(libinit2.o)
    0x0800025c   0x0800025c   0x00000002   Code   RO         5645    .ARM.Collect$$libshutdown$$00000000  c_w.l(libshutdown.o)
    0x0800025e   0x0800025e   0x00000000   Code   RO         5671    .ARM.Collect$$libshutdown$$00000002  c_w.l(libshutdown2.o)
    0x0800025e   0x0800025e   0x00000000   Code   RO         5673    .ARM.Collect$$libshutdown$$00000004  c_w.l(libshutdown2.o)
    0x0800025e   0x0800025e   0x00000000   Code   RO         5675    .ARM.Collect$$libshutdown$$00000006  c_w.l(libshutdown2.o)
    0x0800025e   0x0800025e   0x00000000   Code   RO         5678    .ARM.Collect$$libshutdown$$00000009  c_w.l(libshutdown2.o)
    0x0800025e   0x0800025e   0x00000000   Code   RO         5681    .ARM.Collect$$libshutdown$$0000000C  c_w.l(libshutdown2.o)
    0x0800025e   0x0800025e   0x00000000   Code   RO         5683    .ARM.Collect$$libshutdown$$0000000E  c_w.l(libshutdown2.o)
    0x0800025e   0x0800025e   0x00000000   Code   RO         5686    .ARM.Collect$$libshutdown$$00000011  c_w.l(libshutdown2.o)
    0x0800025e   0x0800025e   0x00000002   Code   RO         5687    .ARM.Collect$$libshutdown$$00000012  c_w.l(libshutdown2.o)
    0x08000260   0x08000260   0x00000000   Code   RO         5530    .ARM.Collect$$rtentry$$00000000  c_w.l(__rtentry.o)
    0x08000260   0x08000260   0x00000000   Code   RO         5536    .ARM.Collect$$rtentry$$00000002  c_w.l(__rtentry2.o)
    0x08000260   0x08000260   0x00000006   Code   RO         5548    .ARM.Collect$$rtentry$$00000004  c_w.l(__rtentry4.o)
    0x08000266   0x08000266   0x00000000   Code   RO         5538    .ARM.Collect$$rtentry$$00000009  c_w.l(__rtentry2.o)
    0x08000266   0x08000266   0x00000004   Code   RO         5539    .ARM.Collect$$rtentry$$0000000A  c_w.l(__rtentry2.o)
    0x0800026a   0x0800026a   0x00000000   Code   RO         5541    .ARM.Collect$$rtentry$$0000000C  c_w.l(__rtentry2.o)
    0x0800026a   0x0800026a   0x00000008   Code   RO         5542    .ARM.Collect$$rtentry$$0000000D  c_w.l(__rtentry2.o)
    0x08000272   0x08000272   0x00000002   Code   RO         5569    .ARM.Collect$$rtexit$$00000000  c_w.l(rtexit.o)
    0x08000274   0x08000274   0x00000000   Code   RO         5623    .ARM.Collect$$rtexit$$00000002  c_w.l(rtexit2.o)
    0x08000274   0x08000274   0x00000004   Code   RO         5624    .ARM.Collect$$rtexit$$00000003  c_w.l(rtexit2.o)
    0x08000278   0x08000278   0x00000006   Code   RO         5625    .ARM.Collect$$rtexit$$00000004  c_w.l(rtexit2.o)
    0x0800027e   0x0800027e   0x00000002   PAD
    0x08000280   0x08000280   0x00000040   Code   RO            4    .text               startup_at32f45x.o
    0x080002c0   0x080002c0   0x00000002   Code   RO         5510    .text               c_w.l(use_no_semi_2.o)
    0x080002c2   0x080002c2   0x000000ee   Code   RO         5512    .text               c_w.l(lludivv7m.o)
    0x080003b0   0x080003b0   0x0000008a   Code   RO         5514    .text               c_w.l(rt_memcpy_v6.o)
    0x0800043a   0x0800043a   0x00000064   Code   RO         5516    .text               c_w.l(rt_memcpy_w.o)
    0x0800049e   0x0800049e   0x00000010   Code   RO         5518    .text               c_w.l(aeabi_memset.o)
    0x080004ae   0x080004ae   0x00000044   Code   RO         5520    .text               c_w.l(rt_memclr.o)
    0x080004f2   0x080004f2   0x0000004e   Code   RO         5522    .text               c_w.l(rt_memclr_w.o)
    0x08000540   0x08000540   0x00000006   Code   RO         5524    .text               c_w.l(heapauxi.o)
    0x08000546   0x08000546   0x00000002   Code   RO         5528    .text               c_w.l(use_no_semi.o)
    0x08000548   0x08000548   0x0000004a   Code   RO         5552    .text               c_w.l(sys_stackheap_outer.o)
    0x08000592   0x08000592   0x00000012   Code   RO         5554    .text               c_w.l(exit.o)
    0x080005a4   0x080005a4   0x00000008   Code   RO         5566    .text               c_w.l(libspace.o)
    0x080005ac   0x080005ac   0x00000078   Code   RO         5155    i.Bsp_Can_Transmit_Classic_Extended  bsp_can.o
    0x08000624   0x08000624   0x00000002   Code   RO          254    i.BusFault_Handler  at32f45x_int.o
    0x08000626   0x08000626   0x00000002   PAD
    0x08000628   0x08000628   0x00000028   Code   RO         5157    i.CAN1_ERR_IRQHandler  bsp_can.o
    0x08000650   0x08000650   0x00000088   Code   RO         5212    i.CAN1_RX_IRQHandler  bl_can.o
    0x080006d8   0x080006d8   0x00000024   Code   RO         5213    i.CAN_Form_Exid     bl_can.o
    0x080006fc   0x080006fc   0x000000b0   Code   RO         5214    i.CAN_PushFrame     bl_can.o
    0x080007ac   0x080007ac   0x000000ac   Code   RO         5215    i.CanFilterConfig   bl_can.o
    0x08000858   0x08000858   0x00000080   Code   RO         5216    i.Can_Check_Send    bl_can.o
    0x080008d8   0x080008d8   0x00000002   Code   RO          255    i.DebugMon_Handler  at32f45x_int.o
    0x080008da   0x080008da   0x0000003a   Code   RO         5403    i.Flash_Prepare     flash.o
    0x08000914   0x08000914   0x00000012   Code   RO         5404    i.Flash_Read_Byte   flash.o
    0x08000926   0x08000926   0x0000003e   Code   RO         5405    i.Flash_Write_Word  flash.o
    0x08000964   0x08000964   0x00000014   Code   RO          163    i.HardFault_Handler  main.o
    0x08000978   0x08000978   0x00000318   Code   RO         5325    i.IAP_Handle        iap.o
    0x08000c90   0x08000c90   0x0000003c   Code   RO         5326    i.IAP_Init          iap.o
    0x08000ccc   0x08000ccc   0x0000004c   Code   RO         5327    i.IAP_JumpTo        iap.o
    0x08000d18   0x08000d18   0x00000050   Code   RO         5328    i.IAP_Request_Data  iap.o
    0x08000d68   0x08000d68   0x0000000c   Code   RO         5329    i.IAP_Reset         iap.o
    0x08000d74   0x08000d74   0x0000001e   Code   RO         5439    i.InitAllPeripherals  system_config.o
    0x08000d92   0x08000d92   0x00000004   Code   RO         5440    i.Init_Variables    system_config.o
    0x08000d96   0x08000d96   0x00000002   Code   RO          256    i.MemManage_Handler  at32f45x_int.o
    0x08000d98   0x08000d98   0x00000002   Code   RO          257    i.NMI_Handler       at32f45x_int.o
    0x08000d9a   0x08000d9a   0x00000034   Code   RO         5441    i.NVIC_Configuration  system_config.o
    0x08000dce   0x08000dce   0x00000002   PAD
    0x08000dd0   0x08000dd0   0x000000b0   Code   RO         5276    i.Parse_CAN_Frame   parse_comdata.o
    0x08000e80   0x08000e80   0x00000002   Code   RO          258    i.PendSV_Handler    at32f45x_int.o
    0x08000e82   0x08000e82   0x00000002   PAD
    0x08000e84   0x08000e84   0x00000048   Code   RO         5442    i.Peripherals_Clock_Init  system_config.o
    0x08000ecc   0x08000ecc   0x00000002   Code   RO          259    i.SVC_Handler       at32f45x_int.o
    0x08000ece   0x08000ece   0x00000002   PAD
    0x08000ed0   0x08000ed0   0x00000028   Code   RO         5330    i.Save_IAP_CtrlData  iap.o
    0x08000ef8   0x08000ef8   0x00000020   Code   RO         5331    i.Save_ID_Info      iap.o
    0x08000f18   0x08000f18   0x00000002   Code   RO          260    i.SysTick_Handler   at32f45x_int.o
    0x08000f1a   0x08000f1a   0x00000002   PAD
    0x08000f1c   0x08000f1c   0x00000080   Code   RO           13    i.SystemInit        system_at32f45x.o
    0x08000f9c   0x08000f9c   0x00000004   Code   RO         5481    i.TIM2_Configuration  universal_init.o
    0x08000fa0   0x08000fa0   0x00000052   Code   RO         5128    i.TMR2_Configuration  bsp_tim.o
    0x08000ff2   0x08000ff2   0x00000002   PAD
    0x08000ff4   0x08000ff4   0x00000028   Code   RO         5482    i.TMR2_GLOBAL_IRQHandler  universal_init.o
    0x0800101c   0x0800101c   0x00000002   Code   RO          261    i.UsageFault_Handler  at32f45x_int.o
    0x0800101e   0x0800101e   0x00000002   PAD
    0x08001020   0x08001020   0x000001b8   Code   RO         5217    i.User_CAN_Init     bl_can.o
    0x080011d8   0x080011d8   0x00000024   Code   RO          164    i.__NVIC_SystemReset  main.o
    0x080011fc   0x080011fc   0x00000002   Code   RO         5008    i._sys_exit         at32f45x_board.o
    0x080011fe   0x080011fe   0x0000001e   Code   RO          900    i.can_bittime_default_para_init  at32f45x_can.o
    0x0800121c   0x0800121c   0x00000060   Code   RO          901    i.can_bittime_set   at32f45x_can.o
    0x0800127c   0x0800127c   0x0000000a   Code   RO          905    i.can_fd_iso_mode_enable  at32f45x_can.o
    0x08001286   0x08001286   0x0000002a   Code   RO          906    i.can_filter_default_para_init  at32f45x_can.o
    0x080012b0   0x080012b0   0x00000024   Code   RO          907    i.can_filter_enable  at32f45x_can.o
    0x080012d4   0x080012d4   0x000000e6   Code   RO          908    i.can_filter_set    at32f45x_can.o
    0x080013ba   0x080013ba   0x00000004   Code   RO          909    i.can_flag_clear    at32f45x_can.o
    0x080013be   0x080013be   0x0000000e   Code   RO          910    i.can_flag_get      at32f45x_can.o
    0x080013cc   0x080013cc   0x00000014   Code   RO          911    i.can_interrupt_enable  at32f45x_can.o
    0x080013e0   0x080013e0   0x00000016   Code   RO          912    i.can_interrupt_flag_get  at32f45x_can.o
    0x080013f6   0x080013f6   0x0000009a   Code   RO          914    i.can_mode_set      at32f45x_can.o
    0x08001490   0x08001490   0x0000000a   Code   RO          915    i.can_rearbitration_limit_set  at32f45x_can.o
    0x0800149a   0x0800149a   0x0000000a   Code   RO          916    i.can_receive_all_enable  at32f45x_can.o
    0x080014a4   0x080014a4   0x0000000a   Code   RO          920    i.can_retransmission_limit_set  at32f45x_can.o
    0x080014ae   0x080014ae   0x00000002   PAD
    0x080014b0   0x080014b0   0x000000d4   Code   RO          922    i.can_rxbuf_read    at32f45x_can.o
    0x08001584   0x08001584   0x0000000a   Code   RO          925    i.can_rxbuf_warning_set  at32f45x_can.o
    0x0800158e   0x0800158e   0x0000000a   Code   RO          926    i.can_software_reset  at32f45x_can.o
    0x08001598   0x08001598   0x0000000a   Code   RO          930    i.can_stb_transmit_mode_set  at32f45x_can.o
    0x080015a2   0x080015a2   0x0000001c   Code   RO          935    i.can_transmit_status_get  at32f45x_can.o
    0x080015be   0x080015be   0x00000050   Code   RO          949    i.can_txbuf_transmit  at32f45x_can.o
    0x0800160e   0x0800160e   0x00000002   PAD
    0x08001610   0x08001610   0x00000110   Code   RO          950    i.can_txbuf_write   at32f45x_can.o
    0x08001720   0x08001720   0x00000024   Code   RO         1327    i.crm_ahb_div_set   at32f45x_crm.o
    0x08001744   0x08001744   0x00000010   Code   RO         1328    i.crm_apb1_div_set  at32f45x_crm.o
    0x08001754   0x08001754   0x00000010   Code   RO         1329    i.crm_apb2_div_set  at32f45x_crm.o
    0x08001764   0x08001764   0x00000010   Code   RO         1330    i.crm_apb3_div_set  at32f45x_crm.o
    0x08001774   0x08001774   0x0000001c   Code   RO         1331    i.crm_auto_step_mode_enable  at32f45x_crm.o
    0x08001790   0x08001790   0x0000002c   Code   RO         1334    i.crm_can_clock_select  at32f45x_crm.o
    0x080017bc   0x080017bc   0x0000003c   Code   RO         1338    i.crm_clock_source_enable  at32f45x_crm.o
    0x080017f8   0x080017f8   0x00000024   Code   RO         1344    i.crm_flag_get      at32f45x_crm.o
    0x0800181c   0x0800181c   0x00000028   Code   RO         1347    i.crm_hext_stable_wait  at32f45x_crm.o
    0x08001844   0x08001844   0x00000028   Code   RO         1358    i.crm_periph_clock_enable  at32f45x_crm.o
    0x0800186c   0x0800186c   0x0000002c   Code   RO         1361    i.crm_pll_config    at32f45x_crm.o
    0x08001898   0x08001898   0x00000010   Code   RO         1363    i.crm_pllu_div_set  at32f45x_crm.o
    0x080018a8   0x080018a8   0x00000010   Code   RO         1364    i.crm_pllu_output_set  at32f45x_crm.o
    0x080018b8   0x080018b8   0x0000006c   Code   RO         1365    i.crm_reset         at32f45x_crm.o
    0x08001924   0x08001924   0x00000024   Code   RO         1366    i.crm_sysclk_switch  at32f45x_crm.o
    0x08001948   0x08001948   0x00000010   Code   RO         1367    i.crm_sysclk_switch_status_get  at32f45x_crm.o
    0x08001958   0x08001958   0x00000030   Code   RO         5018    i.delay_init        at32f45x_board.o
    0x08001988   0x08001988   0x0000004c   Code   RO         5019    i.delay_ms          at32f45x_board.o
    0x080019d4   0x080019d4   0x00000010   Code   RO         2405    i.flash_lock        at32f45x_flash.o
    0x080019e4   0x080019e4   0x00000028   Code   RO         2406    i.flash_operation_status_get  at32f45x_flash.o
    0x08001a0c   0x08001a0c   0x00000020   Code   RO         2407    i.flash_operation_wait_for  at32f45x_flash.o
    0x08001a2c   0x08001a2c   0x0000002c   Code   RO         2410    i.flash_sector_erase  at32f45x_flash.o
    0x08001a58   0x08001a58   0x00000018   Code   RO         2419    i.flash_unlock      at32f45x_flash.o
    0x08001a70   0x08001a70   0x00000024   Code   RO         2422    i.flash_word_program  at32f45x_flash.o
    0x08001a94   0x08001a94   0x00000014   Code   RO         2620    i.gpio_default_para_init  at32f45x_gpio.o
    0x08001aa8   0x08001aa8   0x00000064   Code   RO         2621    i.gpio_init         at32f45x_gpio.o
    0x08001b0c   0x08001b0c   0x00000028   Code   RO         2626    i.gpio_pin_mux_config  at32f45x_gpio.o
    0x08001b34   0x08001b34   0x000000f4   Code   RO          165    i.main              main.o
    0x08001c28   0x08001c28   0x00000022   Code   RO         2988    i.nvic_irq_disable  at32f45x_misc.o
    0x08001c4a   0x08001c4a   0x00000002   PAD
    0x08001c4c   0x08001c4c   0x00000078   Code   RO         2989    i.nvic_irq_enable   at32f45x_misc.o
    0x08001cc4   0x08001cc4   0x00000024   Code   RO         2991    i.nvic_priority_group_config  at32f45x_misc.o
    0x08001ce8   0x08001ce8   0x00000014   Code   RO         2993    i.nvic_vector_table_set  at32f45x_misc.o
    0x08001cfc   0x08001cfc   0x000000a0   Code   RO          323    i.system_clock_config  at32f45x_clock.o
    0x08001d9c   0x08001d9c   0x00000090   Code   RO           14    i.system_core_clock_update  system_at32f45x.o
    0x08001e2c   0x08001e2c   0x00000018   Code   RO         2994    i.systick_clock_source_config  at32f45x_misc.o
    0x08001e44   0x08001e44   0x0000000e   Code   RO         3768    i.tmr_base_init     at32f45x_tmr.o
    0x08001e52   0x08001e52   0x0000000a   Code   RO         3778    i.tmr_clock_source_div_set  at32f45x_tmr.o
    0x08001e5c   0x08001e5c   0x0000000a   Code   RO         3779    i.tmr_cnt_dir_set   at32f45x_tmr.o
    0x08001e66   0x08001e66   0x0000000a   Code   RO         3780    i.tmr_counter_enable  at32f45x_tmr.o
    0x08001e70   0x08001e70   0x00000006   Code   RO         3792    i.tmr_flag_clear    at32f45x_tmr.o
    0x08001e76   0x08001e76   0x00000016   Code   RO         3801    i.tmr_interrupt_enable  at32f45x_tmr.o
    0x08001e8c   0x08001e8c   0x00000014   Code   RO         3802    i.tmr_interrupt_flag_get  at32f45x_tmr.o
    0x08001ea0   0x08001ea0   0x0000000a   Code   RO         3815    i.tmr_period_buffer_enable  at32f45x_tmr.o
    0x08001eaa   0x08001eaa   0x0000000a   Code   RO         3818    i.tmr_primary_mode_select  at32f45x_tmr.o
    0x08001eb4   0x08001eb4   0x0000000a   Code   RO         3823    i.tmr_sub_sync_mode_set  at32f45x_tmr.o
    0x08001ebe   0x08001ebe   0x0000000a   Code   RO         5635    x$fpl$fpinit        fz_wm.l(fpinit.o)
    0x08001ec8   0x08001ec8   0x00000020   Data   RO           15    .constdata          system_at32f45x.o
    0x08001ee8   0x08001ee8   0x0000000e   Data   RO          168    .constdata          main.o
    0x08001ef6   0x08001ef6   0x00000010   Data   RO          951    .constdata          at32f45x_can.o
    0x08001f06   0x08001f06   0x00000002   PAD
    0x08001f08   0x08001f08   0x0000001e   Data   RO         5335    .constdata          iap.o
    0x08001f26   0x08001f26   0x00000002   PAD
    0x08001f28   0x08001f28   0x00000020   Data   RO         5689    Region$$Table       anon$$obj.o


    Execution Region RW_IRAM1 (Exec base: 0x20000004, Load base: 0x08001f48, Size: 0x00001254, Max: 0x00024000, ABSOLUTE)

    Exec Addr    Load Addr    Size         Type   Attr      Idx    E Section Name        Object

    0x20000004   0x08001f48   0x00000004   Data   RW           16    .data               system_at32f45x.o
    0x20000008   0x08001f4c   0x00000002   Data   RW          169    .data               main.o
    0x2000000a   0x08001f4e   0x00000002   PAD
    0x2000000c   0x08001f50   0x0000002c   Data   RW         5024    .data               at32f45x_board.o
    0x20000038   0x08001f7c   0x00000008   Data   RW         5219    .data               bl_can.o
    0x20000040   0x08001f84   0x00000006   Data   RW         5301    .data               variable.o
    0x20000046   0x08001f8a   0x00000011   Data   RW         5336    .data               iap.o
    0x20000057   0x08001f9b   0x00000001   PAD
    0x20000058        -       0x0000076c   Zero   RW         5218    .bss                bl_can.o
    0x200007c4        -       0x0000042d   Zero   RW         5333    .bss                iap.o
    0x20000bf1   0x08001f9b   0x00000003   PAD
    0x20000bf4        -       0x00000060   Zero   RW         5567    .bss                c_w.l(libspace.o)
    0x20000c54   0x08001f9b   0x00000004   PAD
    0x20000c58        -       0x00000200   Zero   RW            2    HEAP                startup_at32f45x.o
    0x20000e58        -       0x00000400   Zero   RW            1    STACK               startup_at32f45x.o



  Load Region LR$$.ARM.__AT_0x08006000 (Base: 0x08006000, Size: 0x00000000, Max: 0x00000004, ABSOLUTE)

    Execution Region ER$$.ARM.__AT_0x08006000 (Exec base: 0x08006000, Load base: 0x08006000, Size: 0x00000004, Max: 0x00000004, ABSOLUTE, UNINIT)

    Exec Addr    Load Addr    Size         Type   Attr      Idx    E Section Name        Object

    0x08006000        -       0x00000004   Zero   RW          166    .ARM.__AT_0x08006000  main.o



  Load Region LR$$.ARM.__AT_0x20000000 (Base: 0x20000000, Size: 0x00000000, Max: 0x00000004, ABSOLUTE)

    Execution Region ER$$.ARM.__AT_0x20000000 (Exec base: 0x20000000, Load base: 0x20000000, Size: 0x00000004, Max: 0x00000004, ABSOLUTE, UNINIT)

    Exec Addr    Load Addr    Size         Type   Attr      Idx    E Section Name        Object

    0x20000000        -       0x00000004   Zero   RW          167    .ARM.__AT_0x20000000  main.o


==============================================================================

Image component sizes


      Code (inc. data)   RO Data    RW Data    ZI Data      Debug   Object Name

       126         18          0         44          0       4177   at32f45x_board.o
      1310         18         16          0          0      14147   at32f45x_can.o
       160         12          0          0          0        602   at32f45x_clock.o
       568         88          0          0          0       9365   at32f45x_crm.o
       192         30          0          0          0       3915   at32f45x_flash.o
       160          0          0          0          0       2279   at32f45x_gpio.o
        16          0          0          0          0       3626   at32f45x_int.o
       234         22          0          0          0      33539   at32f45x_misc.o
       122          0          0          0          0       6244   at32f45x_tmr.o
      1088         60          0          8       1900       5928   bl_can.o
       160          6          0          0          0       1682   bsp_can.o
        82          0          0          0          0        565   bsp_tim.o
       138          0          0          0          0       2433   flash.o
      1092         90         30         17       1069      12699   iap.o
       300         52         14          2          8      34207   main.o
       176         32          0          0          0        766   parse_comdata.o
        64         26        480          0       1536        916   startup_at32f45x.o
       272         32         32          4          0      67748   system_at32f45x.o
       158          8          0          0          0       2264   system_config.o
        44          4          0          0          0       1074   universal_init.o
         0          0          0          6          0        733   variable.o

    ----------------------------------------------------------------------
      6482        498        608         84       4516     208909   Object Totals
         0          0         32          0          0          0   (incl. Generated)
        20          0          4          3          3          0   (incl. Padding)

    ----------------------------------------------------------------------

      Code (inc. data)   RO Data    RW Data    ZI Data      Debug   Library Member Name

         8          0          0          0          0         68   __main.o
         0          0          0          0          0          0   __rtentry.o
        12          0          0          0          0          0   __rtentry2.o
         6          0          0          0          0          0   __rtentry4.o
        52          8          0          0          0          0   __scatter.o
        26          0          0          0          0          0   __scatter_copy.o
        28          0          0          0          0          0   __scatter_zi.o
        16          0          0          0          0         68   aeabi_memset.o
        18          0          0          0          0         80   exit.o
         6          0          0          0          0        152   heapauxi.o
         2          0          0          0          0          0   libinit.o
         6          0          0          0          0          0   libinit2.o
         2          0          0          0          0          0   libshutdown.o
         2          0          0          0          0          0   libshutdown2.o
         8          4          0          0         96         68   libspace.o
       238          0          0          0          0        100   lludivv7m.o
        68          0          0          0          0         68   rt_memclr.o
        78          0          0          0          0         80   rt_memclr_w.o
       138          0          0          0          0         68   rt_memcpy_v6.o
       100          0          0          0          0         80   rt_memcpy_w.o
         2          0          0          0          0          0   rtexit.o
        10          0          0          0          0          0   rtexit2.o
        74          0          0          0          0         80   sys_stackheap_outer.o
         2          0          0          0          0         68   use_no_semi.o
         2          0          0          0          0         68   use_no_semi_2.o
        10          0          0          0          0        116   fpinit.o

    ----------------------------------------------------------------------
       918         12          0          0        100       1164   Library Totals
         4          0          0          0          4          0   (incl. Padding)

    ----------------------------------------------------------------------

      Code (inc. data)   RO Data    RW Data    ZI Data      Debug   Library Name

       904         12          0          0         96       1048   c_w.l
        10          0          0          0          0        116   fz_wm.l

    ----------------------------------------------------------------------
       918         12          0          0        100       1164   Library Totals

    ----------------------------------------------------------------------

==============================================================================


      Code (inc. data)   RO Data    RW Data    ZI Data      Debug   

      7400        510        608         84       4616     200005   Grand Totals
      7400        510        608         84       4616     200005   ELF Image Totals
      7400        510        608         84          0          0   ROM Totals

==============================================================================

    Total RO  Size (Code + RO Data)                 8008 (   7.82kB)
    Total RW  Size (RW Data + ZI Data)              4700 (   4.59kB)
    Total ROM Size (Code + RO Data + RW Data)       8092 (   7.90kB)

==============================================================================

